Archive member included to satisfy reference by file (symbol)

sources/libraries/arm_rts/libdatachannel/lib/libdatachannel.a(configuration.o)
                              _build_vvtk_I03S-debug/task_webrtc.o (rtc::IceServer::IceServer(std::__cxx11::basic_string<char, std::char_traits<char>, std::allocator<char> > const&))
sources/libraries/arm_rts/libdatachannel/lib/libdatachannel.a(utils.o)
                              sources/libraries/arm_rts/libdatachannel/lib/libdatachannel.a(configuration.o) (rtc::impl::utils::url_decode(std::__cxx11::basic_string<char, std::char_traits<char>, std::allocator<char> > const&))

Discarded input sections

 .note.GNU-stack
                0x0000000000000000        0x0 /home/it/Desktop/Camera/cam/rts39xx_sdk_v5.0.1/toolchain/tool/bin/../lib/gcc/arm-linux-uclibcgnueabi/10.3.1/../../../../arm-linux-uclibcgnueabi/lib/crt1.o
 .note.GNU-stack
                0x0000000000000000        0x0 /home/it/Desktop/Camera/cam/rts39xx_sdk_v5.0.1/toolchain/tool/bin/../lib/gcc/arm-linux-uclibcgnueabi/10.3.1/../../../../arm-linux-uclibcgnueabi/lib/crti.o
 .note.GNU-stack
                0x0000000000000000        0x0 /home/it/Desktop/Camera/cam/rts39xx_sdk_v5.0.1/toolchain/tool/bin/../lib/gcc/arm-linux-uclibcgnueabi/10.3.1/crtbegin.o
 .debug_info    0x0000000000000000     0x4d71 _build_vvtk_I03S-debug/ak.o
 .debug_abbrev  0x0000000000000000      0x5b9 _build_vvtk_I03S-debug/ak.o
 .debug_loc     0x0000000000000000     0x3fd7 _build_vvtk_I03S-debug/ak.o
 .debug_aranges
                0x0000000000000000       0x28 _build_vvtk_I03S-debug/ak.o
 .debug_ranges  0x0000000000000000      0xdb0 _build_vvtk_I03S-debug/ak.o
 .debug_line    0x0000000000000000     0x2156 _build_vvtk_I03S-debug/ak.o
 .debug_str     0x0000000000000000     0x204c _build_vvtk_I03S-debug/ak.o
 .note.GNU-stack
                0x0000000000000000        0x0 _build_vvtk_I03S-debug/ak.o
 .debug_frame   0x0000000000000000      0x5ac _build_vvtk_I03S-debug/ak.o
 .debug_info    0x0000000000000000      0xc3a _build_vvtk_I03S-debug/message.o
 .debug_abbrev  0x0000000000000000      0x2c9 _build_vvtk_I03S-debug/message.o
 .debug_loc     0x0000000000000000      0x1dd _build_vvtk_I03S-debug/message.o
 .debug_aranges
                0x0000000000000000       0x20 _build_vvtk_I03S-debug/message.o
 .debug_line    0x0000000000000000      0x54b _build_vvtk_I03S-debug/message.o
 .debug_str     0x0000000000000000      0x58e _build_vvtk_I03S-debug/message.o
 .note.GNU-stack
                0x0000000000000000        0x0 _build_vvtk_I03S-debug/message.o
 .debug_frame   0x0000000000000000       0xb8 _build_vvtk_I03S-debug/message.o
 .debug_info    0x0000000000000000     0x1708 _build_vvtk_I03S-debug/timer.o
 .debug_abbrev  0x0000000000000000      0x59e _build_vvtk_I03S-debug/timer.o
 .debug_loc     0x0000000000000000      0x42e _build_vvtk_I03S-debug/timer.o
 .debug_aranges
                0x0000000000000000       0x20 _build_vvtk_I03S-debug/timer.o
 .debug_line    0x0000000000000000      0x994 _build_vvtk_I03S-debug/timer.o
 .debug_str     0x0000000000000000      0xecf _build_vvtk_I03S-debug/timer.o
 .note.GNU-stack
                0x0000000000000000        0x0 _build_vvtk_I03S-debug/timer.o
 .debug_frame   0x0000000000000000      0x100 _build_vvtk_I03S-debug/timer.o
 .debug_info    0x0000000000000000      0x914 _build_vvtk_I03S-debug/fsm.o
 .debug_abbrev  0x0000000000000000      0x1e3 _build_vvtk_I03S-debug/fsm.o
 .debug_loc     0x0000000000000000       0x4a _build_vvtk_I03S-debug/fsm.o
 .debug_aranges
                0x0000000000000000       0x20 _build_vvtk_I03S-debug/fsm.o
 .debug_line    0x0000000000000000      0x30c _build_vvtk_I03S-debug/fsm.o
 .debug_str     0x0000000000000000      0x3dd _build_vvtk_I03S-debug/fsm.o
 .note.GNU-stack
                0x0000000000000000        0x0 _build_vvtk_I03S-debug/fsm.o
 .debug_frame   0x0000000000000000       0x20 _build_vvtk_I03S-debug/fsm.o
 .debug_info    0x0000000000000000      0xa83 _build_vvtk_I03S-debug/tsm.o
 .debug_abbrev  0x0000000000000000      0x25e _build_vvtk_I03S-debug/tsm.o
 .debug_loc     0x0000000000000000      0x1b3 _build_vvtk_I03S-debug/tsm.o
 .debug_aranges
                0x0000000000000000       0x20 _build_vvtk_I03S-debug/tsm.o
 .debug_line    0x0000000000000000      0x3de _build_vvtk_I03S-debug/tsm.o
 .debug_str     0x0000000000000000      0x4b3 _build_vvtk_I03S-debug/tsm.o
 .note.GNU-stack
                0x0000000000000000        0x0 _build_vvtk_I03S-debug/tsm.o
 .debug_frame   0x0000000000000000       0x60 _build_vvtk_I03S-debug/tsm.o
 .debug_info    0x0000000000000000      0xa9e _build_vvtk_I03S-debug/sys_dbg.o
 .debug_abbrev  0x0000000000000000      0x28c _build_vvtk_I03S-debug/sys_dbg.o
 .debug_loc     0x0000000000000000       0x9d _build_vvtk_I03S-debug/sys_dbg.o
 .debug_aranges
                0x0000000000000000       0x20 _build_vvtk_I03S-debug/sys_dbg.o
 .debug_line    0x0000000000000000      0x479 _build_vvtk_I03S-debug/sys_dbg.o
[...]
Memory Configuration

Name             Origin             Length             Attributes
*default*        0x0000000000000000 0xffffffffffffffff

Linker script and memory map

LOAD /home/it/Desktop/Camera/cam/rts39xx_sdk_v5.0.1/toolchain/tool/bin/../lib/gcc/arm-linux-uclibcgnueabi/10.3.1/../../../../arm-linux-uclibcgnueabi/lib/crt1.o
LOAD /home/it/Desktop/Camera/cam/rts39xx_sdk_v5.0.1/toolchain/tool/bin/../lib/gcc/arm-linux-uclibcgnueabi/10.3.1/../../../../arm-linux-uclibcgnueabi/lib/crti.o
LOAD /home/it/Desktop/Camera/cam/rts39xx_sdk_v5.0.1/toolchain/tool/bin/../lib/gcc/arm-linux-uclibcgnueabi/10.3.1/crtbegin.o
LOAD _build_vvtk_I03S-debug/ak.o
LOAD _build_vvtk_I03S-debug/message.o
LOAD _build_vvtk_I03S-debug/timer.o
LOAD _build_vvtk_I03S-debug/fsm.o
LOAD _build_vvtk_I03S-debug/tsm.o
LOAD _build_vvtk_I03S-debug/sys_dbg.o
LOAD _build_vvtk_I03S-debug/stream.o
LOAD _build_vvtk_I03S-debug/helpers.o
LOAD _build_vvtk_I03S-debug/h264fileparser.o
LOAD _build_vvtk_I03S-debug/dispatchqueue.o
LOAD _build_vvtk_I03S-debug/fileparser.o
LOAD _build_vvtk_I03S-debug/UsrDataChannelHdl.o
LOAD _build_vvtk_I03S-debug/parser_json.o
LOAD _build_vvtk_I03S-debug/app.o
LOAD _build_vvtk_I03S-debug/task_list.o
LOAD _build_vvtk_I03S-debug/task_webrtc.o
LOAD _build_vvtk_I03S-debug/cmd_line.o
LOAD _build_vvtk_I03S-debug/jsmn.o
LOAD _build_vvtk_I03S-debug/utils.o
LOAD _build_vvtk_I03S-debug/fifo.o
LOAD sources/libraries/arm_rts/lib/libmosquittopp.a
LOAD sources/libraries/arm_rts/lib/libmosquitto.a
LOAD sources/libraries/arm_rts/libdatachannel/lib/libdatachannel.a
LOAD sources/libraries/arm_rts/libdatachannel/lib/libjuice.a
LOAD sources/libraries/arm_rts/libdatachannel/lib/libsrtp2.a
LOAD sources/libraries/arm_rts/libdatachannel/lib/libusrsctp.a
LOAD sources/libraries/arm_rts/lib/libs3.a
LOAD /home/it/Desktop/Camera/cam/rts39xx_sdk_v5.0.1/toolchain/tool/bin/../lib/gcc/arm-linux-uclibcgnueabi/10.3.1/../../../../arm-linux-uclibcgnueabi/lib/libpthread.a
LOAD /home/it/Desktop/Camera/cam/rts39xx_sdk_v5.0.1/toolchain/tool/bin/../lib/gcc/arm-linux-uclibcgnueabi/10.3.1/../../../../arm-linux-uclibcgnueabi/lib/librt.a
LOAD sources/libraries/arm_rts/lib/libcurl.so
LOAD sources/libraries/arm_rts/lib/libcrypto.so
LOAD sources/libraries/arm_rts/lib/libssl.so
LOAD /home/it/Desktop/Camera/cam/rts39xx_sdk_v5.0.1/toolchain/tool/bin/../lib/gcc/arm-linux-uclibcgnueabi/10.3.1/../../../../arm-linux-uclibcgnueabi/lib/libm.a
LOAD sources/libraries/libvvtk/lib/libvvtkhal.so
LOAD /home/it/Desktop/Camera/cam/rts39xx_sdk_v5.0.1/toolchain/tool/bin/../lib/gcc/arm-linux-uclibcgnueabi/10.3.1/../../../../arm-linux-uclibcgnueabi/lib/libstdc++.so
LOAD /home/it/Desktop/Camera/cam/rts39xx_sdk_v5.0.1/toolchain/tool/bin/../lib/gcc/arm-linux-uclibcgnueabi/10.3.1/../../../../arm-linux-uclibcgnueabi/lib/libm.a
LOAD /home/it/Desktop/Camera/cam/rts39xx_sdk_v5.0.1/toolchain/tool/bin/../lib/gcc/arm-linux-uclibcgnueabi/10.3.1/../../../../arm-linux-uclibcgnueabi/lib/libgcc_s.so
START GROUP
LOAD /home/it/Desktop/Camera/cam/rts39xx_sdk_v5.0.1/toolchain/tool/bin/../lib/gcc/arm-linux-uclibcgnueabi/10.3.1/../../../../arm-linux-uclibcgnueabi/lib/libgcc_s.so.1
LOAD /home/it/Desktop/Camera/cam/rts39xx_sdk_v5.0.1/toolchain/tool/bin/../lib/gcc/arm-linux-uclibcgnueabi/10.3.1/libgcc.a
END GROUP
LOAD /home/it/Desktop/Camera/cam/rts39xx_sdk_v5.0.1/toolchain/tool/bin/../lib/gcc/arm-linux-uclibcgnueabi/10.3.1/libgcc.a
LOAD /home/it/Desktop/Camera/cam/rts39xx_sdk_v5.0.1/toolchain/tool/bin/../lib/gcc/arm-linux-uclibcgnueabi/10.3.1/../../../../arm-linux-uclibcgnueabi/lib/libc.so
START GROUP
LOAD /home/it/Desktop/Camera/cam/rts39xx_sdk_v5.0.1/toolchain/tool/bin/../lib/gcc/arm-linux-uclibcgnueabi/10.3.1/../../../../arm-linux-uclibcgnueabi/lib/libc.so.1
LOAD /home/it/Desktop/Camera/cam/rts39xx_sdk_v5.0.1/toolchain/tool/bin/../lib/gcc/arm-linux-uclibcgnueabi/10.3.1/../../../../arm-linux-uclibcgnueabi/lib/uclibc_nonshared.a
LOAD /home/it/Desktop/Camera/cam/rts39xx_sdk_v5.0.1/toolchain/tool/bin/../lib/gcc/arm-linux-uclibcgnueabi/10.3.1/../../../../arm-linux-uclibcgnueabi/lib/libpthread_nonshared.a
LOAD /home/it/Desktop/Camera/cam/rts39xx_sdk_v5.0.1/toolchain/tool/bin/../lib/gcc/arm-linux-uclibcgnueabi/10.3.1/../../../../arm-linux-uclibcgnueabi/lib/ld-uClibc.so.1
END GROUP
LOAD /home/it/Desktop/Camera/cam/rts39xx_sdk_v5.0.1/toolchain/tool/bin/../lib/gcc/arm-linux-uclibcgnueabi/10.3.1/../../../../arm-linux-uclibcgnueabi/lib/libgcc_s.so
START GROUP
LOAD /home/it/Desktop/Camera/cam/rts39xx_sdk_v5.0.1/toolchain/tool/bin/../lib/gcc/arm-linux-uclibcgnueabi/10.3.1/../../../../arm-linux-uclibcgnueabi/lib/libgcc_s.so.1
LOAD /home/it/Desktop/Camera/cam/rts39xx_sdk_v5.0.1/toolchain/tool/bin/../lib/gcc/arm-linux-uclibcgnueabi/10.3.1/libgcc.a
END GROUP
LOAD /home/it/Desktop/Camera/cam/rts39xx_sdk_v5.0.1/toolchain/tool/bin/../lib/gcc/arm-linux-uclibcgnueabi/10.3.1/libgcc.a
LOAD /home/it/Desktop/Camera/cam/rts39xx_sdk_v5.0.1/toolchain/tool/bin/../lib/gcc/arm-linux-uclibcgnueabi/10.3.1/crtend.o
LOAD /home/it/Desktop/Camera/cam/rts39xx_sdk_v5.0.1/toolchain/tool/bin/../lib/gcc/arm-linux-uclibcgnueabi/10.3.1/../../../../arm-linux-uclibcgnueabi/lib/crtn.o
                [!provide]                        PROVIDE (__executable_start = SEGMENT_START ("text-segment", 0x10000))
                0x0000000000010154                . = (SEGMENT_START ("text-segment", 0x10000) + SIZEOF_HEADERS)

.interp         0x0000000000010154       0x14
 *(.interp)
 .interp        0x0000000000010154       0x14 /home/it/Desktop/Camera/cam/rts39xx_sdk_v5.0.1/toolchain/tool/bin/../lib/gcc/arm-linux-uclibcgnueabi/10.3.1/../../../../arm-linux-uclibcgnueabi/lib/crt1.o

.note.gnu.build-id
                0x0000000000010168       0x24
 *(.note.gnu.build-id)
 .note.gnu.build-id
                0x0000000000010168       0x24 linker stubs

.hash           0x000000000001018c      0x6a4
 *(.hash)
 .hash          0x000000000001018c      0x6a4 /home/it/Desktop/Camera/cam/rts39xx_sdk_v5.0.1/toolchain/tool/bin/../lib/gcc/arm-linux-uclibcgnueabi/10.3.1/../../../../arm-linux-uclibcgnueabi/lib/crt1.o

.gnu.hash       0x0000000000010830      0x74c
 *(.gnu.hash)
 .gnu.hash      0x0000000000010830      0x74c /home/it/Desktop/Camera/cam/rts39xx_sdk_v5.0.1/toolchain/tool/bin/../lib/gcc/arm-linux-uclibcgnueabi/10.3.1/../../../../arm-linux-uclibcgnueabi/lib/crt1.o

.dynsym         0x0000000000010f7c      0xe20
 *(.dynsym)
 .dynsym        0x0000000000010f7c      0xe20 /home/it/Desktop/Camera/cam/rts39xx_sdk_v5.0.1/toolchain/tool/bin/../lib/gcc/arm-linux-uclibcgnueabi/10.3.1/../../../../arm-linux-uclibcgnueabi/lib/crt1.o

.dynstr         0x0000000000011d9c     0x1afc
 *(.dynstr)
 .dynstr        0x0000000000011d9c     0x1afc /home/it/Desktop/Camera/cam/rts39xx_sdk_v5.0.1/toolchain/tool/bin/../lib/gcc/arm-linux-uclibcgnueabi/10.3.1/../../../../arm-linux-uclibcgnueabi/lib/crt1.o

.gnu.version    0x0000000000013898      0x1c4
 *(.gnu.version)
 .gnu.version   0x0000000000013898      0x1c4 /home/it/Desktop/Camera/cam/rts39xx_sdk_v5.0.1/toolchain/tool/bin/../lib/gcc/arm-linux-uclibcgnueabi/10.3.1/../../../../arm-linux-uclibcgnueabi/lib/crt1.o

.gnu.version_d  0x0000000000013a5c        0x0
 *(.gnu.version_d)
 .gnu.version_d
                0x0000000000013a5c        0x0 /home/it/Desktop/Camera/cam/rts39xx_sdk_v5.0.1/toolchain/tool/bin/../lib/gcc/arm-linux-uclibcgnueabi/10.3.1/../../../../arm-linux-uclibcgnueabi/lib/crt1.o

.gnu.version_r  0x0000000000013a5c      0x110
 *(.gnu.version_r)
 .gnu.version_r
                0x0000000000013a5c      0x110 /home/it/Desktop/Camera/cam/rts39xx_sdk_v5.0.1/toolchain/tool/bin/../lib/gcc/arm-linux-uclibcgnueabi/10.3.1/../../../../arm-linux-uclibcgnueabi/lib/crt1.o

.rel.dyn        0x0000000000013b6c      0x110
 *(.rel.init)
 *(.rel.text .rel.text.* .rel.gnu.linkonce.t.*)
 *(.rel.fini)
 *(.rel.rodata .rel.rodata.* .rel.gnu.linkonce.r.*)
 *(.rel.data.rel.ro .rel.data.rel.ro.* .rel.gnu.linkonce.d.rel.ro.*)
 .rel.data.rel.ro
                0x0000000000013b6c       0x68 /home/it/Desktop/Camera/cam/rts39xx_sdk_v5.0.1/toolchain/tool/bin/../lib/gcc/arm-linux-uclibcgnueabi/10.3.1/../../../../arm-linux-uclibcgnueabi/lib/crt1.o
 *(.rel.data .rel.data.* .rel.gnu.linkonce.d.*)
 *(.rel.tdata .rel.tdata.* .rel.gnu.linkonce.td.*)
 *(.rel.tbss .rel.tbss.* .rel.gnu.linkonce.tb.*)
 *(.rel.ctors)
 *(.rel.dtors)
 *(.rel.got)
 .rel.got       0x0000000000013bd4       0xa0 /home/it/Desktop/Camera/cam/rts39xx_sdk_v5.0.1/toolchain/tool/bin/../lib/gcc/arm-linux-uclibcgnueabi/10.3.1/../../../../arm-linux-uclibcgnueabi/lib/crt1.o
 *(.rel.bss .rel.bss.* .rel.gnu.linkonce.b.*)
 .rel.bss       0x0000000000013c74        0x8 /home/it/Desktop/Camera/cam/rts39xx_sdk_v5.0.1/toolchain/tool/bin/../lib/gcc/arm-linux-uclibcgnueabi/10.3.1/../../../../arm-linux-uclibcgnueabi/lib/crt1.o
                [!provide]                        PROVIDE (__rel_iplt_start = .)
 *(.rel.iplt)
 .rel.iplt      0x0000000000013c7c        0x0 /home/it/Desktop/Camera/cam/rts39xx_sdk_v5.0.1/toolchain/tool/bin/../lib/gcc/arm-linux-uclibcgnueabi/10.3.1/../../../../arm-linux-uclibcgnueabi/lib/crt1.o
                [!provide]                        PROVIDE (__rel_iplt_end = .)

.rela.dyn       0x0000000000013c7c        0x0
 *(.rela.init)
 *(.rela.text .rela.text.* .rela.gnu.linkonce.t.*)
 *(.rela.fini)
 *(.rela.rodata .rela.rodata.* .rela.gnu.linkonce.r.*)
 *(.rela.data .rela.data.* .rela.gnu.linkonce.d.*)
 *(.rela.tdata .rela.tdata.* .rela.gnu.linkonce.td.*)
 *(.rela.tbss .rela.tbss.* .rela.gnu.linkonce.tb.*)
 *(.rela.ctors)
 *(.rela.dtors)
 *(.rela.got)
 *(.rela.bss .rela.bss.* .rela.gnu.linkonce.b.*)
                [!provide]                        PROVIDE (__rela_iplt_start = .)
 *(.rela.iplt)
                [!provide]                        PROVIDE (__rela_iplt_end = .)

.rel.plt        0x0000000000013c7c      0x5a8
 *(.rel.plt)
 .rel.plt       0x0000000000013c7c      0x5a8 /home/it/Desktop/Camera/cam/rts39xx_sdk_v5.0.1/toolchain/tool/bin/../lib/gcc/arm-linux-uclibcgnueabi/10.3.1/../../../../arm-linux-uclibcgnueabi/lib/crt1.o

.rela.plt
 *(.rela.plt)

.init           0x0000000000014224       0x10
 *(SORT_NONE(.init))
 .init          0x0000000000014224        0xc /home/it/Desktop/Camera/cam/rts39xx_sdk_v5.0.1/toolchain/tool/bin/../lib/gcc/arm-linux-uclibcgnueabi/10.3.1/../../../../arm-linux-uclibcgnueabi/lib/crti.o
                0x0000000000014224                _init
 .init          0x0000000000014230        0x4 /home/it/Desktop/Camera/cam/rts39xx_sdk_v5.0.1/toolchain/tool/bin/../lib/gcc/arm-linux-uclibcgnueabi/10.3.1/../../../../arm-linux-uclibcgnueabi/lib/crtn.o

.plt            0x0000000000014234      0x890
 *(.plt)
 .plt           0x0000000000014234      0x890 /home/it/Desktop/Camera/cam/rts39xx_sdk_v5.0.1/toolchain/tool/bin/../lib/gcc/arm-linux-uclibcgnueabi/10.3.1/../../../../arm-linux-uclibcgnueabi/lib/crt1.o
                0x0000000000014248                std::ostream::put(char)@@GLIBCXX_3.4
                0x0000000000014254                pthread_cond_signal
                0x0000000000014260                pthread_attr_setschedpolicy
                0x000000000001426c                operator new(unsigned int)@@GLIBCXX_3.4
                0x0000000000014278                std::chrono::_V2::system_clock::now()@@GLIBCXX_3.4.19
                0x0000000000014284                syscall
                0x0000000000014290                __aeabi_uldivmod@@GCC_3.5
                0x000000000001429c                strncpy
                0x00000000000142a8                std::__cxx11::basic_stringbuf<char, std::char_traits<char>, std::allocator<char> >::_M_sync(char*, unsigned int, unsigned int)@@GLIBCXX_3.4.21
                0x00000000000142b4                execve
                0x00000000000142c0                exit
                0x00000000000142cc                std::_Rb_tree_insert_and_rebalance(bool, std::_Rb_tree_node_base*, std::_Rb_tree_node_base*, std::_Rb_tree_node_base&)@@GLIBCXX_3.4
                0x00000000000142d8                strlen
                0x00000000000142e4                __aeabi_atexit@@CXXABI_ARM_1.3.3
                0x00000000000142f0                printf
                0x00000000000142fc                std::basic_fstream<char, std::char_traits<char> >::~basic_fstream()@@GLIBCXX_3.4
                0x0000000000014308                std::basic_filebuf<char, std::char_traits<char> >::close()@@GLIBCXX_3.4
                0x0000000000014314                std::__basic_file<char>::is_open() const@@GLIBCXX_3.4
                0x0000000000014320                free
                0x000000000001432c                abort
                0x0000000000014338                memmove
                0x0000000000014344                std::__cxx11::basic_ostringstream<char, std::char_traits<char>, std::allocator<char> >::~basic_ostringstream()@@GLIBCXX_3.4.21
                0x0000000000014350                std::basic_ifstream<char, std::char_traits<char> >::~basic_ifstream()@@GLIBCXX_3.4
                0x000000000001435c                std::terminate()@@GLIBCXX_3.4
                0x0000000000014368                std::__cxx11::basic_string<char, std::char_traits<char>, std::allocator<char> >::compare(char const*) const@@GLIBCXX_3.4.21
                0x0000000000014374                std::ios_base::ios_base()@@GLIBCXX_3.4
                0x0000000000014380                fork
                0x000000000001438c                std::__throw_regex_error(std::regex_constants::error_type)@@GLIBCXX_3.4.15
                0x0000000000014398                std::ios_base::~ios_base()@@GLIBCXX_3.4
                0x00000000000143a4                pthread_create
                0x00000000000143b0                std::__throw_bad_alloc()@@GLIBCXX_3.4
                0x00000000000143bc                std::__throw_bad_function_call()@@GLIBCXX_3.4.14
                0x00000000000143c8                strtoull
                0x00000000000143d4                std::runtime_error::runtime_error(char const*)@@GLIBCXX_3.4.21
                0x00000000000143e0                strtok
                0x00000000000143ec                std::__cxx11::basic_string<char, std::char_traits<char>, std::allocator<char> >::_M_replace(unsigned int, unsigned int, char const*, unsigned int)@@GLIBCXX_3.4.21
                0x00000000000143f8                __cxa_begin_catch@@CXXABI_1.3
                0x0000000000014404                std::ctype<char> const& std::use_facet<std::ctype<char> >(std::locale const&)@@GLIBCXX_3.4
                0x0000000000014410                std::__cxx11::basic_string<char, std::char_traits<char>, std::allocator<char> >::reserve(unsigned int)@@GLIBCXX_3.4.21
                0x000000000001441c                std::runtime_error::runtime_error(std::runtime_error const&)@@GLIBCXX_3.4.21
                0x0000000000014428                std::thread::_State::~_State()@@GLIBCXX_3.4.22
                0x0000000000014434                std::__cxx11::basic_istringstream<char, std::char_traits<char>, std::allocator<char> >::~basic_istringstream()@@GLIBCXX_3.4.21
                0x0000000000014440                __cxa_allocate_exception@@CXXABI_1.3
                0x000000000001444c                __uClibc_main
                0x0000000000014458                std::condition_variable::notify_one()@@GLIBCXX_3.4.11
                0x0000000000014464                pthread_self
                0x0000000000014470                std::__cxx11::basic_string<char, std::char_traits<char>, std::allocator<char> >::_M_replace_aux(unsigned int, unsigned int, unsigned int, char)@@GLIBCXX_3.4.21
                0x000000000001447c                std::locale::id::_M_id() const@@GLIBCXX_3.4
                0x0000000000014488                std::__throw_length_error(char const*)@@GLIBCXX_3.4
                0x0000000000014494                std::__cxx11::basic_string<char, std::char_traits<char>, std::allocator<char> >::_M_assign(std::__cxx11::basic_string<char, std::char_traits<char>, std::allocator<char> > const&)@@GLIBCXX_3.4.21
                0x00000000000144a0                isxdigit
                0x00000000000144ac                sleep
                0x00000000000144b8                std::__cxx11::basic_string<char, std::char_traits<char>, std::allocator<char> >::basic_string(std::__cxx11::basic_string<char, std::char_traits<char>, std::allocator<char> >&&)@@GLIBCXX_3.4.21
                0x00000000000144d0                snprintf
                0x00000000000144dc                vsprintf
                0x00000000000144e8                std::_Rb_tree_rebalance_for_erase(std::_Rb_tree_node_base*, std::_Rb_tree_node_base&)@@GLIBCXX_3.4
                0x00000000000144f4                std::__throw_invalid_argument(char const*)@@GLIBCXX_3.4
                0x0000000000014500                std::__cxx11::basic_string<char, std::char_traits<char>, std::allocator<char> >::~basic_string()@@GLIBCXX_3.4.21
                0x000000000001450c                std::locale::locale(std::locale const&)@@GLIBCXX_3.4
                0x0000000000014518                __cxa_guard_abort@@CXXABI_1.3
                0x0000000000014524                __cxa_guard_release@@CXXABI_1.3
                0x0000000000014530                std::__throw_system_error(int)@@GLIBCXX_3.4.11
                0x000000000001453c                std::ostream::flush()@@GLIBCXX_3.4
                0x0000000000014548                strcmp
                0x0000000000014554                operator delete(void*, unsigned int)@@CXXABI_1.3.9
                0x0000000000014560                std::_Rb_tree_increment(std::_Rb_tree_node_base*)@@GLIBCXX_3.4
                0x000000000001456c                std::__throw_logic_error(char const*)@@GLIBCXX_3.4
                0x0000000000014578                __cxa_free_exception@@CXXABI_1.3
                0x0000000000014584                std::_Hash_bytes(void const*, unsigned int, unsigned int)@@CXXABI_1.3.5
                0x0000000000014590                pthread_mutex_unlock
                0x000000000001459c                std::__cxx11::basic_string<char, std::char_traits<char>, std::allocator<char> >::insert(unsigned int, char const*)@@GLIBCXX_3.4.21
                0x00000000000145a8                operator new[](unsigned int)@@GLIBCXX_3.4
                0x00000000000145b4                pthread_attr_init
                0x00000000000145c0                memset
                0x00000000000145cc                std::__cxx11::basic_string<char, std::char_traits<char>, std::allocator<char> >::push_back(char)@@GLIBCXX_3.4.21
                0x00000000000145d8                std::basic_filebuf<char, std::char_traits<char> >::open(char const*, std::_Ios_Openmode)@@GLIBCXX_3.4
                0x00000000000145e4                std::__cxx11::collate<char> const& std::use_facet<std::__cxx11::collate<char> >(std::locale const&)@@GLIBCXX_3.4.21
                0x00000000000145f0                std::thread::_M_start_thread(std::unique_ptr<std::thread::_State, std::default_delete<std::thread::_State> >, void (*)())@@GLIBCXX_3.4.22
                0x00000000000145fc                fopen
                0x0000000000014608                __pthread_key_create
                0x0000000000014614                pthread_cond_init
                0x0000000000014620                strcpy
                0x000000000001462c                __errno_location
                0x0000000000014638                std::random_device::_M_fini()@@GLIBCXX_3.4.18
                0x0000000000014644                time
                0x0000000000014650                fwrite
                0x000000000001465c                pthread_mutex_lock
                0x0000000000014668                std::__cxx11::basic_string<char, std::char_traits<char>, std::allocator<char> >::_M_append(char const*, unsigned int)@@GLIBCXX_3.4.21
                0x0000000000014674                memcmp
                0x0000000000014680                std::runtime_error::~runtime_error()@@GLIBCXX_3.4
                0x000000000001468c                std::istream& std::istream::_M_extract<long>(long&)@@GLIBCXX_3.4.9
                0x0000000000014698                std::__cxx11::basic_string<char, std::char_traits<char>, std::allocator<char> >::_M_construct(unsigned int, char)@@GLIBCXX_3.4.21
                0x00000000000146a4                std::type_info::operator==(std::type_info const&) const@@GLIBCXX_3.4
                0x00000000000146b0                std::basic_filebuf<char, std::char_traits<char> >::basic_filebuf()@@GLIBCXX_3.4
                0x00000000000146bc                std::_Rb_tree_decrement(std::_Rb_tree_node_base*)@@GLIBCXX_3.4
                0x00000000000146c8                fsync
                0x00000000000146d4                strftime
                0x00000000000146e0                std::locale::operator=(std::locale const&)@@GLIBCXX_3.4
                0x00000000000146ec                memmem
                0x00000000000146f8                __cxa_end_cleanup@@CXXABI_1.3
                0x0000000000014704                strtod
                0x0000000000014710                strtol
                0x000000000001471c                __dynamic_cast@@CXXABI_1.3
                0x0000000000014728                timer_settime
                0x0000000000014734                std::ctype<char>::_M_widen_init() const@@GLIBCXX_3.4.11
                0x0000000000014740                malloc
                0x000000000001474c                std::_Rb_tree_increment(std::_Rb_tree_node_base const*)@@GLIBCXX_3.4
                0x0000000000014758                gettimeofday
                0x0000000000014764                pread
                0x0000000000014770                std::__cxx11::basic_string<char, std::char_traits<char>, std::allocator<char> >::_M_dispose()@@GLIBCXX_3.4.21
                0x000000000001477c                std::__detail::_Prime_rehash_policy::_M_need_rehash(unsigned int, unsigned int, unsigned int) const@@GLIBCXX_3.4.18
                0x0000000000014788                pthread_cond_wait
                0x0000000000014794                localeconv
                0x00000000000147a0                std::__throw_bad_cast()@@GLIBCXX_3.4
                0x00000000000147ac                fstat
                0x00000000000147b8                memcpy
                0x00000000000147c4                usleep
                0x00000000000147d0                operator delete[](void*)@@GLIBCXX_3.4
                0x00000000000147dc                std::basic_ostream<char, std::char_traits<char> >& std::__ostream_insert<char, std::char_traits<char> >(std::basic_ostream<char, std::char_traits<char> >&, char const*, int)@@GLIBCXX_3.4.9
                0x00000000000147e8                popen
                0x00000000000147f4                pclose
                0x0000000000014800                timer_create
                0x000000000001480c                strtoll
                0x0000000000014818                localtime
                0x0000000000014824                std::basic_ios<char, std::char_traits<char> >::init(std::basic_streambuf<char, std::char_traits<char> >*)@@GLIBCXX_3.4
                0x0000000000014830                waitpid
                0x000000000001483c                fileno
                0x0000000000014848                std::runtime_error::what() const@@GLIBCXX_3.4
                0x0000000000014854                std::random_device::_M_getval()@@GLIBCXX_3.4.18
                0x0000000000014860                std::condition_variable::condition_variable()@@GLIBCXX_3.4.11
                0x000000000001486c                std::locale::~locale()@@GLIBCXX_3.4
                0x0000000000014884                std::__throw_out_of_range(char const*)@@GLIBCXX_3.4
                0x0000000000014890                closedir
                0x000000000001489c                __cxa_rethrow@@CXXABI_1.3
                0x00000000000148a8                std::__throw_out_of_range_fmt(char const*, ...)@@GLIBCXX_3.4.20
                0x00000000000148b4                open
                0x00000000000148c0                std::ios_base::Init::Init()@@GLIBCXX_3.4
                0x00000000000148cc                opendir
                0x00000000000148d8                std::basic_filebuf<char, std::char_traits<char> >::~basic_filebuf()@@GLIBCXX_3.4
                0x00000000000148e4                access
                0x00000000000148f0                sprintf
                0x00000000000148fc                std::condition_variable::wait(std::unique_lock<std::mutex>&)@@GLIBCXX_3.4.11
                0x0000000000014908                std::__cxx11::basic_string<char, std::char_traits<char>, std::allocator<char> >::resize(unsigned int, char)@@GLIBCXX_3.4.21
                0x0000000000014914                std::__detail::_Prime_rehash_policy::_M_next_bkt(unsigned int) const@@GLIBCXX_3.4.18
                0x0000000000014920                fclose
                0x000000000001492c                __cxa_end_catch@@CXXABI_1.3
                0x0000000000014938                __gxx_personality_v0@@CXXABI_1.3
                0x0000000000014944                stat
                0x0000000000014950                readdir
                0x000000000001495c                close
                0x0000000000014968                fgets
                0x0000000000014974                pthread_attr_setschedparam
                0x0000000000014980                std::random_device::_M_init(std::__cxx11::basic_string<char, std::char_traits<char>, std::allocator<char> > const&)@@GLIBCXX_3.4.21
                0x000000000001498c                std::basic_ios<char, std::char_traits<char> >::clear(std::_Ios_Iostate)@@GLIBCXX_3.4
                0x0000000000014998                strchr
                0x00000000000149a4                std::__cxx11::basic_string<char, std::char_traits<char>, std::allocator<char> >::find(char const*, unsigned int, unsigned int) const@@GLIBCXX_3.4.21
                0x00000000000149b0                std::condition_variable::notify_all()@@GLIBCXX_3.4.11
                0x00000000000149bc                std::thread::join()@@GLIBCXX_3.4.11
                0x00000000000149c8                __cxa_throw@@CXXABI_1.3
                0x00000000000149d4                std::__cxx11::basic_string<char, std::char_traits<char>, std::allocator<char> >::_M_create(unsigned int&, unsigned int)@@GLIBCXX_3.4.21
                0x00000000000149e0                std::invalid_argument::invalid_argument(std::__cxx11::basic_string<char, std::char_traits<char>, std::allocator<char> > const&)@@GLIBCXX_3.4.21
                0x00000000000149ec                std::__cxx11::basic_string<char, std::char_traits<char>, std::allocator<char> >::rfind(char, unsigned int) const@@GLIBCXX_3.4.21
                0x00000000000149f8                pthread_join
                0x0000000000014a04                __cxa_guard_acquire@@CXXABI_1.3
                0x0000000000014a10                std::condition_variable::~condition_variable()@@GLIBCXX_3.4.11
                0x0000000000014a1c                prctl
                0x0000000000014a28                std::exception::~exception()@@GLIBCXX_3.4
                0x0000000000014a34                std::basic_istream<char, std::char_traits<char> >& std::getline<char, std::char_traits<char>, std::allocator<char> >(std::basic_istream<char, std::char_traits<char> >&, std::__cxx11::basic_string<char, std::char_traits<char>, std::allocator<char> >&, char)@@GLIBCXX_3.4.21
                0x0000000000014a40                std::__basic_file<char>::~__basic_file()@@GLIBCXX_3.4
                0x0000000000014a4c                std::runtime_error::runtime_error(char const*)@@GLIBCXX_3.4.21
                0x0000000000014a58                __assert
                0x0000000000014a64                __cxa_bad_cast@@CXXABI_1.3
                0x0000000000014a70                system
                0x0000000000014a7c                std::__cxx11::basic_string<char, std::char_traits<char>, std::allocator<char> >::append(char const*)@@GLIBCXX_3.4.21
                0x0000000000014a88                std::__cxx11::basic_string<char, std::char_traits<char>, std::allocator<char> >::_M_erase(unsigned int, unsigned int)@@GLIBCXX_3.4.21
                0x0000000000014a94                strcat
                0x0000000000014aa0                std::__cxx11::basic_string<char, std::char_traits<char>, std::allocator<char> >::_M_mutate(unsigned int, unsigned int, char const*, unsigned int)@@GLIBCXX_3.4.21
                0x0000000000014aac                std::locale::locale()@@GLIBCXX_3.4
                0x0000000000014ab8                std::ios_base::Init::~Init()@@GLIBCXX_3.4

.iplt           0x0000000000014ac4        0x0
 *(.iplt)
 .iplt          0x0000000000014ac4        0x0 /home/it/Desktop/Camera/cam/rts39xx_sdk_v5.0.1/toolchain/tool/bin/../lib/gcc/arm-linux-uclibcgnueabi/10.3.1/../../../../arm-linux-uclibcgnueabi/lib/crt1.o

.text           0x0000000000014ac8    0x3760c
 *(.text.unlikely .text.*_unlikely .text.unlikely.*)
 .text.unlikely
                0x0000000000014ac8      0x280 _build_vvtk_I03S-debug/UsrDataChannelHdl.o
 .text.unlikely
                0x0000000000014d48      0x264 _build_vvtk_I03S-debug/parser_json.o
 .text.unlikely
                0x0000000000014fac      0x280 _build_vvtk_I03S-debug/utils.o
 .text.unlikely._ZSt27__throw_bad_optional_accessv
                0x000000000001522c       0x4c sources/libraries/arm_rts/libdatachannel/lib/libdatachannel.a(configuration.o)
                0x000000000001522c                std::__throw_bad_optional_access()
 .text.unlikely._ZSt19__throw_regex_errorNSt15regex_constants10error_typeEPKc
                0x0000000000015278       0x7c sources/libraries/arm_rts/libdatachannel/lib/libdatachannel.a(configuration.o)
                0x0000000000015278                std::__throw_regex_error(std::regex_constants::error_type, char const*)
 *(.text.exit .text.exit.*)
 *(.text.startup .text.startup.*)
 .text.startup  0x00000000000152f4      0x108 _build_vvtk_I03S-debug/ak.o
                0x00000000000152f4                main
 .text.startup  0x00000000000153fc       0x94 _build_vvtk_I03S-debug/stream.o
 .text.startup  0x0000000000015490       0x94 _build_vvtk_I03S-debug/helpers.o
 .text.startup  0x0000000000015524       0x94 _build_vvtk_I03S-debug/h264fileparser.o
 .text.startup  0x00000000000155b8       0x94 _build_vvtk_I03S-debug/fileparser.o
 .text.startup  0x000000000001564c      0x140 _build_vvtk_I03S-debug/UsrDataChannelHdl.o
 .text.startup  0x000000000001578c       0x84 _build_vvtk_I03S-debug/parser_json.o
 .text.startup  0x0000000000015810       0x30 _build_vvtk_I03S-debug/app.o
 .text.startup  0x0000000000015840       0x94 _build_vvtk_I03S-debug/task_webrtc.o
 .text.startup  0x00000000000158d4       0x88 _build_vvtk_I03S-debug/utils.o
 *(.text.hot .text.hot.*)
 *(SORT_BY_NAME(.text.sorted.*))
 *(.text .stub .text.* .gnu.linkonce.t.*)
 .text          0x000000000001595c       0x3c /home/it/Desktop/Camera/cam/rts39xx_sdk_v5.0.1/toolchain/tool/bin/../lib/gcc/arm-linux-uclibcgnueabi/10.3.1/../../../../arm-linux-uclibcgnueabi/lib/crt1.o
                0x000000000001595c                _start
 .text          0x0000000000015998        0x0 /home/it/Desktop/Camera/cam/rts39xx_sdk_v5.0.1/toolchain/tool/bin/../lib/gcc/arm-linux-uclibcgnueabi/10.3.1/../../../../arm-linux-uclibcgnueabi/lib/crti.o
 .text          0x0000000000015998       0xd8 /home/it/Desktop/Camera/cam/rts39xx_sdk_v5.0.1/toolchain/tool/bin/../lib/gcc/arm-linux-uclibcgnueabi/10.3.1/crtbegin.o
 .text          0x0000000000015a70     0x1c08 _build_vvtk_I03S-debug/ak.o
                0x0000000000015a70                wait_all_tasks_started()
                0x0000000000015ad8                get_pure_msg()
                0x0000000000015b70                get_dynamic_msg()
                0x0000000000015c08                get_common_msg()
                0x0000000000015ca0                ak_memcpy_msg(ak_msg_t*)
                0x0000000000016010                ak_msg_free(ak_msg_t*)
                0x000000000001602c                set_msg_sig(ak_msg_t*, unsigned int)
                0x0000000000016050                set_msg_root_task_id(ak_msg_t*, unsigned int)
                0x0000000000016074                set_msg_des_task_id(ak_msg_t*, unsigned int)
                0x0000000000016098                set_msg_src_task_id(ak_msg_t*, unsigned int)
                0x00000000000160bc                set_if_des_task_id(ak_msg_t*, unsigned int)
                0x00000000000160e0                set_if_src_task_id(ak_msg_t*, unsigned int)
                0x0000000000016104                set_if_des_type(ak_msg_t*, unsigned int)
                0x0000000000016128                set_if_src_type(ak_msg_t*, unsigned int)
                0x000000000001614c                set_if_sig(ak_msg_t*, unsigned int)
                0x0000000000016170                set_if_data_common_msg(ak_msg_t*, unsigned char*, unsigned int)
                0x0000000000016210                set_if_data_dynamic_msg(ak_msg_t*, unsigned char*, unsigned int)
                0x0000000000016294                set_data_common_msg(ak_msg_t*, unsigned char*, unsigned int)
                0x0000000000016334                get_data_common_msg(ak_msg_t*, unsigned char*, unsigned int)
                0x000000000001639c                get_data_common_msg(ak_msg_t*)
                0x0000000000016410                get_data_len_common_msg(ak_msg_t*)
                0x0000000000016464                set_data_dynamic_msg(ak_msg_t*, unsigned char*, unsigned int)
                0x00000000000164e8                get_data_dynamic_msg(ak_msg_t*, unsigned char*, unsigned int)
                0x0000000000016550                get_data_len_dynamic_msg(ak_msg_t*)
                0x00000000000165a4                task_post(unsigned int, ak_msg_t*)
                0x000000000001663c                task_post_pure_msg(unsigned int, unsigned int, unsigned int)
                0x0000000000016748                task_post_pure_msg(unsigned int, unsigned int)
                0x0000000000016850                task_post_common_msg(unsigned int, unsigned int, unsigned int, unsigned char*, unsigned int)
                0x00000000000169c8                task_post_common_msg(unsigned int, unsigned int, unsigned char*, unsigned int)
                0x0000000000016b38                task_post_dynamic_msg(unsigned int, unsigned int, unsigned int, unsigned char*, unsigned int)
                0x0000000000016c88                task_post_dynamic_msg(unsigned int, unsigned int, unsigned char*, unsigned int)
                0x0000000000016dd0                task_root_post_pure_msg(unsigned int, unsigned int, unsigned int, unsigned int)
                0x0000000000016ee0                task_root_post_pure_msg(unsigned int, unsigned int, unsigned int)
                0x0000000000016fe8                task_root_post_common_msg(unsigned int, unsigned int, unsigned int, unsigned int, unsigned char*, unsigned int)
                0x0000000000017168                task_root_post_common_msg(unsigned int, unsigned int, unsigned int, unsigned char*, unsigned int)
                0x00000000000172e8                task_root_post_dynamic_msg(unsigned int, unsigned int, unsigned int, unsigned int, unsigned char*, unsigned int)
                0x0000000000017440                task_root_post_dynamic_msg(unsigned int, unsigned int, unsigned int, unsigned char*, unsigned int)
                0x0000000000017590                ak_msg_rev(unsigned int)
                0x0000000000017624                get_msg_type(ak_msg_t*)
                0x0000000000017630                get_task_id()
 .text          0x0000000000017678      0x1a0 _build_vvtk_I03S-debug/message.o
                0x0000000000017678                q_msg_init(q_msg_t*)
                0x0000000000017690                q_msg_put(q_msg_t*, ak_msg_t*)
                0x00000000000176f4                q_msg_get(q_msg_t*)
                0x000000000001775c                q_msg_free(ak_msg_t*)
                0x000000000001779c                q_msg_len(q_msg_t*)
                0x00000000000177e0                q_msg_available(q_msg_t*)
 .text          0x0000000000017818      0x59c _build_vvtk_I03S-debug/timer.o
                0x00000000000178cc                timer_handler(sigval)
                0x000000000001798c                timer_entry(void*)
                0x0000000000017a20                timer_set(unsigned int, unsigned int, unsigned int, unsigned int, timer_type_t)
                0x0000000000017bc4                timer_set(unsigned int, unsigned int, unsigned int, timer_type_t)
                0x0000000000017d68                timer_remove_attr(unsigned int, unsigned int)
                0x0000000000017da4                timer_stick_get()
 .text          0x0000000000017db4        0xc _build_vvtk_I03S-debug/fsm.o
                0x0000000000017db4                fsm_dispatch(fsm_t*, ak_msg_t*)
 .text          0x0000000000017dc0       0xc0 _build_vvtk_I03S-debug/tsm.o
                0x0000000000017dc0                tsm_init(tsm_tbl_t*, tsm_t**, unsigned char)
                0x0000000000017df4                tsm_dispatch(tsm_tbl_t*, ak_msg_t*)
                0x0000000000017e64                tsm_tran(tsm_tbl_t*, unsigned char)
 .text          0x0000000000017e80       0xb0 _build_vvtk_I03S-debug/sys_dbg.o
                0x0000000000017e80                sys_dbg_fatal(char const*, unsigned char)
                0x0000000000017ea4                sys_dbg_get_time()
 .text          0x0000000000017f30     0x102c _build_vvtk_I03S-debug/stream.o
                0x0000000000017fa8                Stream::Stream(std::shared_ptr<StreamSource>, std::shared_ptr<StreamSource>)
                0x0000000000017fa8                Stream::Stream(std::shared_ptr<StreamSource>, std::shared_ptr<StreamSource>)
                0x00000000000181b4                Stream::onSample(std::function<void (Stream::StreamSourceType, unsigned long long, std::vector<std::byte, std::allocator<std::byte> >)>)
                0x0000000000018344                Stream::start()
                0x0000000000018458                Stream::stop()
                0x00000000000184fc                Stream::~Stream()
                0x00000000000184fc                Stream::~Stream()
                0x0000000000018820                Stream::unsafePrepareForSample()
                0x0000000000018ac8                Stream::sendSample()
 .text._ZNK3rtc21synchronized_callbackIJN6Stream16StreamSourceTypeEySt6vectorISt4byteSaIS4_EEEE4callES2_yS6_
                0x0000000000018f5c       0xac _build_vvtk_I03S-debug/stream.o
                0x0000000000018f5c                rtc::synchronized_callback<Stream::StreamSourceType, unsigned long long, std::vector<std::byte, std::allocator<std::byte> > >::call(Stream::StreamSourceType, unsigned long long, std::vector<std::byte, std::allocator<std::byte> >) const
 .text._ZN3rtc21synchronized_callbackIJN6Stream16StreamSourceTypeEySt6vectorISt4byteSaIS4_EEEE3setESt8functionIFvS2_yS6_EE
                0x0000000000019008       0x94 _build_vvtk_I03S-debug/stream.o
                0x0000000000019008                rtc::synchronized_callback<Stream::StreamSourceType, unsigned long long, std::vector<std::byte, std::allocator<std::byte> > >::set(std::function<void (Stream::StreamSourceType, unsigned long long, std::vector<std::byte, std::allocator<std::byte> >)>)
 .text._ZN3rtc21synchronized_callbackIJN6Stream16StreamSourceTypeEySt6vectorISt4byteSaIS4_EEEED2Ev
                0x000000000001909c      0x154 _build_vvtk_I03S-debug/stream.o
                0x000000000001909c                rtc::synchronized_callback<Stream::StreamSourceType, unsigned long long, std::vector<std::byte, std::allocator<std::byte> > >::~synchronized_callback()
                0x000000000001909c                rtc::synchronized_callback<Stream::StreamSourceType, unsigned long long, std::vector<std::byte, std::allocator<std::byte> > >::~synchronized_callback()
 .text._ZN3rtc21synchronized_callbackIJN6Stream16StreamSourceTypeEySt6vectorISt4byteSaIS4_EEEED0Ev
                0x00000000000191f0      0x160 _build_vvtk_I03S-debug/stream.o
                0x00000000000191f0                rtc::synchronized_callback<Stream::StreamSourceType, unsigned long long, std::vector<std::byte, std::allocator<std::byte> > >::~synchronized_callback()
 .text._ZNSt7__cxx1112basic_stringIcSt11char_traitsIcESaIcEEC2IS3_EEPKcRKS3_
                0x0000000000019350       0xb0 _build_vvtk_I03S-debug/stream.o
                0x0000000000019350                std::__cxx11::basic_string<char, std::char_traits<char>, std::allocator<char> >::basic_string<std::allocator<char> >(char const*, std::allocator<char> const&)
                0x0000000000019350                std::__cxx11::basic_string<char, std::char_traits<char>, std::allocator<char> >::basic_string<std::allocator<char> >(char const*, std::allocator<char> const&)
 .text._ZNSt16_Sp_counted_baseILN9__gnu_cxx12_Lock_policyE2EE10_M_releaseEv
                0x0000000000019400       0xc4 _build_vvtk_I03S-debug/stream.o
                0x0000000000019400                std::_Sp_counted_base<(__gnu_cxx::_Lock_policy)2>::_M_release()
 .text          0x00000000000194c4      0x614 _build_vvtk_I03S-debug/helpers.o
                0x00000000000194c4                ClientTrackData::ClientTrackData(std::shared_ptr<rtc::Track>, std::shared_ptr<rtc::RtcpSrReporter>)
                0x00000000000194c4                ClientTrackData::ClientTrackData(std::shared_ptr<rtc::Track>, std::shared_ptr<rtc::RtcpSrReporter>)
                0x00000000000196dc                Client::setState(Client::State)
                0x00000000000197fc                Client::getState()
                0x000000000001991c                currentTimeInMicroSeconds()
                0x0000000000019950                ClientTrack::ClientTrack(std::__cxx11::basic_string<char, std::char_traits<char>, std::allocator<char> >, std::shared_ptr<ClientTrackData>)
                0x0000000000019950                ClientTrack::ClientTrack(std::__cxx11::basic_string<char, std::char_traits<char>, std::allocator<char> >, std::shared_ptr<ClientTrackData>)
 .text          0x0000000000019ad8      0xe1c _build_vvtk_I03S-debug/h264fileparser.o
                0x0000000000019cc4                H264FileParser::loadNextSample()
                0x0000000000019cd8                H264FileParser::H264FileParser(std::__cxx11::basic_string<char, std::char_traits<char>, std::allocator<char> >, unsigned int, bool)
                0x0000000000019cd8                H264FileParser::H264FileParser(std::__cxx11::basic_string<char, std::char_traits<char>, std::allocator<char> >, unsigned int, bool)
                0x0000000000019e70                H264FileParser::initialNALUS()
                0x000000000001a420                H264FileParser::appendSample(unsigned char*, unsigned int)
                0x000000000001a6c4                H264FileParser::splitNALUS(unsigned char*, unsigned int)
 .text._ZN14H264FileParserD2Ev
                0x000000000001a8f4       0xa8 _build_vvtk_I03S-debug/h264fileparser.o
                0x000000000001a8f4                H264FileParser::~H264FileParser()
                0x000000000001a8f4                H264FileParser::~H264FileParser()
 .text._ZN14H264FileParserD0Ev
                0x000000000001a99c       0xb4 _build_vvtk_I03S-debug/h264fileparser.o
                0x000000000001a99c                H264FileParser::~H264FileParser()
 .text          0x000000000001aa50      0xddc _build_vvtk_I03S-debug/dispatchqueue.o
                0x000000000001abc0                DispatchQueue::~DispatchQueue()
                0x000000000001abc0                DispatchQueue::~DispatchQueue()
                0x000000000001ad48                DispatchQueue::dispatchThreadHandler()
                0x000000000001b038                DispatchQueue::DispatchQueue(std::__cxx11::basic_string<char, std::char_traits<char>, std::allocator<char> >, unsigned int)
                0x000000000001b038                DispatchQueue::DispatchQueue(std::__cxx11::basic_string<char, std::char_traits<char>, std::allocator<char> >, unsigned int)
                0x000000000001b290                DispatchQueue::removePending()
                0x000000000001b4b8                DispatchQueue::dispatch(std::function<void ()> const&)
                0x000000000001b60c                DispatchQueue::dispatch(std::function<void ()>&&)
 .text._ZNSt6thread11_State_implINS_8_InvokerISt5tupleIJM13DispatchQueueFvvEPS3_EEEEE6_M_runEv
                0x000000000001b82c       0x18 _build_vvtk_I03S-debug/dispatchqueue.o
                0x000000000001b82c                std::thread::_State_impl<std::thread::_Invoker<std::tuple<void (DispatchQueue::*)(), DispatchQueue*> > >::_M_run()
 .text._ZNSt6thread11_State_implINS_8_InvokerISt5tupleIJM13DispatchQueueFvvEPS3_EEEEED2Ev
                0x000000000001b844       0x20 _build_vvtk_I03S-debug/dispatchqueue.o
                0x000000000001b844                std::thread::_State_impl<std::thread::_Invoker<std::tuple<void (DispatchQueue::*)(), DispatchQueue*> > >::~_State_impl()
                0x000000000001b844                std::thread::_State_impl<std::thread::_Invoker<std::tuple<void (DispatchQueue::*)(), DispatchQueue*> > >::~_State_impl()
 .text._ZNSt6thread11_State_implINS_8_InvokerISt5tupleIJM13DispatchQueueFvvEPS3_EEEEED0Ev
                0x000000000001b864       0x2c _build_vvtk_I03S-debug/dispatchqueue.o
                0x000000000001b864                std::thread::_State_impl<std::thread::_Invoker<std::tuple<void (DispatchQueue::*)(), DispatchQueue*> > >::~_State_impl()
 .text._ZNSt5dequeISt8functionIFvvEESaIS2_EED2Ev
                0x000000000001b890       0x84 _build_vvtk_I03S-debug/dispatchqueue.o
                0x000000000001b890                std::deque<std::function<void ()>, std::allocator<std::function<void ()> > >::~deque()
                0x000000000001b890                std::deque<std::function<void ()>, std::allocator<std::function<void ()> > >::~deque()
 .text._ZNSt11unique_lockISt5mutexE6unlockEv
                0x000000000001b914       0x48 _build_vvtk_I03S-debug/dispatchqueue.o
                0x000000000001b914                std::unique_lock<std::mutex>::unlock()
 .text._ZNSt11_Deque_baseISt8functionIFvvEESaIS2_EE17_M_initialize_mapEj
                0x000000000001b95c      0x100 _build_vvtk_I03S-debug/dispatchqueue.o
                0x000000000001b95c                std::_Deque_base<std::function<void ()>, std::allocator<std::function<void ()> > >::_M_initialize_map(unsigned int)
 .text._ZNSt5dequeISt8functionIFvvEESaIS2_EE17_M_reallocate_mapEjb
                0x000000000001ba5c      0x134 _build_vvtk_I03S-debug/dispatchqueue.o
                0x000000000001ba5c                std::deque<std::function<void ()>, std::allocator<std::function<void ()> > >::_M_reallocate_map(unsigned int, bool)
 .text._ZNSt5dequeISt8functionIFvvEESaIS2_EE16_M_push_back_auxIJRKS2_EEEvDpOT_
                0x000000000001bb90      0x140 _build_vvtk_I03S-debug/dispatchqueue.o
                0x000000000001bb90                void std::deque<std::function<void ()>, std::allocator<std::function<void ()> > >::_M_push_back_aux<std::function<void ()> const&>(std::function<void ()> const&)
 .text          0x000000000001bcd0      0xad4 _build_vvtk_I03S-debug/fileparser.o
                0x000000000001bcd0                FileParser::start()
                0x000000000001bd00                FileParser::getSampleTime_us()
                0x000000000001bd08                FileParser::getSampleDuration_us()
                0x000000000001bd10                FileParser::getSample()
                0x000000000001bd9c                FileParser::stop()
                0x000000000001bdc0                FileParser::~FileParser()
                0x000000000001be54                FileParser::~FileParser()
                0x000000000001be54                FileParser::~FileParser()
                0x000000000001bedc                FileParser::FileParser(std::__cxx11::basic_string<char, std::char_traits<char>, std::allocator<char> >, std::__cxx11::basic_string<char, std::char_traits<char>, std::allocator<char> >, unsigned int, bool)
                0x000000000001bedc                FileParser::FileParser(std::__cxx11::basic_string<char, std::char_traits<char>, std::allocator<char> >, std::__cxx11::basic_string<char, std::char_traits<char>, std::allocator<char> >, unsigned int, bool)
                0x000000000001bfc4                FileParser::sampleTimeCounts()
                0x000000000001bfe8                FileParser::loadNextSample()
 .text._ZNSt6vectorISt4byteSaIS0_EE13_M_assign_auxIPKS0_EEvT_S6_St20forward_iterator_tag
                0x000000000001c7a4      0x114 _build_vvtk_I03S-debug/fileparser.o
                0x000000000001c7a4                void std::vector<std::byte, std::allocator<std::byte> >::_M_assign_aux<std::byte const*>(std::byte const*, std::byte const*, std::forward_iterator_tag)
 .text._ZNSt6vectorIcSaIcEE17_M_realloc_insertIJcEEEvN9__gnu_cxx17__normal_iteratorIPcS1_EEDpOT_
                0x000000000001c8b8      0x114 _build_vvtk_I03S-debug/fileparser.o
                0x000000000001c8b8                void std::vector<char, std::allocator<char> >::_M_realloc_insert<char>(__gnu_cxx::__normal_iterator<char*, std::vector<char, std::allocator<char> > >, char&&)
 .text          0x000000000001c9cc     0x3594 _build_vvtk_I03S-debug/UsrDataChannelHdl.o
                0x000000000001f39c                UsrDataChannelHdl(std::__cxx11::basic_string<char, std::char_traits<char>, std::allocator<char> >, std::__cxx11::basic_string<char, std::char_traits<char>, std::allocator<char> >&, std::__cxx11::basic_string<char, std::char_traits<char>, std::allocator<char> >&)
 .text._ZNSt17_Function_handlerIFvRN8nlohmann10basic_jsonISt3mapSt6vectorNSt7__cxx1112basic_stringIcSt11char_traitsIcESaIcEEEbxydSaNS0_14adl_serializerES3_IhSaIhEEEEEPSF_E9_M_invokeERKSt9_Any_dataSE_
                0x000000000001ff60        0xc _build_vvtk_I03S-debug/UsrDataChannelHdl.o
                0x000000000001ff60                std::_Function_handler<void (nlohmann::basic_json<std::map, std::vector, std::__cxx11::basic_string<char, std::char_traits<char>, std::allocator<char> >, bool, long long, unsigned long long, double, std::allocator, nlohmann::adl_serializer, std::vector<unsigned char, std::allocator<unsigned char> > >&), void (*)(nlohmann::basic_json<std::map, std::vector, std::__cxx11::basic_string<char, std::char_traits<char>, std::allocator<char> >, bool, long long, unsigned long long, double, std::allocator, nlohmann::adl_serializer, std::vector<unsigned char, std::allocator<unsigned char> > >&)>::_M_invoke(std::_Any_data const&, nlohmann::basic_json<std::map, std::vector, std::__cxx11::basic_string<char, std::char_traits<char>, std::allocator<char> >, bool, long long, unsigned long long, double, std::allocator, nlohmann::adl_serializer, std::vector<unsigned char, std::allocator<unsigned char> > >&)
 .text._ZN8nlohmann6detail21output_string_adapterIcNSt7__cxx1112basic_stringIcSt11char_traitsIcESaIcEEEED2Ev
                0x000000000001ff6c        0x4 _build_vvtk_I03S-debug/UsrDataChannelHdl.o
                0x000000000001ff6c                nlohmann::detail::output_string_adapter<char, std::__cxx11::basic_string<char, std::char_traits<char>, std::allocator<char> > >::~output_string_adapter()
                0x000000000001ff6c                nlohmann::detail::output_string_adapter<char, std::__cxx11::basic_string<char, std::char_traits<char>, std::allocator<char> > >::~output_string_adapter()
 .text._ZNSt23_Sp_counted_ptr_inplaceIN8nlohmann6detail21output_string_adapterIcNSt7__cxx1112basic_stringIcSt11char_traitsIcESaIcEEEEESaIS9_ELN9__gnu_cxx12_Lock_policyE2EED2Ev
                0x000000000001ff70        0x4 _build_vvtk_I03S-debug/UsrDataChannelHdl.o
                0x000000000001ff70                std::_Sp_counted_ptr_inplace<nlohmann::detail::output_string_adapter<char, std::__cxx11::basic_string<char, std::char_traits<char>, std::allocator<char> > >, std::allocator<nlohmann::detail::output_string_adapter<char, std::__cxx11::basic_string<char, std::char_traits<char>, std::allocator<char> > > >, (__gnu_cxx::_Lock_policy)2>::~_Sp_counted_ptr_inplace()
                0x000000000001ff70                std::_Sp_counted_ptr_inplace<nlohmann::detail::output_string_adapter<char, std::__cxx11::basic_string<char, std::char_traits<char>, std::allocator<char> > >, std::allocator<nlohmann::detail::output_string_adapter<char, std::__cxx11::basic_string<char, std::char_traits<char>, std::allocator<char> > > >, (__gnu_cxx::_Lock_policy)2>::~_Sp_counted_ptr_inplace()
 .text._ZNSt23_Sp_counted_ptr_inplaceIN8nlohmann6detail21output_string_adapterIcNSt7__cxx1112basic_stringIcSt11char_traitsIcESaIcEEEEESaIS9_ELN9__gnu_cxx12_Lock_policyE2EE10_M_disposeEv
                0x000000000001ff74       0x10 _build_vvtk_I03S-debug/UsrDataChannelHdl.o
                0x000000000001ff74                std::_Sp_counted_ptr_inplace<nlohmann::detail::output_string_adapter<char, std::__cxx11::basic_string<char, std::char_traits<char>, std::allocator<char> > >, std::allocator<nlohmann::detail::output_string_adapter<char, std::__cxx11::basic_string<char, std::char_traits<char>, std::allocator<char> > > >, (__gnu_cxx::_Lock_policy)2>::_M_dispose()
 .text._ZNSt23_Sp_counted_ptr_inplaceIN8nlohmann6detail21output_string_adapterIcNSt7__cxx1112basic_stringIcSt11char_traitsIcESaIcEEEEESaIS9_ELN9__gnu_cxx12_Lock_policyE2EED0Ev
                0x000000000001ff84       0x18 _build_vvtk_I03S-debug/UsrDataChannelHdl.o
                0x000000000001ff84                std::_Sp_counted_ptr_inplace<nlohmann::detail::output_string_adapter<char, std::__cxx11::basic_string<char, std::char_traits<char>, std::allocator<char> > >, std::allocator<nlohmann::detail::output_string_adapter<char, std::__cxx11::basic_string<char, std::char_traits<char>, std::allocator<char> > > >, (__gnu_cxx::_Lock_policy)2>::~_Sp_counted_ptr_inplace()
 .text._ZN8nlohmann6detail21output_string_adapterIcNSt7__cxx1112basic_stringIcSt11char_traitsIcESaIcEEEED0Ev
                0x000000000001ff9c       0x18 _build_vvtk_I03S-debug/UsrDataChannelHdl.o
                0x000000000001ff9c                nlohmann::detail::output_string_adapter<char, std::__cxx11::basic_string<char, std::char_traits<char>, std::allocator<char> > >::~output_string_adapter()
 .text._ZNSt23_Sp_counted_ptr_inplaceIN8nlohmann6detail21output_string_adapterIcNSt7__cxx1112basic_stringIcSt11char_traitsIcESaIcEEEEESaIS9_ELN9__gnu_cxx12_Lock_policyE2EE10_M_destroyEv
                0x000000000001ffb4        0x8 _build_vvtk_I03S-debug/UsrDataChannelHdl.o
                0x000000000001ffb4                std::_Sp_counted_ptr_inplace<nlohmann::detail::output_string_adapter<char, std::__cxx11::basic_string<char, std::char_traits<char>, std::allocator<char> > >, std::allocator<nlohmann::detail::output_string_adapter<char, std::__cxx11::basic_string<char, std::char_traits<char>, std::allocator<char> > > >, (__gnu_cxx::_Lock_policy)2>::_M_destroy()
 .text._ZNSt23_Sp_counted_ptr_inplaceIN8nlohmann6detail21output_string_adapterIcNSt7__cxx1112basic_stringIcSt11char_traitsIcESaIcEEEEESaIS9_ELN9__gnu_cxx12_Lock_policyE2EE14_M_get_deleterERKSt9type_info
                0x000000000001ffbc       0x3c _build_vvtk_I03S-debug/UsrDataChannelHdl.o
                0x000000000001ffbc                std::_Sp_counted_ptr_inplace<nlohmann::detail::output_string_adapter<char, std::__cxx11::basic_string<char, std::char_traits<char>, std::allocator<char> > >, std::allocator<nlohmann::detail::output_string_adapter<char, std::__cxx11::basic_string<char, std::char_traits<char>, std::allocator<char> > > >, (__gnu_cxx::_Lock_policy)2>::_M_get_deleter(std::type_info const&)
 .text._ZNSt17_Function_handlerIFvRN8nlohmann10basic_jsonISt3mapSt6vectorNSt7__cxx1112basic_stringIcSt11char_traitsIcESaIcEEEbxydSaNS0_14adl_serializerES3_IhSaIhEEEEEPSF_E10_M_managerERSt9_Any_dataRKSI_St18_Manager_operation
                0x000000000001fff8       0x3c _build_vvtk_I03S-debug/UsrDataChannelHdl.o
                0x000000000001fff8                std::_Function_handler<void (nlohmann::basic_json<std::map, std::vector, std::__cxx11::basic_string<char, std::char_traits<char>, std::allocator<char> >, bool, long long, unsigned long long, double, std::allocator, nlohmann::adl_serializer, std::vector<unsigned char, std::allocator<unsigned char> > >&), void (*)(nlohmann::basic_json<std::map, std::vector, std::__cxx11::basic_string<char, std::char_traits<char>, std::allocator<char> >, bool, long long, unsigned long long, double, std::allocator, nlohmann::adl_serializer, std::vector<unsigned char, std::allocator<unsigned char> > >&)>::_M_manager(std::_Any_data&, std::_Any_data const&, std::_Manager_operation)
 .text._ZNKSt6vectorIN8nlohmann10basic_jsonISt3mapS_NSt7__cxx1112basic_stringIcSt11char_traitsIcESaIcEEEbxydSaNS0_14adl_serializerES_IhSaIhEEEESaISC_EE12_M_check_lenEjPKc.constprop.0.isra.0
                0x0000000000020034       0x4c _build_vvtk_I03S-debug/UsrDataChannelHdl.o
 .text._ZN8nlohmann6detail21output_string_adapterIcNSt7__cxx1112basic_stringIcSt11char_traitsIcESaIcEEEE16write_charactersEPKcj
                0x0000000000020080       0x2c _build_vvtk_I03S-debug/UsrDataChannelHdl.o
                0x0000000000020080                nlohmann::detail::output_string_adapter<char, std::__cxx11::basic_string<char, std::char_traits<char>, std::allocator<char> > >::write_characters(char const*, unsigned int)
 .text._ZNSt13unordered_mapINSt7__cxx1112basic_stringIcSt11char_traitsIcESaIcEEESt8functionIFvRN8nlohmann10basic_jsonISt3mapSt6vectorS5_bxydSaNS7_14adl_serializerESA_IhSaIhEEEEEESt4hashIS5_ESt8equal_toIS5_ESaISt4pairIKS5_SH_EEED2Ev
                0x00000000000200ac       0xac _build_vvtk_I03S-debug/UsrDataChannelHdl.o
                0x00000000000200ac                std::unordered_map<std::__cxx11::basic_string<char, std::char_traits<char>, std::allocator<char> >, std::function<void (nlohmann::basic_json<std::map, std::vector, std::__cxx11::basic_string<char, std::char_traits<char>, std::allocator<char> >, bool, long long, unsigned long long, double, std::allocator, nlohmann::adl_serializer, std::vector<unsigned char, std::allocator<unsigned char> > >&)>, std::hash<std::__cxx11::basic_string<char, std::char_traits<char>, std::allocator<char> > >, std::equal_to<std::__cxx11::basic_string<char, std::char_traits<char>, std::allocator<char> > >, std::allocator<std::pair<std::__cxx11::basic_string<char, std::char_traits<char>, std::allocator<char> > const, std::function<void (nlohmann::basic_json<std::map, std::vector, std::__cxx11::basic_string<char, std::char_traits<char>, std::allocator<char> >, bool, long long, unsigned long long, double, std::allocator, nlohmann::adl_serializer, std::vector<unsigned char, std::allocator<unsigned char> > >&)> > > >::~unordered_map()
                0x00000000000200ac                std::unordered_map<std::__cxx11::basic_string<char, std::char_traits<char>, std::allocator<char> >, std::function<void (nlohmann::basic_json<std::map, std::vector, std::__cxx11::basic_string<char, std::char_traits<char>, std::allocator<char> >, bool, long long, unsigned long long, double, std::allocator, nlohmann::adl_serializer, std::vector<unsigned char, std::allocator<unsigned char> > >&)>, std::hash<std::__cxx11::basic_string<char, std::char_traits<char>, std::allocator<char> > >, std::equal_to<std::__cxx11::basic_string<char, std::char_traits<char>, std::allocator<char> > >, std::allocator<std::pair<std::__cxx11::basic_string<char, std::char_traits<char>, std::allocator<char> > const, std::function<void (nlohmann::basic_json<std::map, std::vector, std::__cxx11::basic_string<char, std::char_traits<char>, std::allocator<char> >, bool, long long, unsigned long long, double, std::allocator, nlohmann::adl_serializer, std::vector<unsigned char, std::allocator<unsigned char> > >&)> > > >::~unordered_map()
 .text._ZN8nlohmann6detail21output_string_adapterIcNSt7__cxx1112basic_stringIcSt11char_traitsIcESaIcEEEE15write_characterEc
                0x0000000000020158       0x74 _build_vvtk_I03S-debug/UsrDataChannelHdl.o
                0x0000000000020158                nlohmann::detail::output_string_adapter<char, std::__cxx11::basic_string<char, std::char_traits<char>, std::allocator<char> > >::write_character(char)
 .text._ZNSt7__cxx119to_stringEj
                0x00000000000201cc      0x19c _build_vvtk_I03S-debug/UsrDataChannelHdl.o
                0x00000000000201cc                std::__cxx11::to_string(unsigned int)
 .text._ZN8nlohmann6detail9exception4nameERKNSt7__cxx1112basic_stringIcSt11char_traitsIcESaIcEEEi
                0x0000000000020368      0x490 _build_vvtk_I03S-debug/UsrDataChannelHdl.o
                0x0000000000020368                nlohmann::detail::exception::name(std::__cxx11::basic_string<char, std::char_traits<char>, std::allocator<char> > const&, int)
 .text._ZNSt4pairIKNSt7__cxx1112basic_stringIcSt11char_traitsIcESaIcEEESt8functionIFvRN8nlohmann10basic_jsonISt3mapSt6vectorS5_bxydSaNS8_14adl_serializerESB_IhSaIhEEEEEEED2Ev
                0x00000000000207f8       0x48 _build_vvtk_I03S-debug/UsrDataChannelHdl.o
                0x00000000000207f8                std::pair<std::__cxx11::basic_string<char, std::char_traits<char>, std::allocator<char> > const, std::function<void (nlohmann::basic_json<std::map, std::vector, std::__cxx11::basic_string<char, std::char_traits<char>, std::allocator<char> >, bool, long long, unsigned long long, double, std::allocator, nlohmann::adl_serializer, std::vector<unsigned char, std::allocator<unsigned char> > >&)> >::~pair()
                0x00000000000207f8                std::pair<std::__cxx11::basic_string<char, std::char_traits<char>, std::allocator<char> > const, std::function<void (nlohmann::basic_json<std::map, std::vector, std::__cxx11::basic_string<char, std::char_traits<char>, std::allocator<char> >, bool, long long, unsigned long long, double, std::allocator, nlohmann::adl_serializer, std::vector<unsigned char, std::allocator<unsigned char> > >&)> >::~pair()
 .text._ZStplIcSt11char_traitsIcESaIcEENSt7__cxx1112basic_stringIT_T0_T1_EEOS8_S9_
                0x0000000000020840      0x118 _build_vvtk_I03S-debug/UsrDataChannelHdl.o
                0x0000000000020840                std::__cxx11::basic_string<char, std::char_traits<char>, std::allocator<char> > std::operator+<char, std::char_traits<char>, std::allocator<char> >(std::__cxx11::basic_string<char, std::char_traits<char>, std::allocator<char> >&&, std::__cxx11::basic_string<char, std::char_traits<char>, std::allocator<char> >&&)
 .text._ZNSt10_HashtableINSt7__cxx1112basic_stringIcSt11char_traitsIcESaIcEEESt4pairIKS5_St8functionIFvRN8nlohmann10basic_jsonISt3mapSt6vectorS5_bxydSaNS9_14adl_serializerESC_IhSaIhEEEEEEESaISK_ENSt8__detail10_Select1stESt8equal_toIS5_ESt4hashIS5_ENSM_18_Mod_range_hashingENSM_20_Default_ranged_hashENSM_20_Prime_rehash_policyENSM_17_Hashtable_traitsILb1ELb0ELb1EEEED2Ev
                0x0000000000020958       0xac _build_vvtk_I03S-debug/UsrDataChannelHdl.o
                0x0000000000020958                std::_Hashtable<std::__cxx11::basic_string<char, std::char_traits<char>, std::allocator<char> >, std::pair<std::__cxx11::basic_string<char, std::char_traits<char>, std::allocator<char> > const, std::function<void (nlohmann::basic_json<std::map, std::vector, std::__cxx11::basic_string<char, std::char_traits<char>, std::allocator<char> >, bool, long long, unsigned long long, double, std::allocator, nlohmann::adl_serializer, std::vector<unsigned char, std::allocator<unsigned char> > >&)> >, std::allocator<std::pair<std::__cxx11::basic_string<char, std::char_traits<char>, std::allocator<char> > const, std::function<void (nlohmann::basic_json<std::map, std::vector, std::__cxx11::basic_string<char, std::char_traits<char>, std::allocator<char> >, bool, long long, unsigned long long, double, std::allocator, nlohmann::adl_serializer, std::vector<unsigned char, std::allocator<unsigned char> > >&)> > >, std::__detail::_Select1st, std::equal_to<std::__cxx11::basic_string<char, std::char_traits<char>, std::allocator<char> > >, std::hash<std::__cxx11::basic_string<char, std::char_traits<char>, std::allocator<char> > >, std::__detail::_Mod_range_hashing, std::__detail::_Default_ranged_hash, std::__detail::_Prime_rehash_policy, std::__detail::_Hashtable_traits<true, false, true> >::~_Hashtable()
                0x0000000000020958                std::_Hashtable<std::__cxx11::basic_string<char, std::char_traits<char>, std::allocator<char> >, std::pair<std::__cxx11::basic_string<char, std::char_traits<char>, std::allocator<char> > const, std::function<void (nlohmann::basic_json<std::map, std::vector, std::__cxx11::basic_string<char, std::char_traits<char>, std::allocator<char> >, bool, long long, unsigned long long, double, std::allocator, nlohmann::adl_serializer, std::vector<unsigned char, std::allocator<unsigned char> > >&)> >, std::allocator<std::pair<std::__cxx11::basic_string<char, std::char_traits<char>, std::allocator<char> > const, std::function<void (nlohmann::basic_json<std::map, std::vector, std::__cxx11::basic_string<char, std::char_traits<char>, std::allocator<char> >, bool, long long, unsigned long long, double, std::allocator, nlohmann::adl_serializer, std::vector<unsigned char, std::allocator<unsigned char> > >&)> > >, std::__detail::_Select1st, std::equal_to<std::__cxx11::basic_string<char, std::char_traits<char>, std::allocator<char> > >, std::hash<std::__cxx11::basic_string<char, std::char_traits<char>, std::allocator<char> > >, std::__detail::_Mod_range_hashing, std::__detail::_Default_ranged_hash, std::__detail::_Prime_rehash_policy, std::__detail::_Hashtable_traits<true, false, true> >::~_Hashtable()
 .text._ZN8nlohmann10basic_jsonISt3mapSt6vectorNSt7__cxx1112basic_stringIcSt11char_traitsIcESaIcEEEbxydSaNS_14adl_serializerES2_IhSaIhEEEaSESC_
                0x0000000000020a04      0x154 _build_vvtk_I03S-debug/UsrDataChannelHdl.o
                0x0000000000020a04                nlohmann::basic_json<std::map, std::vector, std::__cxx11::basic_string<char, std::char_traits<char>, std::allocator<char> >, bool, long long, unsigned long long, double, std::allocator, nlohmann::adl_serializer, std::vector<unsigned char, std::allocator<unsigned char> > >::operator=(nlohmann::basic_json<std::map, std::vector, std::__cxx11::basic_string<char, std::char_traits<char>, std::allocator<char> >, bool, long long, unsigned long long, double, std::allocator, nlohmann::adl_serializer, std::vector<unsigned char, std::allocator<unsigned char> > >)
 .text._ZN8nlohmann6detail10serializerINS_10basic_jsonISt3mapSt6vectorNSt7__cxx1112basic_stringIcSt11char_traitsIcESaIcEEEbxydSaNS_14adl_serializerES4_IhSaIhEEEEED2Ev
                0x0000000000020b58       0xe4 _build_vvtk_I03S-debug/UsrDataChannelHdl.o
                0x0000000000020b58                nlohmann::detail::serializer<nlohmann::basic_json<std::map, std::vector, std::__cxx11::basic_string<char, std::char_traits<char>, std::allocator<char> >, bool, long long, unsigned long long, double, std::allocator, nlohmann::adl_serializer, std::vector<unsigned char, std::allocator<unsigned char> > > >::~serializer()
                0x0000000000020b58                nlohmann::detail::serializer<nlohmann::basic_json<std::map, std::vector, std::__cxx11::basic_string<char, std::char_traits<char>, std::allocator<char> >, bool, long long, unsigned long long, double, std::allocator, nlohmann::adl_serializer, std::vector<unsigned char, std::allocator<unsigned char> > > >::~serializer()
 .text._ZN8nlohmann10basic_jsonISt3mapSt6vectorNSt7__cxx1112basic_stringIcSt11char_traitsIcESaIcEEEbxydSaNS_14adl_serializerES2_IhSaIhEEEC2EOSC_
                0x0000000000020c3c      0x170 _build_vvtk_I03S-debug/UsrDataChannelHdl.o
                0x0000000000020c3c                nlohmann::basic_json<std::map, std::vector, std::__cxx11::basic_string<char, std::char_traits<char>, std::allocator<char> >, bool, long long, unsigned long long, double, std::allocator, nlohmann::adl_serializer, std::vector<unsigned char, std::allocator<unsigned char> > >::basic_json(nlohmann::basic_json<std::map, std::vector, std::__cxx11::basic_string<char, std::char_traits<char>, std::allocator<char> >, bool, long long, unsigned long long, double, std::allocator, nlohmann::adl_serializer, std::vector<unsigned char, std::allocator<unsigned char> > >&&)
                0x0000000000020c3c                nlohmann::basic_json<std::map, std::vector, std::__cxx11::basic_string<char, std::char_traits<char>, std::allocator<char> >, bool, long long, unsigned long long, double, std::allocator, nlohmann::adl_serializer, std::vector<unsigned char, std::allocator<unsigned char> > >::basic_json(nlohmann::basic_json<std::map, std::vector, std::__cxx11::basic_string<char, std::char_traits<char>, std::allocator<char> >, bool, long long, unsigned long long, double, std::allocator, nlohmann::adl_serializer, std::vector<unsigned char, std::allocator<unsigned char> > >&&)
 .text._ZN8nlohmann6detail10type_error6createINS_10basic_jsonISt3mapSt6vectorNSt7__cxx1112basic_stringIcSt11char_traitsIcESaIcEEEbxydSaNS_14adl_serializerES5_IhSaIhEEEEEES1_iRKSB_RKT_
                0x0000000000020dac      0x2ac _build_vvtk_I03S-debug/UsrDataChannelHdl.o
                0x0000000000020dac                nlohmann::detail::type_error nlohmann::detail::type_error::create<nlohmann::basic_json<std::map, std::vector, std::__cxx11::basic_string<char, std::char_traits<char>, std::allocator<char> >, bool, long long, unsigned long long, double, std::allocator, nlohmann::adl_serializer, std::vector<unsigned char, std::allocator<unsigned char> > > >(int, std::__cxx11::basic_string<char, std::char_traits<char>, std::allocator<char> > const&, nlohmann::basic_json<std::map, std::vector, std::__cxx11::basic_string<char, std::char_traits<char>, std::allocator<char> >, bool, long long, unsigned long long, double, std::allocator, nlohmann::adl_serializer, std::vector<unsigned char, std::allocator<unsigned char> > > const&)
 .text._ZN8nlohmann6detail11parse_error6createINS_10basic_jsonISt3mapSt6vectorNSt7__cxx1112basic_stringIcSt11char_traitsIcESaIcEEEbxydSaNS_14adl_serializerES5_IhSaIhEEEEEES1_iRKNS0_10position_tERKSB_RKT_
                0x0000000000021058      0x8bc _build_vvtk_I03S-debug/UsrDataChannelHdl.o
                0x0000000000021058                nlohmann::detail::parse_error nlohmann::detail::parse_error::create<nlohmann::basic_json<std::map, std::vector, std::__cxx11::basic_string<char, std::char_traits<char>, std::allocator<char> >, bool, long long, unsigned long long, double, std::allocator, nlohmann::adl_serializer, std::vector<unsigned char, std::allocator<unsigned char> > > >(int, nlohmann::detail::position_t const&, std::__cxx11::basic_string<char, std::char_traits<char>, std::allocator<char> > const&, nlohmann::basic_json<std::map, std::vector, std::__cxx11::basic_string<char, std::char_traits<char>, std::allocator<char> >, bool, long long, unsigned long long, double, std::allocator, nlohmann::adl_serializer, std::vector<unsigned char, std::allocator<unsigned char> > > const&)
 .text._ZNSt6vectorIN8nlohmann10basic_jsonISt3mapS_NSt7__cxx1112basic_stringIcSt11char_traitsIcESaIcEEEbxydSaNS0_14adl_serializerES_IhSaIhEEEESaISC_EE7reserveEj
                0x0000000000021914      0x230 _build_vvtk_I03S-debug/UsrDataChannelHdl.o
                0x0000000000021914                std::vector<nlohmann::basic_json<std::map, std::vector, std::__cxx11::basic_string<char, std::char_traits<char>, std::allocator<char> >, bool, long long, unsigned long long, double, std::allocator, nlohmann::adl_serializer, std::vector<unsigned char, std::allocator<unsigned char> > >, std::allocator<nlohmann::basic_json<std::map, std::vector, std::__cxx11::basic_string<char, std::char_traits<char>, std::allocator<char> >, bool, long long, unsigned long long, double, std::allocator, nlohmann::adl_serializer, std::vector<unsigned char, std::allocator<unsigned char> > > > >::reserve(unsigned int)
 .text._ZN8nlohmann10basic_jsonISt3mapSt6vectorNSt7__cxx1112basic_stringIcSt11char_traitsIcESaIcEEEbxydSaNS_14adl_serializerES2_IhSaIhEEE10json_value7destroyENS_6detail7value_tE
                0x0000000000021b44      0x478 _build_vvtk_I03S-debug/UsrDataChannelHdl.o
                0x0000000000021b44                nlohmann::basic_json<std::map, std::vector, std::__cxx11::basic_string<char, std::char_traits<char>, std::allocator<char> >, bool, long long, unsigned long long, double, std::allocator, nlohmann::adl_serializer, std::vector<unsigned char, std::allocator<unsigned char> > >::json_value::destroy(nlohmann::detail::value_t)
 .text._ZN8nlohmann10basic_jsonISt3mapSt6vectorNSt7__cxx1112basic_stringIcSt11char_traitsIcESaIcEEEbxydSaNS_14adl_serializerES2_IhSaIhEEED2Ev
                0x0000000000021fbc       0xec _build_vvtk_I03S-debug/UsrDataChannelHdl.o
                0x0000000000021fbc                nlohmann::basic_json<std::map, std::vector, std::__cxx11::basic_string<char, std::char_traits<char>, std::allocator<char> >, bool, long long, unsigned long long, double, std::allocator, nlohmann::adl_serializer, std::vector<unsigned char, std::allocator<unsigned char> > >::~basic_json()
                0x0000000000021fbc                nlohmann::basic_json<std::map, std::vector, std::__cxx11::basic_string<char, std::char_traits<char>, std::allocator<char> >, bool, long long, unsigned long long, double, std::allocator, nlohmann::adl_serializer, std::vector<unsigned char, std::allocator<unsigned char> > >::~basic_json()
 .text._ZN8nlohmann6detail28json_sax_dom_callback_parserINS_10basic_jsonISt3mapSt6vectorNSt7__cxx1112basic_stringIcSt11char_traitsIcESaIcEEEbxydSaNS_14adl_serializerES4_IhSaIhEEEEED2Ev
                0x00000000000220a8       0x7c _build_vvtk_I03S-debug/UsrDataChannelHdl.o
                0x00000000000220a8                nlohmann::detail::json_sax_dom_callback_parser<nlohmann::basic_json<std::map, std::vector, std::__cxx11::basic_string<char, std::char_traits<char>, std::allocator<char> >, bool, long long, unsigned long long, double, std::allocator, nlohmann::adl_serializer, std::vector<unsigned char, std::allocator<unsigned char> > > >::~json_sax_dom_callback_parser()
                0x00000000000220a8                nlohmann::detail::json_sax_dom_callback_parser<nlohmann::basic_json<std::map, std::vector, std::__cxx11::basic_string<char, std::char_traits<char>, std::allocator<char> >, bool, long long, unsigned long long, double, std::allocator, nlohmann::adl_serializer, std::vector<unsigned char, std::allocator<unsigned char> > > >::~json_sax_dom_callback_parser()
 .text._ZN8nlohmann10basic_jsonISt3mapSt6vectorNSt7__cxx1112basic_stringIcSt11char_traitsIcESaIcEEEbxydSaNS_14adl_serializerES2_IhSaIhEEE10json_valueC2ENS_6detail7value_tE
                0x0000000000022124      0x12c _build_vvtk_I03S-debug/UsrDataChannelHdl.o
                0x0000000000022124                nlohmann::basic_json<std::map, std::vector, std::__cxx11::basic_string<char, std::char_traits<char>, std::allocator<char> >, bool, long long, unsigned long long, double, std::allocator, nlohmann::adl_serializer, std::vector<unsigned char, std::allocator<unsigned char> > >::json_value::json_value(nlohmann::detail::value_t)
                0x0000000000022124                nlohmann::basic_json<std::map, std::vector, std::__cxx11::basic_string<char, std::char_traits<char>, std::allocator<char> >, bool, long long, unsigned long long, double, std::allocator, nlohmann::adl_serializer, std::vector<unsigned char, std::allocator<unsigned char> > >::json_value::json_value(nlohmann::detail::value_t)
 .text._ZNSt6vectorIN8nlohmann10basic_jsonISt3mapS_NSt7__cxx1112basic_stringIcSt11char_traitsIcESaIcEEEbxydSaNS0_14adl_serializerES_IhSaIhEEEESaISC_EED2Ev
                0x0000000000022250      0x12c _build_vvtk_I03S-debug/UsrDataChannelHdl.o
                0x0000000000022250                std::vector<nlohmann::basic_json<std::map, std::vector, std::__cxx11::basic_string<char, std::char_traits<char>, std::allocator<char> >, bool, long long, unsigned long long, double, std::allocator, nlohmann::adl_serializer, std::vector<unsigned char, std::allocator<unsigned char> > >, std::allocator<nlohmann::basic_json<std::map, std::vector, std::__cxx11::basic_string<char, std::char_traits<char>, std::allocator<char> >, bool, long long, unsigned long long, double, std::allocator, nlohmann::adl_serializer, std::vector<unsigned char, std::allocator<unsigned char> > > > >::~vector()
                0x0000000000022250                std::vector<nlohmann::basic_json<std::map, std::vector, std::__cxx11::basic_string<char, std::char_traits<char>, std::allocator<char> >, bool, long long, unsigned long long, double, std::allocator, nlohmann::adl_serializer, std::vector<unsigned char, std::allocator<unsigned char> > >, std::allocator<nlohmann::basic_json<std::map, std::vector, std::__cxx11::basic_string<char, std::char_traits<char>, std::allocator<char> >, bool, long long, unsigned long long, double, std::allocator, nlohmann::adl_serializer, std::vector<unsigned char, std::allocator<unsigned char> > > > >::~vector()
 .text._ZNSt10_HashtableINSt7__cxx1112basic_stringIcSt11char_traitsIcESaIcEEESt4pairIKS5_St8functionIFvRN8nlohmann10basic_jsonISt3mapSt6vectorS5_bxydSaNS9_14adl_serializerESC_IhSaIhEEEEEEESaISK_ENSt8__detail10_Select1stESt8equal_toIS5_ESt4hashIS5_ENSM_18_Mod_range_hashingENSM_20_Default_ranged_hashENSM_20_Prime_rehash_policyENSM_17_Hashtable_traitsILb1ELb0ELb1EEEEC2IPKSK_EET_S11_jRKSR_RKSS_RKST_RKSP_RKSN_RKSL_
                0x000000000002237c      0x4e4 _build_vvtk_I03S-debug/UsrDataChannelHdl.o
                0x000000000002237c                std::_Hashtable<std::__cxx11::basic_string<char, std::char_traits<char>, std::allocator<char> >, std::pair<std::__cxx11::basic_string<char, std::char_traits<char>, std::allocator<char> > const, std::function<void (nlohmann::basic_json<std::map, std::vector, std::__cxx11::basic_string<char, std::char_traits<char>, std::allocator<char> >, bool, long long, unsigned long long, double, std::allocator, nlohmann::adl_serializer, std::vector<unsigned char, std::allocator<unsigned char> > >&)> >, std::allocator<std::pair<std::__cxx11::basic_string<char, std::char_traits<char>, std::allocator<char> > const, std::function<void (nlohmann::basic_json<std::map, std::vector, std::__cxx11::basic_string<char, std::char_traits<char>, std::allocator<char> >, bool, long long, unsigned long long, double, std::allocator, nlohmann::adl_serializer, std::vector<unsigned char, std::allocator<unsigned char> > >&)> > >, std::__detail::_Select1st, std::equal_to<std::__cxx11::basic_string<char, std::char_traits<char>, std::allocator<char> > >, std::hash<std::__cxx11::basic_string<char, std::char_traits<char>, std::allocator<char> > >, std::__detail::_Mod_range_hashing, std::__detail::_Default_ranged_hash, std::__detail::_Prime_rehash_policy, std::__detail::_Hashtable_traits<true, false, true> >::_Hashtable<std::pair<std::__cxx11::basic_string<char, std::char_traits<char>, std::allocator<char> > const, std::function<void (nlohmann::basic_json<std::map, std::vector, std::__cxx11::basic_string<char, std::char_traits<char>, std::allocator<char> >, bool, long long, unsigned long long, double, std::allocator, nlohmann::adl_serializer, std::vector<unsigned char, std::allocator<unsigned char> > >&)> > const*>(std::pair<std::__cxx11::basic_string<char, std::char_traits<char>, std::allocator<char> > const, std::function<void (nlohmann::basic_json<std::map, std::vector, std::__cxx11::basic_string<char, std::char_traits<char>, std::allocator<char> >, bool, long long, unsigned long long, double, std::allocator, nlohmann::adl_serializer, std::vector<unsigned char, std::allocator<unsigned char> > >&)> > const*, std::pair<std::__cxx11::basic_string<char, std::char_traits<char>, std::allocator<char> > const, std::function<void (nlohmann::basic_json<std::map, std::vector, std::__cxx11::basic_string<char, std::char_traits<char>, std::allocator<char> >, bool, long long, unsigned long long, double, std::allocator, nlohmann::adl_serializer, std::vector<unsigned char, std::allocator<unsigned char> > >&)> > const*, unsigned int, std::hash<std::__cxx11::basic_string<char, std::char_traits<char>, std::allocator<char> > > const&, std::__detail::_Mod_range_hashing const&, std::__detail::_Default_ranged_hash const&, std::equal_to<std::__cxx11::basic_string<char, std::char_traits<char>, std::allocator<char> > > const&, std::__detail::_Select1st const&, std::allocator<std::pair<std::__cxx11::basic_string<char, std::char_traits<char>, std::allocator<char> > const, std::function<void (nlohmann::basic_json<std::map, std::vector, std::__cxx11::basic_string<char, std::char_traits<char>, std::allocator<char> >, bool, long long, unsigned long long, double, std::allocator, nlohmann::adl_serializer, std::vector<unsigned char, std::allocator<unsigned char> > >&)> > > const&)
                0x000000000002237c                std::_Hashtable<std::__cxx11::basic_string<char, std::char_traits<char>, std::allocator<char> >, std::pair<std::__cxx11::basic_string<char, std::char_traits<char>, std::allocator<char> > const, std::function<void (nlohmann::basic_json<std::map, std::vector, std::__cxx11::basic_string<char, std::char_traits<char>, std::allocator<char> >, bool, long long, unsigned long long, double, std::allocator, nlohmann::adl_serializer, std::vector<unsigned char, std::allocator<unsigned char> > >&)> >, std::allocator<std::pair<std::__cxx11::basic_string<char, std::char_traits<char>, std::allocator<char> > const, std::function<void (nlohmann::basic_json<std::map, std::vector, std::__cxx11::basic_string<char, std::char_traits<char>, std::allocator<char> >, bool, long long, unsigned long long, double, std::allocator, nlohmann::adl_serializer, std::vector<unsigned char, std::allocator<unsigned char> > >&)> > >, std::__detail::_Select1st, std::equal_to<std::__cxx11::basic_string<char, std::char_traits<char>, std::allocator<char> > >, std::hash<std::__cxx11::basic_string<char, std::char_traits<char>, std::allocator<char> > >, std::__detail::_Mod_range_hashing, std::__detail::_Default_ranged_hash, std::__detail::_Prime_rehash_policy, std::__detail::_Hashtable_traits<true, false, true> >::_Hashtable<std::pair<std::__cxx11::basic_string<char, std::char_traits<char>, std::allocator<char> > const, std::function<void (nlohmann::basic_json<std::map, std::vector, std::__cxx11::basic_string<char, std::char_traits<char>, std::allocator<char> >, bool, long long, unsigned long long, double, std::allocator, nlohmann::adl_serializer, std::vector<unsigned char, std::allocator<unsigned char> > >&)> > const*>(std::pair<std::__cxx11::basic_string<char, std::char_traits<char>, std::allocator<char> > const, std::function<void (nlohmann::basic_json<std::map, std::vector, std::__cxx11::basic_string<char, std::char_traits<char>, std::allocator<char> >, bool, long long, unsigned long long, double, std::allocator, nlohmann::adl_serializer, std::vector<unsigned char, std::allocator<unsigned char> > >&)> > const*, std::pair<std::__cxx11::basic_string<char, std::char_traits<char>, std::allocator<char> > const, std::function<void (nlohmann::basic_json<std::map, std::vector, std::__cxx11::basic_string<char, std::char_traits<char>, std::allocator<char> >, bool, long long, unsigned long long, double, std::allocator, nlohmann::adl_serializer, std::vector<unsigned char, std::allocator<unsigned char> > >&)> > const*, unsigned int, std::hash<std::__cxx11::basic_string<char, std::char_traits<char>, std::allocator<char> > > const&, std::__detail::_Mod_range_hashing const&, std::__detail::_Default_ranged_hash const&, std::equal_to<std::__cxx11::basic_string<char, std::char_traits<char>, std::allocator<char> > > const&, std::__detail::_Select1st const&, std::allocator<std::pair<std::__cxx11::basic_string<char, std::char_traits<char>, std::allocator<char> > const, std::function<void (nlohmann::basic_json<std::map, std::vector, std::__cxx11::basic_string<char, std::char_traits<char>, std::allocator<char> >, bool, long long, unsigned long long, double, std::allocator, nlohmann::adl_serializer, std::vector<unsigned char, std::allocator<unsigned char> > >&)> > > const&)
 .text._ZNK8nlohmann6detail5lexerINS_10basic_jsonISt3mapSt6vectorNSt7__cxx1112basic_stringIcSt11char_traitsIcESaIcEEEbxydSaNS_14adl_serializerES4_IhSaIhEEEENS0_22iterator_input_adapterIN9__gnu_cxx17__normal_iteratorIPKcSA_EEEEE16get_token_stringEv
                0x0000000000022860      0x134 _build_vvtk_I03S-debug/UsrDataChannelHdl.o
                0x0000000000022860                nlohmann::detail::lexer<nlohmann::basic_json<std::map, std::vector, std::__cxx11::basic_string<char, std::char_traits<char>, std::allocator<char> >, bool, long long, unsigned long long, double, std::allocator, nlohmann::adl_serializer, std::vector<unsigned char, std::allocator<unsigned char> > >, nlohmann::detail::iterator_input_adapter<__gnu_cxx::__normal_iterator<char const*, std::__cxx11::basic_string<char, std::char_traits<char>, std::allocator<char> > > > >::get_token_string() const
 .text._ZN8nlohmann6detail6parserINS_10basic_jsonISt3mapSt6vectorNSt7__cxx1112basic_stringIcSt11char_traitsIcESaIcEEEbxydSaNS_14adl_serializerES4_IhSaIhEEEENS0_22iterator_input_adapterIN9__gnu_cxx17__normal_iteratorIPKcSA_EEEEE17exception_messageENS0_10lexer_baseISE_E10token_typeERKSA_
                0x0000000000022994      0x5d4 _build_vvtk_I03S-debug/UsrDataChannelHdl.o
                0x0000000000022994                nlohmann::detail::parser<nlohmann::basic_json<std::map, std::vector, std::__cxx11::basic_string<char, std::char_traits<char>, std::allocator<char> >, bool, long long, unsigned long long, double, std::allocator, nlohmann::adl_serializer, std::vector<unsigned char, std::allocator<unsigned char> > >, nlohmann::detail::iterator_input_adapter<__gnu_cxx::__normal_iterator<char const*, std::__cxx11::basic_string<char, std::char_traits<char>, std::allocator<char> > > > >::exception_message(nlohmann::detail::lexer_base<nlohmann::basic_json<std::map, std::vector, std::__cxx11::basic_string<char, std::char_traits<char>, std::allocator<char> >, bool, long long, unsigned long long, double, std::allocator, nlohmann::adl_serializer, std::vector<unsigned char, std::allocator<unsigned char> > > >::token_type, std::__cxx11::basic_string<char, std::char_traits<char>, std::allocator<char> > const&)
 .text._ZN8nlohmann6detail10serializerINS_10basic_jsonISt3mapSt6vectorNSt7__cxx1112basic_stringIcSt11char_traitsIcESaIcEEEbxydSaNS_14adl_serializerES4_IhSaIhEEEEE12dump_escapedERKSA_b
                0x0000000000022f68      0xa08 _build_vvtk_I03S-debug/UsrDataChannelHdl.o
                0x0000000000022f68                nlohmann::detail::serializer<nlohmann::basic_json<std::map, std::vector, std::__cxx11::basic_string<char, std::char_traits<char>, std::allocator<char> >, bool, long long, unsigned long long, double, std::allocator, nlohmann::adl_serializer, std::vector<unsigned char, std::allocator<unsigned char> > > >::dump_escaped(std::__cxx11::basic_string<char, std::char_traits<char>, std::allocator<char> > const&, bool)
 .text._ZN8nlohmann6detail10serializerINS_10basic_jsonISt3mapSt6vectorNSt7__cxx1112basic_stringIcSt11char_traitsIcESaIcEEEbxydSaNS_14adl_serializerES4_IhSaIhEEEEE12dump_integerIhLi0EEEvT_
                0x0000000000023970      0x1e4 _build_vvtk_I03S-debug/UsrDataChannelHdl.o
                0x0000000000023970                void nlohmann::detail::serializer<nlohmann::basic_json<std::map, std::vector, std::__cxx11::basic_string<char, std::char_traits<char>, std::allocator<char> >, bool, long long, unsigned long long, double, std::allocator, nlohmann::adl_serializer, std::vector<unsigned char, std::allocator<unsigned char> > > >::dump_integer<unsigned char, 0>(unsigned char)
 .text._ZN8nlohmann6detail10serializerINS_10basic_jsonISt3mapSt6vectorNSt7__cxx1112basic_stringIcSt11char_traitsIcESaIcEEEbxydSaNS_14adl_serializerES4_IhSaIhEEEEE12dump_integerIyLi0EEEvT_
                0x0000000000023b54      0x304 _build_vvtk_I03S-debug/UsrDataChannelHdl.o
                0x0000000000023b54                void nlohmann::detail::serializer<nlohmann::basic_json<std::map, std::vector, std::__cxx11::basic_string<char, std::char_traits<char>, std::allocator<char> >, bool, long long, unsigned long long, double, std::allocator, nlohmann::adl_serializer, std::vector<unsigned char, std::allocator<unsigned char> > > >::dump_integer<unsigned long long, 0>(unsigned long long)
 .text._ZNSt7__cxx1112basic_stringIcSt11char_traitsIcESaIcEE12_M_constructIPcEEvT_S7_St20forward_iterator_tag
                0x0000000000023e58       0xb0 _build_vvtk_I03S-debug/UsrDataChannelHdl.o
                0x0000000000023e58                void std::__cxx11::basic_string<char, std::char_traits<char>, std::allocator<char> >::_M_construct<char*>(char*, char*, std::forward_iterator_tag)
 .text._ZN8nlohmann6detail12out_of_range6createINS_10basic_jsonISt3mapSt6vectorNSt7__cxx1112basic_stringIcSt11char_traitsIcESaIcEEEbxydSaNS_14adl_serializerES5_IhSaIhEEEEEES1_iRKSB_RKT_
                0x0000000000023f08      0x2a4 _build_vvtk_I03S-debug/UsrDataChannelHdl.o
                0x0000000000023f08                nlohmann::detail::out_of_range nlohmann::detail::out_of_range::create<nlohmann::basic_json<std::map, std::vector, std::__cxx11::basic_string<char, std::char_traits<char>, std::allocator<char> >, bool, long long, unsigned long long, double, std::allocator, nlohmann::adl_serializer, std::vector<unsigned char, std::allocator<unsigned char> > > >(int, std::__cxx11::basic_string<char, std::char_traits<char>, std::allocator<char> > const&, nlohmann::basic_json<std::map, std::vector, std::__cxx11::basic_string<char, std::char_traits<char>, std::allocator<char> >, bool, long long, unsigned long long, double, std::allocator, nlohmann::adl_serializer, std::vector<unsigned char, std::allocator<unsigned char> > > const&)
 .text._ZNSt13_Bvector_baseISaIbEE13_M_deallocateEv
                0x00000000000241ac       0x40 _build_vvtk_I03S-debug/UsrDataChannelHdl.o
                0x00000000000241ac                std::_Bvector_base<std::allocator<bool> >::_M_deallocate()
 .text._ZNSt6vectorIbSaIbEE13_M_insert_auxESt13_Bit_iteratorb
                0x00000000000241ec      0x308 _build_vvtk_I03S-debug/UsrDataChannelHdl.o
                0x00000000000241ec                std::vector<bool, std::allocator<bool> >::_M_insert_aux(std::_Bit_iterator, bool)
 .text._ZNSt6vectorIbSaIbEE9push_backEb
                0x00000000000244f4       0x7c _build_vvtk_I03S-debug/UsrDataChannelHdl.o
                0x00000000000244f4                std::vector<bool, std::allocator<bool> >::push_back(bool)
 .text._ZN8nlohmann6detail28json_sax_dom_callback_parserINS_10basic_jsonISt3mapSt6vectorNSt7__cxx1112basic_stringIcSt11char_traitsIcESaIcEEEbxydSaNS_14adl_serializerES4_IhSaIhEEEEE12handle_valueINS0_7value_tEEESt4pairIbPSE_EOT_b
                0x0000000000024570      0x2e4 _build_vvtk_I03S-debug/UsrDataChannelHdl.o
                0x0000000000024570                std::pair<bool, nlohmann::basic_json<std::map, std::vector, std::__cxx11::basic_string<char, std::char_traits<char>, std::allocator<char> >, bool, long long, unsigned long long, double, std::allocator, nlohmann::adl_serializer, std::vector<unsigned char, std::allocator<unsigned char> > >*> nlohmann::detail::json_sax_dom_callback_parser<nlohmann::basic_json<std::map, std::vector, std::__cxx11::basic_string<char, std::char_traits<char>, std::allocator<char> >, bool, long long, unsigned long long, double, std::allocator, nlohmann::adl_serializer, std::vector<unsigned char, std::allocator<unsigned char> > > >::handle_value<nlohmann::detail::value_t>(nlohmann::detail::value_t&&, bool)
 .text._ZN8nlohmann10basic_jsonISt3mapSt6vectorNSt7__cxx1112basic_stringIcSt11char_traitsIcESaIcEEEbxydSaNS_14adl_serializerES2_IhSaIhEEEC2ERKSC_
                0x0000000000024854      0x2d4 _build_vvtk_I03S-debug/UsrDataChannelHdl.o
                0x0000000000024854                nlohmann::basic_json<std::map, std::vector, std::__cxx11::basic_string<char, std::char_traits<char>, std::allocator<char> >, bool, long long, unsigned long long, double, std::allocator, nlohmann::adl_serializer, std::vector<unsigned char, std::allocator<unsigned char> > >::basic_json(nlohmann::basic_json<std::map, std::vector, std::__cxx11::basic_string<char, std::char_traits<char>, std::allocator<char> >, bool, long long, unsigned long long, double, std::allocator, nlohmann::adl_serializer, std::vector<unsigned char, std::allocator<unsigned char> > > const&)
                0x0000000000024854                nlohmann::basic_json<std::map, std::vector, std::__cxx11::basic_string<char, std::char_traits<char>, std::allocator<char> >, bool, long long, unsigned long long, double, std::allocator, nlohmann::adl_serializer, std::vector<unsigned char, std::allocator<unsigned char> > >::basic_json(nlohmann::basic_json<std::map, std::vector, std::__cxx11::basic_string<char, std::char_traits<char>, std::allocator<char> >, bool, long long, unsigned long long, double, std::allocator, nlohmann::adl_serializer, std::vector<unsigned char, std::allocator<unsigned char> > > const&)
 .text._ZN8nlohmann6detail28json_sax_dom_callback_parserINS_10basic_jsonISt3mapSt6vectorNSt7__cxx1112basic_stringIcSt11char_traitsIcESaIcEEEbxydSaNS_14adl_serializerES4_IhSaIhEEEEE9end_arrayEv
                0x0000000000024b28      0x184 _build_vvtk_I03S-debug/UsrDataChannelHdl.o
                0x0000000000024b28                nlohmann::detail::json_sax_dom_callback_parser<nlohmann::basic_json<std::map, std::vector, std::__cxx11::basic_string<char, std::char_traits<char>, std::allocator<char> >, bool, long long, unsigned long long, double, std::allocator, nlohmann::adl_serializer, std::vector<unsigned char, std::allocator<unsigned char> > > >::end_array()
 .text._ZNSt8_Rb_treeINSt7__cxx1112basic_stringIcSt11char_traitsIcESaIcEEESt4pairIKS5_N8nlohmann10basic_jsonISt3mapSt6vectorS5_bxydSaNS8_14adl_serializerESB_IhSaIhEEEEESt10_Select1stISG_ESt4lessIvESaISG_EE7_M_copyINSM_11_Alloc_nodeEEEPSt13_Rb_tree_nodeISG_EPKSQ_PSt18_Rb_tree_node_baseRT_.isra.0
                0x0000000000024cac      0x2c0 _build_vvtk_I03S-debug/UsrDataChannelHdl.o