
Discarded input sections

 .note.GNU-stack
                0x0000000000000000        0x0 /home/it/Desktop/Camera/cam/rts39xx_sdk_v5.0.1/toolchain/tool/bin/../lib/gcc/arm-linux-uclibcgnueabi/10.3.1/../../../../arm-linux-uclibcgnueabi/lib/crt1.o
 .note.GNU-stack
                0x0000000000000000        0x0 /home/it/Desktop/Camera/cam/rts39xx_sdk_v5.0.1/toolchain/tool/bin/../lib/gcc/arm-linux-uclibcgnueabi/10.3.1/../../../../arm-linux-uclibcgnueabi/lib/crti.o
 .note.GNU-stack
                0x0000000000000000        0x0 /home/it/Desktop/Camera/cam/rts39xx_sdk_v5.0.1/toolchain/tool/bin/../lib/gcc/arm-linux-uclibcgnueabi/10.3.1/crtbegin.o
 .debug_info    0x0000000000000000     0x92a3 _build_vvtk_I03S-debug/ak.o
 .debug_abbrev  0x0000000000000000      0xa59 _build_vvtk_I03S-debug/ak.o
 .debug_loc     0x0000000000000000     0x3fd7 _build_vvtk_I03S-debug/ak.o
 .debug_aranges
                0x0000000000000000       0x28 _build_vvtk_I03S-debug/ak.o
 .debug_ranges  0x0000000000000000      0xdb0 _build_vvtk_I03S-debug/ak.o
 .debug_line    0x0000000000000000     0x2453 _build_vvtk_I03S-debug/ak.o
 .debug_str     0x0000000000000000     0x7c9e _build_vvtk_I03S-debug/ak.o
 .note.GNU-stack
                0x0000000000000000        0x0 _build_vvtk_I03S-debug/ak.o
 .debug_frame   0x0000000000000000      0x5ac _build_vvtk_I03S-debug/ak.o
 .debug_info    0x0000000000000000      0xc3a _build_vvtk_I03S-debug/message.o
 .debug_abbrev  0x0000000000000000      0x2c9 _build_vvtk_I03S-debug/message.o
 .debug_loc     0x0000000000000000      0x1dd _build_vvtk_I03S-debug/message.o
 .debug_aranges
                0x0000000000000000       0x20 _build_vvtk_I03S-debug/message.o
 .debug_line    0x0000000000000000      0x54b _build_vvtk_I03S-debug/message.o
 .debug_str     0x0000000000000000      0x58e _build_vvtk_I03S-debug/message.o
 .note.GNU-stack
                0x0000000000000000        0x0 _build_vvtk_I03S-debug/message.o
 .debug_frame   0x0000000000000000       0xb8 _build_vvtk_I03S-debug/message.o
 .debug_info    0x0000000000000000     0x5e8a _build_vvtk_I03S-debug/timer.o
 .debug_abbrev  0x0000000000000000      0x8db _build_vvtk_I03S-debug/timer.o
 .debug_loc     0x0000000000000000      0x42e _build_vvtk_I03S-debug/timer.o
 .debug_aranges
                0x0000000000000000       0x20 _build_vvtk_I03S-debug/timer.o
 .debug_line    0x0000000000000000      0xbd7 _build_vvtk_I03S-debug/timer.o
 .debug_str     0x0000000000000000     0x75db _build_vvtk_I03S-debug/timer.o
 .note.GNU-stack
                0x0000000000000000        0x0 _build_vvtk_I03S-debug/timer.o
 .debug_frame   0x0000000000000000      0x100 _build_vvtk_I03S-debug/timer.o
 .debug_info    0x0000000000000000      0x914 _build_vvtk_I03S-debug/fsm.o
 .debug_abbrev  0x0000000000000000      0x1e3 _build_vvtk_I03S-debug/fsm.o
 .debug_loc     0x0000000000000000       0x4a _build_vvtk_I03S-debug/fsm.o
 .debug_aranges
                0x0000000000000000       0x20 _build_vvtk_I03S-debug/fsm.o
 .debug_line    0x0000000000000000      0x30c _build_vvtk_I03S-debug/fsm.o
 .debug_str     0x0000000000000000      0x3dd _build_vvtk_I03S-debug/fsm.o
 .note.GNU-stack
                0x0000000000000000        0x0 _build_vvtk_I03S-debug/fsm.o
 .debug_frame   0x0000000000000000       0x20 _build_vvtk_I03S-debug/fsm.o
 .debug_info    0x0000000000000000      0xa83 _build_vvtk_I03S-debug/tsm.o
 .debug_abbrev  0x0000000000000000      0x25e _build_vvtk_I03S-debug/tsm.o
 .debug_loc     0x0000000000000000      0x1b3 _build_vvtk_I03S-debug/tsm.o
 .debug_aranges
                0x0000000000000000       0x20 _build_vvtk_I03S-debug/tsm.o
 .debug_line    0x0000000000000000      0x3de _build_vvtk_I03S-debug/tsm.o
 .debug_str     0x0000000000000000      0x4b3 _build_vvtk_I03S-debug/tsm.o
 .note.GNU-stack
                0x0000000000000000        0x0 _build_vvtk_I03S-debug/tsm.o
 .debug_frame   0x0000000000000000       0x60 _build_vvtk_I03S-debug/tsm.o
 .debug_info    0x0000000000000000      0xa9e _build_vvtk_I03S-debug/sys_dbg.o
 .debug_abbrev  0x0000000000000000      0x28c _build_vvtk_I03S-debug/sys_dbg.o
 .debug_loc     0x0000000000000000       0x9d _build_vvtk_I03S-debug/sys_dbg.o
 .debug_aranges
                0x0000000000000000       0x20 _build_vvtk_I03S-debug/sys_dbg.o
 .debug_line    0x0000000000000000      0x479 _build_vvtk_I03S-debug/sys_dbg.o
 .debug_str     0x0000000000000000      0x453 _build_vvtk_I03S-debug/sys_dbg.o
 .note.GNU-stack
                0x0000000000000000        0x0 _build_vvtk_I03S-debug/sys_dbg.o
 .debug_frame   0x0000000000000000       0x48 _build_vvtk_I03S-debug/sys_dbg.o
 .group         0x0000000000000000       0x14 _build_vvtk_I03S-debug/app.o
 .group         0x0000000000000000       0x2c _build_vvtk_I03S-debug/app.o
 .group         0x0000000000000000       0x1c _build_vvtk_I03S-debug/app.o
 .group         0x0000000000000000       0x18 _build_vvtk_I03S-debug/app.o
 .group         0x0000000000000000       0x1c _build_vvtk_I03S-debug/app.o
[...]
Memory Configuration

Name             Origin             Length             Attributes
*default*        0x0000000000000000 0xffffffffffffffff

Linker script and memory map

LOAD /home/it/Desktop/Camera/cam/rts39xx_sdk_v5.0.1/toolchain/tool/bin/../lib/gcc/arm-linux-uclibcgnueabi/10.3.1/../../../../arm-linux-uclibcgnueabi/lib/crt1.o
LOAD /home/it/Desktop/Camera/cam/rts39xx_sdk_v5.0.1/toolchain/tool/bin/../lib/gcc/arm-linux-uclibcgnueabi/10.3.1/../../../../arm-linux-uclibcgnueabi/lib/crti.o
LOAD /home/it/Desktop/Camera/cam/rts39xx_sdk_v5.0.1/toolchain/tool/bin/../lib/gcc/arm-linux-uclibcgnueabi/10.3.1/crtbegin.o
LOAD _build_vvtk_I03S-debug/ak.o
LOAD _build_vvtk_I03S-debug/message.o
LOAD _build_vvtk_I03S-debug/timer.o
LOAD _build_vvtk_I03S-debug/fsm.o
LOAD _build_vvtk_I03S-debug/tsm.o
LOAD _build_vvtk_I03S-debug/sys_dbg.o
LOAD _build_vvtk_I03S-debug/app.o
LOAD _build_vvtk_I03S-debug/task_list.o
LOAD _build_vvtk_I03S-debug/task_webrtc.o
LOAD _build_vvtk_I03S-debug/app_config.o
LOAD _build_vvtk_I03S-debug/app_data.o
LOAD _build_vvtk_I03S-debug/cmd_line.o
LOAD _build_vvtk_I03S-debug/jsmn.o
LOAD _build_vvtk_I03S-debug/utils.o
LOAD _build_vvtk_I03S-debug/fifo.o
LOAD sources/libraries/arm_rts/lib/libmosquittopp.a
LOAD sources/libraries/arm_rts/lib/libmosquitto.a
LOAD sources/libraries/arm_rts/libdatachannel/lib/libdatachannel.a
LOAD sources/libraries/arm_rts/libdatachannel/lib/libjuice.a
LOAD sources/libraries/arm_rts/libdatachannel/lib/libsrtp2.a
LOAD sources/libraries/arm_rts/libdatachannel/lib/libusrsctp.a
LOAD sources/libraries/arm_rts/lib/libs3.a
LOAD /home/it/Desktop/Camera/cam/rts39xx_sdk_v5.0.1/toolchain/tool/bin/../lib/gcc/arm-linux-uclibcgnueabi/10.3.1/../../../../arm-linux-uclibcgnueabi/lib/libpthread.a
LOAD /home/it/Desktop/Camera/cam/rts39xx_sdk_v5.0.1/toolchain/tool/bin/../lib/gcc/arm-linux-uclibcgnueabi/10.3.1/../../../../arm-linux-uclibcgnueabi/lib/librt.a
LOAD sources/libraries/arm_rts/lib/libcurl.so
LOAD sources/libraries/arm_rts/lib/libcrypto.so
LOAD sources/libraries/arm_rts/lib/libssl.so
LOAD /home/it/Desktop/Camera/cam/rts39xx_sdk_v5.0.1/toolchain/tool/bin/../lib/gcc/arm-linux-uclibcgnueabi/10.3.1/../../../../arm-linux-uclibcgnueabi/lib/libm.a
LOAD sources/libraries/libvvtk/lib/libvvtkhal.so
LOAD /home/it/Desktop/Camera/cam/rts39xx_sdk_v5.0.1/toolchain/tool/bin/../lib/gcc/arm-linux-uclibcgnueabi/10.3.1/../../../../arm-linux-uclibcgnueabi/lib/libstdc++.so
LOAD /home/it/Desktop/Camera/cam/rts39xx_sdk_v5.0.1/toolchain/tool/bin/../lib/gcc/arm-linux-uclibcgnueabi/10.3.1/../../../../arm-linux-uclibcgnueabi/lib/libm.a
LOAD /home/it/Desktop/Camera/cam/rts39xx_sdk_v5.0.1/toolchain/tool/bin/../lib/gcc/arm-linux-uclibcgnueabi/10.3.1/../../../../arm-linux-uclibcgnueabi/lib/libgcc_s.so
START GROUP
LOAD /home/it/Desktop/Camera/cam/rts39xx_sdk_v5.0.1/toolchain/tool/bin/../lib/gcc/arm-linux-uclibcgnueabi/10.3.1/../../../../arm-linux-uclibcgnueabi/lib/libgcc_s.so.1
LOAD /home/it/Desktop/Camera/cam/rts39xx_sdk_v5.0.1/toolchain/tool/bin/../lib/gcc/arm-linux-uclibcgnueabi/10.3.1/libgcc.a
END GROUP
LOAD /home/it/Desktop/Camera/cam/rts39xx_sdk_v5.0.1/toolchain/tool/bin/../lib/gcc/arm-linux-uclibcgnueabi/10.3.1/libgcc.a
LOAD /home/it/Desktop/Camera/cam/rts39xx_sdk_v5.0.1/toolchain/tool/bin/../lib/gcc/arm-linux-uclibcgnueabi/10.3.1/../../../../arm-linux-uclibcgnueabi/lib/libc.so
START GROUP
LOAD /home/it/Desktop/Camera/cam/rts39xx_sdk_v5.0.1/toolchain/tool/bin/../lib/gcc/arm-linux-uclibcgnueabi/10.3.1/../../../../arm-linux-uclibcgnueabi/lib/libc.so.1
LOAD /home/it/Desktop/Camera/cam/rts39xx_sdk_v5.0.1/toolchain/tool/bin/../lib/gcc/arm-linux-uclibcgnueabi/10.3.1/../../../../arm-linux-uclibcgnueabi/lib/uclibc_nonshared.a
LOAD /home/it/Desktop/Camera/cam/rts39xx_sdk_v5.0.1/toolchain/tool/bin/../lib/gcc/arm-linux-uclibcgnueabi/10.3.1/../../../../arm-linux-uclibcgnueabi/lib/libpthread_nonshared.a
LOAD /home/it/Desktop/Camera/cam/rts39xx_sdk_v5.0.1/toolchain/tool/bin/../lib/gcc/arm-linux-uclibcgnueabi/10.3.1/../../../../arm-linux-uclibcgnueabi/lib/ld-uClibc.so.1
END GROUP
LOAD /home/it/Desktop/Camera/cam/rts39xx_sdk_v5.0.1/toolchain/tool/bin/../lib/gcc/arm-linux-uclibcgnueabi/10.3.1/../../../../arm-linux-uclibcgnueabi/lib/libgcc_s.so
START GROUP
LOAD /home/it/Desktop/Camera/cam/rts39xx_sdk_v5.0.1/toolchain/tool/bin/../lib/gcc/arm-linux-uclibcgnueabi/10.3.1/../../../../arm-linux-uclibcgnueabi/lib/libgcc_s.so.1
LOAD /home/it/Desktop/Camera/cam/rts39xx_sdk_v5.0.1/toolchain/tool/bin/../lib/gcc/arm-linux-uclibcgnueabi/10.3.1/libgcc.a
END GROUP
LOAD /home/it/Desktop/Camera/cam/rts39xx_sdk_v5.0.1/toolchain/tool/bin/../lib/gcc/arm-linux-uclibcgnueabi/10.3.1/libgcc.a
LOAD /home/it/Desktop/Camera/cam/rts39xx_sdk_v5.0.1/toolchain/tool/bin/../lib/gcc/arm-linux-uclibcgnueabi/10.3.1/crtend.o
LOAD /home/it/Desktop/Camera/cam/rts39xx_sdk_v5.0.1/toolchain/tool/bin/../lib/gcc/arm-linux-uclibcgnueabi/10.3.1/../../../../arm-linux-uclibcgnueabi/lib/crtn.o
                [!provide]                        PROVIDE (__executable_start = SEGMENT_START ("text-segment", 0x10000))
                0x0000000000010154                . = (SEGMENT_START ("text-segment", 0x10000) + SIZEOF_HEADERS)

.interp         0x0000000000010154       0x14
 *(.interp)
 .interp        0x0000000000010154       0x14 /home/it/Desktop/Camera/cam/rts39xx_sdk_v5.0.1/toolchain/tool/bin/../lib/gcc/arm-linux-uclibcgnueabi/10.3.1/../../../../arm-linux-uclibcgnueabi/lib/crt1.o

.note.gnu.build-id
                0x0000000000010168       0x24
 *(.note.gnu.build-id)
 .note.gnu.build-id
                0x0000000000010168       0x24 linker stubs

.hash           0x000000000001018c      0x4a4
 *(.hash)
 .hash          0x000000000001018c      0x4a4 /home/it/Desktop/Camera/cam/rts39xx_sdk_v5.0.1/toolchain/tool/bin/../lib/gcc/arm-linux-uclibcgnueabi/10.3.1/../../../../arm-linux-uclibcgnueabi/lib/crt1.o

.gnu.hash       0x0000000000010630      0x510
 *(.gnu.hash)
 .gnu.hash      0x0000000000010630      0x510 /home/it/Desktop/Camera/cam/rts39xx_sdk_v5.0.1/toolchain/tool/bin/../lib/gcc/arm-linux-uclibcgnueabi/10.3.1/../../../../arm-linux-uclibcgnueabi/lib/crt1.o

.dynsym         0x0000000000010b40      0xa40
 *(.dynsym)
 .dynsym        0x0000000000010b40      0xa40 /home/it/Desktop/Camera/cam/rts39xx_sdk_v5.0.1/toolchain/tool/bin/../lib/gcc/arm-linux-uclibcgnueabi/10.3.1/../../../../arm-linux-uclibcgnueabi/lib/crt1.o

.dynstr         0x0000000000011580     0x1139
 *(.dynstr)
 .dynstr        0x0000000000011580     0x1139 /home/it/Desktop/Camera/cam/rts39xx_sdk_v5.0.1/toolchain/tool/bin/../lib/gcc/arm-linux-uclibcgnueabi/10.3.1/../../../../arm-linux-uclibcgnueabi/lib/crt1.o

.gnu.version    0x00000000000126ba      0x148
 *(.gnu.version)
 .gnu.version   0x00000000000126ba      0x148 /home/it/Desktop/Camera/cam/rts39xx_sdk_v5.0.1/toolchain/tool/bin/../lib/gcc/arm-linux-uclibcgnueabi/10.3.1/../../../../arm-linux-uclibcgnueabi/lib/crt1.o

.gnu.version_d  0x0000000000012804        0x0
 *(.gnu.version_d)
 .gnu.version_d
                0x0000000000012804        0x0 /home/it/Desktop/Camera/cam/rts39xx_sdk_v5.0.1/toolchain/tool/bin/../lib/gcc/arm-linux-uclibcgnueabi/10.3.1/../../../../arm-linux-uclibcgnueabi/lib/crt1.o

.gnu.version_r  0x0000000000012804       0xe0
 *(.gnu.version_r)
 .gnu.version_r
                0x0000000000012804       0xe0 /home/it/Desktop/Camera/cam/rts39xx_sdk_v5.0.1/toolchain/tool/bin/../lib/gcc/arm-linux-uclibcgnueabi/10.3.1/../../../../arm-linux-uclibcgnueabi/lib/crt1.o

.rel.dyn        0x00000000000128e4       0x58
 *(.rel.init)
 *(.rel.text .rel.text.* .rel.gnu.linkonce.t.*)
 *(.rel.fini)
 *(.rel.rodata .rel.rodata.* .rel.gnu.linkonce.r.*)
 *(.rel.data.rel.ro .rel.data.rel.ro.* .rel.gnu.linkonce.d.rel.ro.*)
 .rel.data.rel.ro
                0x00000000000128e4       0x48 /home/it/Desktop/Camera/cam/rts39xx_sdk_v5.0.1/toolchain/tool/bin/../lib/gcc/arm-linux-uclibcgnueabi/10.3.1/../../../../arm-linux-uclibcgnueabi/lib/crt1.o
 *(.rel.data .rel.data.* .rel.gnu.linkonce.d.*)
 *(.rel.tdata .rel.tdata.* .rel.gnu.linkonce.td.*)
 *(.rel.tbss .rel.tbss.* .rel.gnu.linkonce.tb.*)
 *(.rel.ctors)
 *(.rel.dtors)
 *(.rel.got)
 .rel.got       0x000000000001292c        0x8 /home/it/Desktop/Camera/cam/rts39xx_sdk_v5.0.1/toolchain/tool/bin/../lib/gcc/arm-linux-uclibcgnueabi/10.3.1/../../../../arm-linux-uclibcgnueabi/lib/crt1.o
 *(.rel.bss .rel.bss.* .rel.gnu.linkonce.b.*)
 .rel.bss       0x0000000000012934        0x8 /home/it/Desktop/Camera/cam/rts39xx_sdk_v5.0.1/toolchain/tool/bin/../lib/gcc/arm-linux-uclibcgnueabi/10.3.1/../../../../arm-linux-uclibcgnueabi/lib/crt1.o
                [!provide]                        PROVIDE (__rel_iplt_start = .)
 *(.rel.iplt)
 .rel.iplt      0x000000000001293c        0x0 /home/it/Desktop/Camera/cam/rts39xx_sdk_v5.0.1/toolchain/tool/bin/../lib/gcc/arm-linux-uclibcgnueabi/10.3.1/../../../../arm-linux-uclibcgnueabi/lib/crt1.o
                [!provide]                        PROVIDE (__rel_iplt_end = .)

.rela.dyn       0x000000000001293c        0x0
 *(.rela.init)
 *(.rela.text .rela.text.* .rela.gnu.linkonce.t.*)
 *(.rela.fini)
 *(.rela.rodata .rela.rodata.* .rela.gnu.linkonce.r.*)
 *(.rela.data .rela.data.* .rela.gnu.linkonce.d.*)
 *(.rela.tdata .rela.tdata.* .rela.gnu.linkonce.td.*)
 *(.rela.tbss .rela.tbss.* .rela.gnu.linkonce.tb.*)
 *(.rela.ctors)
 *(.rela.dtors)
 *(.rela.got)
 *(.rela.bss .rela.bss.* .rela.gnu.linkonce.b.*)
                [!provide]                        PROVIDE (__rela_iplt_start = .)
 *(.rela.iplt)
                [!provide]                        PROVIDE (__rela_iplt_end = .)

.rel.plt        0x000000000001293c      0x488
 *(.rel.plt)
 .rel.plt       0x000000000001293c      0x488 /home/it/Desktop/Camera/cam/rts39xx_sdk_v5.0.1/toolchain/tool/bin/../lib/gcc/arm-linux-uclibcgnueabi/10.3.1/../../../../arm-linux-uclibcgnueabi/lib/crt1.o

.rela.plt
 *(.rela.plt)

.init           0x0000000000012dc4       0x10
 *(SORT_NONE(.init))
 .init          0x0000000000012dc4        0xc /home/it/Desktop/Camera/cam/rts39xx_sdk_v5.0.1/toolchain/tool/bin/../lib/gcc/arm-linux-uclibcgnueabi/10.3.1/../../../../arm-linux-uclibcgnueabi/lib/crti.o
                0x0000000000012dc4                _init
 .init          0x0000000000012dd0        0x4 /home/it/Desktop/Camera/cam/rts39xx_sdk_v5.0.1/toolchain/tool/bin/../lib/gcc/arm-linux-uclibcgnueabi/10.3.1/../../../../arm-linux-uclibcgnueabi/lib/crtn.o

.plt            0x0000000000012dd4      0x6e0
 *(.plt)
 .plt           0x0000000000012dd4      0x6e0 /home/it/Desktop/Camera/cam/rts39xx_sdk_v5.0.1/toolchain/tool/bin/../lib/gcc/arm-linux-uclibcgnueabi/10.3.1/../../../../arm-linux-uclibcgnueabi/lib/crt1.o
                0x0000000000012de8                std::ostream::put(char)@@GLIBCXX_3.4
                0x0000000000012df4                pthread_cond_signal
                0x0000000000012e00                pthread_attr_setschedpolicy
                0x0000000000012e0c                operator new(unsigned int)@@GLIBCXX_3.4
                0x0000000000012e18                std::chrono::_V2::system_clock::now()@@GLIBCXX_3.4.19
                0x0000000000012e24                __aeabi_uldivmod@@GCC_3.5
                0x0000000000012e30                strncpy
                0x0000000000012e3c                execve
                0x0000000000012e48                exit
                0x0000000000012e54                std::_Rb_tree_insert_and_rebalance(bool, std::_Rb_tree_node_base*, std::_Rb_tree_node_base*, std::_Rb_tree_node_base&)@@GLIBCXX_3.4
                0x0000000000012e60                strlen
                0x0000000000012e6c                __aeabi_atexit@@CXXABI_ARM_1.3.3
                0x0000000000012e78                printf
                0x0000000000012e84                std::basic_fstream<char, std::char_traits<char> >::~basic_fstream()@@GLIBCXX_3.4
                0x0000000000012e90                std::basic_filebuf<char, std::char_traits<char> >::close()@@GLIBCXX_3.4
                0x0000000000012e9c                std::__basic_file<char>::is_open() const@@GLIBCXX_3.4
                0x0000000000012ea8                free
                0x0000000000012eb4                abort
                0x0000000000012ec0                memmove
                0x0000000000012ecc                std::terminate()@@GLIBCXX_3.4
                0x0000000000012ed8                std::ios_base::ios_base()@@GLIBCXX_3.4
                0x0000000000012ee4                fork
                0x0000000000012ef0                std::ios_base::~ios_base()@@GLIBCXX_3.4
                0x0000000000012efc                pthread_create
                0x0000000000012f08                std::__throw_bad_alloc()@@GLIBCXX_3.4
                0x0000000000012f14                std::__throw_bad_function_call()@@GLIBCXX_3.4.14
                0x0000000000012f20                strtoull
                0x0000000000012f2c                std::runtime_error::runtime_error(char const*)@@GLIBCXX_3.4.21
                0x0000000000012f38                strtok
                0x0000000000012f44                std::__cxx11::basic_string<char, std::char_traits<char>, std::allocator<char> >::_M_replace(unsigned int, unsigned int, char const*, unsigned int)@@GLIBCXX_3.4.21
                0x0000000000012f50                __cxa_begin_catch@@CXXABI_1.3
                0x0000000000012f5c                std::__cxx11::basic_string<char, std::char_traits<char>, std::allocator<char> >::reserve(unsigned int)@@GLIBCXX_3.4.21
                0x0000000000012f68                std::runtime_error::runtime_error(std::runtime_error const&)@@GLIBCXX_3.4.21
                0x0000000000012f74                std::thread::_State::~_State()@@GLIBCXX_3.4.22
                0x0000000000012f80                __cxa_allocate_exception@@CXXABI_1.3
                0x0000000000012f8c                __uClibc_main
                0x0000000000012f98                pthread_self
                0x0000000000012fa4                std::__throw_length_error(char const*)@@GLIBCXX_3.4
                0x0000000000012fb0                sleep
                0x0000000000012fbc                std::__cxx11::basic_string<char, std::char_traits<char>, std::allocator<char> >::basic_string(std::__cxx11::basic_string<char, std::char_traits<char>, std::allocator<char> >&&)@@GLIBCXX_3.4.21
                0x0000000000012fd4                snprintf
                0x0000000000012fe0                vsprintf
                0x0000000000012fec                std::_Rb_tree_rebalance_for_erase(std::_Rb_tree_node_base*, std::_Rb_tree_node_base&)@@GLIBCXX_3.4
                0x0000000000012ff8                std::__throw_invalid_argument(char const*)@@GLIBCXX_3.4
                0x0000000000013004                std::__throw_system_error(int)@@GLIBCXX_3.4.11
                0x0000000000013010                std::ostream::flush()@@GLIBCXX_3.4
                0x000000000001301c                strcmp
                0x0000000000013028                operator delete(void*, unsigned int)@@CXXABI_1.3.9
                0x0000000000013034                std::_Rb_tree_increment(std::_Rb_tree_node_base*)@@GLIBCXX_3.4
                0x0000000000013040                std::__throw_logic_error(char const*)@@GLIBCXX_3.4
                0x000000000001304c                __cxa_free_exception@@CXXABI_1.3
                0x0000000000013058                pthread_mutex_unlock
                0x0000000000013064                std::__cxx11::basic_string<char, std::char_traits<char>, std::allocator<char> >::insert(unsigned int, char const*)@@GLIBCXX_3.4.21
                0x0000000000013070                pthread_attr_init
                0x000000000001307c                memset
                0x0000000000013088                std::__cxx11::basic_string<char, std::char_traits<char>, std::allocator<char> >::push_back(char)@@GLIBCXX_3.4.21
                0x0000000000013094                std::basic_filebuf<char, std::char_traits<char> >::open(char const*, std::_Ios_Openmode)@@GLIBCXX_3.4
                0x00000000000130a0                std::thread::_M_start_thread(std::unique_ptr<std::thread::_State, std::default_delete<std::thread::_State> >, void (*)())@@GLIBCXX_3.4.22
                0x00000000000130ac                fopen
                0x00000000000130b8                __pthread_key_create
                0x00000000000130c4                pthread_cond_init
                0x00000000000130d0                strcpy
                0x00000000000130dc                __errno_location
                0x00000000000130e8                time
                0x00000000000130f4                fwrite
                0x0000000000013100                pthread_mutex_lock
                0x000000000001310c                std::__cxx11::basic_string<char, std::char_traits<char>, std::allocator<char> >::_M_append(char const*, unsigned int)@@GLIBCXX_3.4.21
                0x0000000000013118                memcmp
                0x0000000000013124                std::runtime_error::~runtime_error()@@GLIBCXX_3.4
                0x0000000000013130                std::__cxx11::basic_string<char, std::char_traits<char>, std::allocator<char> >::_M_construct(unsigned int, char)@@GLIBCXX_3.4.21
                0x000000000001313c                std::type_info::operator==(std::type_info const&) const@@GLIBCXX_3.4
                0x0000000000013148                std::basic_filebuf<char, std::char_traits<char> >::basic_filebuf()@@GLIBCXX_3.4
                0x0000000000013154                std::_Rb_tree_decrement(std::_Rb_tree_node_base*)@@GLIBCXX_3.4
                0x0000000000013160                fsync
                0x000000000001316c                strftime
                0x0000000000013178                __cxa_end_cleanup@@CXXABI_1.3
                0x0000000000013184                strtod
                0x0000000000013190                strtol
                0x000000000001319c                timer_settime
                0x00000000000131a8                std::ctype<char>::_M_widen_init() const@@GLIBCXX_3.4.11
                0x00000000000131b4                malloc
                0x00000000000131c0                std::_Rb_tree_increment(std::_Rb_tree_node_base const*)@@GLIBCXX_3.4
                0x00000000000131cc                __aeabi_ldivmod@@GCC_3.5
                0x00000000000131d8                gettimeofday
                0x00000000000131e4                pread
                0x00000000000131f0                pthread_cond_wait
                0x00000000000131fc                localeconv
                0x0000000000013208                std::__throw_bad_cast()@@GLIBCXX_3.4
                0x0000000000013214                fstat
                0x0000000000013220                memcpy
                0x000000000001322c                usleep
                0x0000000000013238                std::basic_ostream<char, std::char_traits<char> >& std::__ostream_insert<char, std::char_traits<char> >(std::basic_ostream<char, std::char_traits<char> >&, char const*, int)@@GLIBCXX_3.4.9
                0x0000000000013244                std::chrono::_V2::steady_clock::now()@@GLIBCXX_3.4.19
                0x0000000000013250                popen
                0x000000000001325c                pclose
                0x0000000000013268                timer_create
                0x0000000000013274                strtoll
                0x0000000000013280                localtime
                0x000000000001328c                std::basic_ios<char, std::char_traits<char> >::init(std::basic_streambuf<char, std::char_traits<char> >*)@@GLIBCXX_3.4
                0x0000000000013298                waitpid
                0x00000000000132a4                fileno
                0x00000000000132b0                std::runtime_error::what() const@@GLIBCXX_3.4
                0x00000000000132bc                std::condition_variable::condition_variable()@@GLIBCXX_3.4.11
                0x00000000000132c8                std::locale::~locale()@@GLIBCXX_3.4
                0x00000000000132e0                std::__throw_out_of_range(char const*)@@GLIBCXX_3.4
                0x00000000000132ec                closedir
                0x00000000000132f8                __cxa_rethrow@@CXXABI_1.3
                0x0000000000013304                pthread_cond_timedwait
                0x0000000000013310                std::__throw_out_of_range_fmt(char const*, ...)@@GLIBCXX_3.4.20
                0x000000000001331c                open
                0x0000000000013328                std::ios_base::Init::Init()@@GLIBCXX_3.4
                0x0000000000013334                opendir
                0x0000000000013340                std::basic_filebuf<char, std::char_traits<char> >::~basic_filebuf()@@GLIBCXX_3.4
                0x000000000001334c                access
                0x0000000000013358                sprintf
                0x0000000000013364                std::condition_variable::wait(std::unique_lock<std::mutex>&)@@GLIBCXX_3.4.11
                0x0000000000013370                std::__cxx11::basic_string<char, std::char_traits<char>, std::allocator<char> >::resize(unsigned int, char)@@GLIBCXX_3.4.21
                0x000000000001337c                fclose
                0x0000000000013388                __cxa_end_catch@@CXXABI_1.3
                0x0000000000013394                __gxx_personality_v0@@CXXABI_1.3
                0x00000000000133a0                stat
                0x00000000000133ac                readdir
                0x00000000000133b8                close
                0x00000000000133c4                fgets
                0x00000000000133d0                pthread_attr_setschedparam
                0x00000000000133dc                std::basic_ios<char, std::char_traits<char> >::clear(std::_Ios_Iostate)@@GLIBCXX_3.4
                0x00000000000133e8                std::__cxx11::basic_string<char, std::char_traits<char>, std::allocator<char> >::find(char const*, unsigned int, unsigned int) const@@GLIBCXX_3.4.21
                0x00000000000133f4                std::condition_variable::notify_all()@@GLIBCXX_3.4.11
                0x0000000000013400                std::thread::join()@@GLIBCXX_3.4.11
                0x000000000001340c                __cxa_throw@@CXXABI_1.3
                0x0000000000013418                std::__cxx11::basic_string<char, std::char_traits<char>, std::allocator<char> >::_M_create(unsigned int&, unsigned int)@@GLIBCXX_3.4.21
                0x0000000000013424                std::__cxx11::basic_string<char, std::char_traits<char>, std::allocator<char> >::rfind(char, unsigned int) const@@GLIBCXX_3.4.21
                0x0000000000013430                pthread_join
                0x000000000001343c                std::condition_variable::~condition_variable()@@GLIBCXX_3.4.11
                0x0000000000013448                std::exception::~exception()@@GLIBCXX_3.4
                0x0000000000013454                std::__basic_file<char>::~__basic_file()@@GLIBCXX_3.4
                0x0000000000013460                __assert
                0x000000000001346c                system
                0x0000000000013478                std::__cxx11::basic_string<char, std::char_traits<char>, std::allocator<char> >::append(char const*)@@GLIBCXX_3.4.21
                0x0000000000013484                std::__cxx11::basic_string<char, std::char_traits<char>, std::allocator<char> >::_M_erase(unsigned int, unsigned int)@@GLIBCXX_3.4.21
                0x0000000000013490                strcat
                0x000000000001349c                std::__cxx11::basic_string<char, std::char_traits<char>, std::allocator<char> >::_M_mutate(unsigned int, unsigned int, char const*, unsigned int)@@GLIBCXX_3.4.21
                0x00000000000134a8                std::ios_base::Init::~Init()@@GLIBCXX_3.4

.iplt           0x00000000000134b4        0x0
 *(.iplt)
 .iplt          0x00000000000134b4        0x0 /home/it/Desktop/Camera/cam/rts39xx_sdk_v5.0.1/toolchain/tool/bin/../lib/gcc/arm-linux-uclibcgnueabi/10.3.1/../../../../arm-linux-uclibcgnueabi/lib/crt1.o

.text           0x00000000000134b8    0x18590
 *(.text.unlikely .text.*_unlikely .text.unlikely.*)
 .text.unlikely
                0x00000000000134b8      0x280 _build_vvtk_I03S-debug/utils.o
 *(.text.exit .text.exit.*)
 *(.text.startup .text.startup.*)
 .text.startup  0x0000000000013738      0x108 _build_vvtk_I03S-debug/ak.o
                0x0000000000013738                main
 .text.startup  0x0000000000013840       0x54 _build_vvtk_I03S-debug/app.o
 .text.startup  0x0000000000013894       0x30 _build_vvtk_I03S-debug/task_webrtc.o
 .text.startup  0x00000000000138c4       0x30 _build_vvtk_I03S-debug/app_config.o
 .text.startup  0x00000000000138f4       0x30 _build_vvtk_I03S-debug/app_data.o
 .text.startup  0x0000000000013924       0x30 _build_vvtk_I03S-debug/utils.o
 *(.text.hot .text.hot.*)
 *(SORT_BY_NAME(.text.sorted.*))
 *(.text .stub .text.* .gnu.linkonce.t.*)
 .text          0x0000000000013954       0x3c /home/it/Desktop/Camera/cam/rts39xx_sdk_v5.0.1/toolchain/tool/bin/../lib/gcc/arm-linux-uclibcgnueabi/10.3.1/../../../../arm-linux-uclibcgnueabi/lib/crt1.o
                0x0000000000013954                _start
 .text          0x0000000000013990        0x0 /home/it/Desktop/Camera/cam/rts39xx_sdk_v5.0.1/toolchain/tool/bin/../lib/gcc/arm-linux-uclibcgnueabi/10.3.1/../../../../arm-linux-uclibcgnueabi/lib/crti.o
 .text          0x0000000000013990       0xd8 /home/it/Desktop/Camera/cam/rts39xx_sdk_v5.0.1/toolchain/tool/bin/../lib/gcc/arm-linux-uclibcgnueabi/10.3.1/crtbegin.o
 .text          0x0000000000013a68     0x1c08 _build_vvtk_I03S-debug/ak.o
                0x0000000000013a68                wait_all_tasks_started()
                0x0000000000013ad0                get_pure_msg()
                0x0000000000013b68                get_dynamic_msg()
                0x0000000000013c00                get_common_msg()
                0x0000000000013c98                ak_memcpy_msg(ak_msg_t*)
                0x0000000000014008                ak_msg_free(ak_msg_t*)
                0x0000000000014024                set_msg_sig(ak_msg_t*, unsigned int)
                0x0000000000014048                set_msg_root_task_id(ak_msg_t*, unsigned int)
                0x000000000001406c                set_msg_des_task_id(ak_msg_t*, unsigned int)
                0x0000000000014090                set_msg_src_task_id(ak_msg_t*, unsigned int)
                0x00000000000140b4                set_if_des_task_id(ak_msg_t*, unsigned int)
                0x00000000000140d8                set_if_src_task_id(ak_msg_t*, unsigned int)
                0x00000000000140fc                set_if_des_type(ak_msg_t*, unsigned int)
                0x0000000000014120                set_if_src_type(ak_msg_t*, unsigned int)
                0x0000000000014144                set_if_sig(ak_msg_t*, unsigned int)
                0x0000000000014168                set_if_data_common_msg(ak_msg_t*, unsigned char*, unsigned int)
                0x0000000000014208                set_if_data_dynamic_msg(ak_msg_t*, unsigned char*, unsigned int)
                0x000000000001428c                set_data_common_msg(ak_msg_t*, unsigned char*, unsigned int)
                0x000000000001432c                get_data_common_msg(ak_msg_t*, unsigned char*, unsigned int)
                0x0000000000014394                get_data_common_msg(ak_msg_t*)
                0x0000000000014408                get_data_len_common_msg(ak_msg_t*)
                0x000000000001445c                set_data_dynamic_msg(ak_msg_t*, unsigned char*, unsigned int)
                0x00000000000144e0                get_data_dynamic_msg(ak_msg_t*, unsigned char*, unsigned int)
                0x0000000000014548                get_data_len_dynamic_msg(ak_msg_t*)
                0x000000000001459c                task_post(unsigned int, ak_msg_t*)
                0x0000000000014634                task_post_pure_msg(unsigned int, unsigned int, unsigned int)
                0x0000000000014740                task_post_pure_msg(unsigned int, unsigned int)
                0x0000000000014848                task_post_common_msg(unsigned int, unsigned int, unsigned int, unsigned char*, unsigned int)
                0x00000000000149c0                task_post_common_msg(unsigned int, unsigned int, unsigned char*, unsigned int)
                0x0000000000014b30                task_post_dynamic_msg(unsigned int, unsigned int, unsigned int, unsigned char*, unsigned int)
                0x0000000000014c80                task_post_dynamic_msg(unsigned int, unsigned int, unsigned char*, unsigned int)
                0x0000000000014dc8                task_root_post_pure_msg(unsigned int, unsigned int, unsigned int, unsigned int)
                0x0000000000014ed8                task_root_post_pure_msg(unsigned int, unsigned int, unsigned int)
                0x0000000000014fe0                task_root_post_common_msg(unsigned int, unsigned int, unsigned int, unsigned int, unsigned char*, unsigned int)
                0x0000000000015160                task_root_post_common_msg(unsigned int, unsigned int, unsigned int, unsigned char*, unsigned int)
                0x00000000000152e0                task_root_post_dynamic_msg(unsigned int, unsigned int, unsigned int, unsigned int, unsigned char*, unsigned int)
                0x0000000000015438                task_root_post_dynamic_msg(unsigned int, unsigned int, unsigned int, unsigned char*, unsigned int)
                0x0000000000015588                ak_msg_rev(unsigned int)
                0x000000000001561c                get_msg_type(ak_msg_t*)
                0x0000000000015628                get_task_id()
 .text          0x0000000000015670      0x1a0 _build_vvtk_I03S-debug/message.o
                0x0000000000015670                q_msg_init(q_msg_t*)
                0x0000000000015688                q_msg_put(q_msg_t*, ak_msg_t*)
                0x00000000000156ec                q_msg_get(q_msg_t*)
                0x0000000000015754                q_msg_free(ak_msg_t*)
                0x0000000000015794                q_msg_len(q_msg_t*)
                0x00000000000157d8                q_msg_available(q_msg_t*)
 .text          0x0000000000015810      0x59c _build_vvtk_I03S-debug/timer.o
                0x00000000000158c4                timer_handler(sigval)
                0x0000000000015984                timer_entry(void*)
                0x0000000000015a18                timer_set(unsigned int, unsigned int, unsigned int, unsigned int, timer_type_t)
                0x0000000000015bbc                timer_set(unsigned int, unsigned int, unsigned int, timer_type_t)
                0x0000000000015d60                timer_remove_attr(unsigned int, unsigned int)
                0x0000000000015d9c                timer_stick_get()
 .text          0x0000000000015dac        0xc _build_vvtk_I03S-debug/fsm.o
                0x0000000000015dac                fsm_dispatch(fsm_t*, ak_msg_t*)
 .text          0x0000000000015db8       0xc0 _build_vvtk_I03S-debug/tsm.o
                0x0000000000015db8                tsm_init(tsm_tbl_t*, tsm_t**, unsigned char)
                0x0000000000015dec                tsm_dispatch(tsm_tbl_t*, ak_msg_t*)
                0x0000000000015e5c                tsm_tran(tsm_tbl_t*, unsigned char)
 .text          0x0000000000015e78       0xb0 _build_vvtk_I03S-debug/sys_dbg.o
                0x0000000000015e78                sys_dbg_fatal(char const*, unsigned char)
                0x0000000000015e9c                sys_dbg_get_time()
 .text          0x0000000000015f28      0x228 _build_vvtk_I03S-debug/app.o
                0x00000000000160bc                task_init()
 .text._ZNKSt5ctypeIcE8do_widenEc
                0x0000000000016150        0x8 _build_vvtk_I03S-debug/app.o
                0x0000000000016150                std::ctype<char>::do_widen(char) const
 .text._ZNSt6thread11_State_implINS_8_InvokerISt5tupleIJZN7CppTime5TimerC4EvEUlvE_EEEEED2Ev
                0x0000000000016158       0x20 _build_vvtk_I03S-debug/app.o
                0x0000000000016158                std::thread::_State_impl<std::thread::_Invoker<std::tuple<CppTime::Timer::Timer()::{lambda()#1}> > >::~_State_impl()
                0x0000000000016158                std::thread::_State_impl<std::thread::_Invoker<std::tuple<CppTime::Timer::Timer()::{lambda()#1}> > >::~_State_impl()
 .text._ZNSt6thread11_State_implINS_8_InvokerISt5tupleIJZN7CppTime5TimerC4EvEUlvE_EEEEED0Ev
                0x0000000000016178       0x2c _build_vvtk_I03S-debug/app.o
                0x0000000000016178                std::thread::_State_impl<std::thread::_Invoker<std::tuple<CppTime::Timer::Timer()::{lambda()#1}> > >::~_State_impl()
 .text._ZN7CppTime5TimerD2Ev
                0x00000000000161a4      0x20c _build_vvtk_I03S-debug/app.o
                0x00000000000161a4                CppTime::Timer::~Timer()
                0x00000000000161a4                CppTime::Timer::~Timer()
 .text._ZNSt11unique_lockISt5mutexE6unlockEv
                0x00000000000163b0       0x48 _build_vvtk_I03S-debug/app.o
                0x00000000000163b0                std::unique_lock<std::mutex>::unlock()
 .text._ZN7CppTime5TimerC2Ev
                0x00000000000163f8      0x2c4 _build_vvtk_I03S-debug/app.o
                0x00000000000163f8                CppTime::Timer::Timer()
                0x00000000000163f8                CppTime::Timer::Timer()
 *fill*         0x00000000000166bc        0x4 
 .text._ZN7CppTime5Timer3runEv
                0x00000000000166c0      0x570 _build_vvtk_I03S-debug/app.o
                0x00000000000166c0                CppTime::Timer::run()
 .text._ZNSt6thread11_State_implINS_8_InvokerISt5tupleIJZN7CppTime5TimerC4EvEUlvE_EEEEE6_M_runEv
                0x0000000000016c30        0x8 _build_vvtk_I03S-debug/app.o
                0x0000000000016c30                std::thread::_State_impl<std::thread::_Invoker<std::tuple<CppTime::Timer::Timer()::{lambda()#1}> > >::_M_run()
 .text          0x0000000000016c38        0x0 _build_vvtk_I03S-debug/task_list.o
 .text          0x0000000000016c38       0x6c _build_vvtk_I03S-debug/task_webrtc.o
                0x0000000000016c38                gw_task_webrtc_entry(void*)
                0x0000000000016c98                safe_ak_msg_free(ak_msg_t*)
 .text          0x0000000000016ca4        0x0 _build_vvtk_I03S-debug/app_config.o
 .text          0x0000000000016ca4       0xa8 _build_vvtk_I03S-debug/app_data.o
                0x0000000000016ca4                mtce_getSerial[abi:cxx11]()
 .text          0x0000000000016d4c      0x1f4 _build_vvtk_I03S-debug/cmd_line.o
                0x0000000000016d4c                cmd_line_parser
                0x0000000000016e3c                cmd_str_parser
                0x0000000000016f20                cmd_str_parser_get_attr
 .text          0x0000000000016f40      0x7a8 _build_vvtk_I03S-debug/jsmn.o
                0x0000000000016f40                jsmn_parse(jsmn_parser*, char const*, unsigned int, jsmntok_t*, unsigned int)
                0x00000000000176d4                jsmn_init(jsmn_parser*)
 .text          0x00000000000176e8     0x4304 _build_vvtk_I03S-debug/utils.o
                0x0000000000017bdc                get_mac_address[abi:cxx11]()
                0x0000000000017db0                get_device_id[abi:cxx11]()
                0x0000000000017ee4                write_raw_file(std::__cxx11::basic_string<char, std::char_traits<char>, std::allocator<char> >, std::__cxx11::basic_string<char, std::char_traits<char>, std::allocator<char> > const&)
                0x0000000000017f40                read_raw_file(std::__cxx11::basic_string<char, std::char_traits<char>, std::allocator<char> >&, std::__cxx11::basic_string<char, std::char_traits<char>, std::allocator<char> > const&)
                0x0000000000017fdc                erase_all_string(std::__cxx11::basic_string<char, std::char_traits<char>, std::allocator<char> >&, std::__cxx11::basic_string<char, std::char_traits<char>, std::allocator<char> >&)
                0x000000000001807c                replace_all_string(std::__cxx11::basic_string<char, std::char_traits<char>, std::allocator<char> >&, std::__cxx11::basic_string<char, std::char_traits<char>, std::allocator<char> >&, std::__cxx11::basic_string<char, std::char_traits<char>, std::allocator<char> >&)
                0x000000000001810c                bytetoHexChar(unsigned char, unsigned char*)
                0x0000000000018138                bytestoHexChars(unsigned char*, int, unsigned char*)
                0x0000000000018198                hexChartoByte(unsigned char*, unsigned char*)
                0x0000000000018210                hexCharsToBytes(unsigned char*, int, unsigned char*)
                0x00000000000182c8                get_ip_address[abi:cxx11]()
                0x00000000000184ac                get_usb_usage(char const*)
                0x00000000000186f0                get_usb_remain(char const*)
                0x0000000000018934                check_usb_encrypted(char const*)
                0x000000000001894c                touch_full_file(char const*)
                0x00000000000189c8                check_file_exist(char const*)
                0x00000000000189e0                exec_prog(int, char const**)
                0x0000000000018ad0                sizeOfFile(char const*)
                0x0000000000018b08                systemCmd(char const*, ...)
                0x0000000000018bb4                safe_strcpy(char*, char const*, unsigned int)
                0x0000000000018bd8                getFileName(std::__cxx11::basic_string<char, std::char_traits<char>, std::allocator<char> > const&)
                0x0000000000018cd8                appendStringToFile(char const*, std::__cxx11::basic_string<char, std::char_traits<char>, std::allocator<char> >)
                0x000000000001a8b8                string_split(std::__cxx11::basic_string<char, std::char_traits<char>, std::allocator<char> >&, std::__cxx11::basic_string<char, std::char_traits<char>, std::allocator<char> >)
                0x000000000001b0ec                get_list_music(char const*, nlohmann::basic_json<std::map, std::vector, std::__cxx11::basic_string<char, std::char_traits<char>, std::allocator<char> >, bool, long long, unsigned long long, double, std::allocator, nlohmann::adl_serializer, std::vector<unsigned char, std::allocator<unsigned char> > >&)
                0x000000000001b48c                write_json_file(nlohmann::basic_json<std::map, std::vector, std::__cxx11::basic_string<char, std::char_traits<char>, std::allocator<char> >, bool, long long, unsigned long long, double, std::allocator, nlohmann::adl_serializer, std::vector<unsigned char, std::allocator<unsigned char> > >, std::__cxx11::basic_string<char, std::char_traits<char>, std::allocator<char> > const&)
                0x000000000001b544                read_json_file(nlohmann::basic_json<std::map, std::vector, std::__cxx11::basic_string<char, std::char_traits<char>, std::allocator<char> >, bool, long long, unsigned long long, double, std::allocator, nlohmann::adl_serializer, std::vector<unsigned char, std::allocator<unsigned char> > >&, std::__cxx11::basic_string<char, std::char_traits<char>, std::allocator<char> > const&)
 .text._ZN8nlohmann6detail21output_string_adapterIcNSt7__cxx1112basic_stringIcSt11char_traitsIcESaIcEEEED2Ev
                0x000000000001b9ec        0x4 _build_vvtk_I03S-debug/utils.o
                0x000000000001b9ec                nlohmann::detail::output_string_adapter<char, std::__cxx11::basic_string<char, std::char_traits<char>, std::allocator<char> > >::~output_string_adapter()
                0x000000000001b9ec                nlohmann::detail::output_string_adapter<char, std::__cxx11::basic_string<char, std::char_traits<char>, std::allocator<char> > >::~output_string_adapter()
 .text._ZNSt23_Sp_counted_ptr_inplaceIN8nlohmann6detail21output_string_adapterIcNSt7__cxx1112basic_stringIcSt11char_traitsIcESaIcEEEEESaIS9_ELN9__gnu_cxx12_Lock_policyE2EED2Ev
                0x000000000001b9f0        0x4 _build_vvtk_I03S-debug/utils.o
                0x000000000001b9f0                std::_Sp_counted_ptr_inplace<nlohmann::detail::output_string_adapter<char, std::__cxx11::basic_string<char, std::char_traits<char>, std::allocator<char> > >, std::allocator<nlohmann::detail::output_string_adapter<char, std::__cxx11::basic_string<char, std::char_traits<char>, std::allocator<char> > > >, (__gnu_cxx::_Lock_policy)2>::~_Sp_counted_ptr_inplace()
                0x000000000001b9f0                std::_Sp_counted_ptr_inplace<nlohmann::detail::output_string_adapter<char, std::__cxx11::basic_string<char, std::char_traits<char>, std::allocator<char> > >, std::allocator<nlohmann::detail::output_string_adapter<char, std::__cxx11::basic_string<char, std::char_traits<char>, std::allocator<char> > > >, (__gnu_cxx::_Lock_policy)2>::~_Sp_counted_ptr_inplace()
 .text._ZNSt23_Sp_counted_ptr_inplaceIN8nlohmann6detail21output_string_adapterIcNSt7__cxx1112basic_stringIcSt11char_traitsIcESaIcEEEEESaIS9_ELN9__gnu_cxx12_Lock_policyE2EE10_M_disposeEv
                0x000000000001b9f4       0x10 _build_vvtk_I03S-debug/utils.o
                0x000000000001b9f4                std::_Sp_counted_ptr_inplace<nlohmann::detail::output_string_adapter<char, std::__cxx11::basic_string<char, std::char_traits<char>, std::allocator<char> > >, std::allocator<nlohmann::detail::output_string_adapter<char, std::__cxx11::basic_string<char, std::char_traits<char>, std::allocator<char> > > >, (__gnu_cxx::_Lock_policy)2>::_M_dispose()
 .text._ZNSt23_Sp_counted_ptr_inplaceIN8nlohmann6detail21output_string_adapterIcNSt7__cxx1112basic_stringIcSt11char_traitsIcESaIcEEEEESaIS9_ELN9__gnu_cxx12_Lock_policyE2EED0Ev
                0x000000000001ba04       0x18 _build_vvtk_I03S-debug/utils.o
                0x000000000001ba04                std::_Sp_counted_ptr_inplace<nlohmann::detail::output_string_adapter<char, std::__cxx11::basic_string<char, std::char_traits<char>, std::allocator<char> > >, std::allocator<nlohmann::detail::output_string_adapter<char, std::__cxx11::basic_string<char, std::char_traits<char>, std::allocator<char> > > >, (__gnu_cxx::_Lock_policy)2>::~_Sp_counted_ptr_inplace()
 .text._ZN8nlohmann6detail21output_string_adapterIcNSt7__cxx1112basic_stringIcSt11char_traitsIcESaIcEEEED0Ev
                0x000000000001ba1c       0x18 _build_vvtk_I03S-debug/utils.o
                0x000000000001ba1c                nlohmann::detail::output_string_adapter<char, std::__cxx11::basic_string<char, std::char_traits<char>, std::allocator<char> > >::~output_string_adapter()
 .text._ZNSt23_Sp_counted_ptr_inplaceIN8nlohmann6detail21output_string_adapterIcNSt7__cxx1112basic_stringIcSt11char_traitsIcESaIcEEEEESaIS9_ELN9__gnu_cxx12_Lock_policyE2EE10_M_destroyEv
                0x000000000001ba34        0x8 _build_vvtk_I03S-debug/utils.o
                0x000000000001ba34                std::_Sp_counted_ptr_inplace<nlohmann::detail::output_string_adapter<char, std::__cxx11::basic_string<char, std::char_traits<char>, std::allocator<char> > >, std::allocator<nlohmann::detail::output_string_adapter<char, std::__cxx11::basic_string<char, std::char_traits<char>, std::allocator<char> > > >, (__gnu_cxx::_Lock_policy)2>::_M_destroy()
 .text._ZNSt23_Sp_counted_ptr_inplaceIN8nlohmann6detail21output_string_adapterIcNSt7__cxx1112basic_stringIcSt11char_traitsIcESaIcEEEEESaIS9_ELN9__gnu_cxx12_Lock_policyE2EE14_M_get_deleterERKSt9type_info
                0x000000000001ba3c       0x3c _build_vvtk_I03S-debug/utils.o
                0x000000000001ba3c                std::_Sp_counted_ptr_inplace<nlohmann::detail::output_string_adapter<char, std::__cxx11::basic_string<char, std::char_traits<char>, std::allocator<char> > >, std::allocator<nlohmann::detail::output_string_adapter<char, std::__cxx11::basic_string<char, std::char_traits<char>, std::allocator<char> > > >, (__gnu_cxx::_Lock_policy)2>::_M_get_deleter(std::type_info const&)
 .text._ZNSt12_Vector_baseIN8nlohmann10basic_jsonISt3mapSt6vectorNSt7__cxx1112basic_stringIcSt11char_traitsIcESaIcEEEbxydSaNS0_14adl_serializerES3_IhSaIhEEEESaISD_EE11_M_allocateEj.constprop.0
                0x000000000001ba78       0x20 _build_vvtk_I03S-debug/utils.o
 .text._ZNKSt6vectorIN8nlohmann10basic_jsonISt3mapS_NSt7__cxx1112basic_stringIcSt11char_traitsIcESaIcEEEbxydSaNS0_14adl_serializerES_IhSaIhEEEESaISC_EE12_M_check_lenEjPKc.constprop.0.isra.0
                0x000000000001ba98       0x4c _build_vvtk_I03S-debug/utils.o
 .text._ZN8nlohmann6detail21output_string_adapterIcNSt7__cxx1112basic_stringIcSt11char_traitsIcESaIcEEEE16write_charactersEPKcj
                0x000000000001bae4       0x2c _build_vvtk_I03S-debug/utils.o
                0x000000000001bae4                nlohmann::detail::output_string_adapter<char, std::__cxx11::basic_string<char, std::char_traits<char>, std::allocator<char> > >::write_characters(char const*, unsigned int)
 .text._ZN8nlohmann6detail21output_string_adapterIcNSt7__cxx1112basic_stringIcSt11char_traitsIcESaIcEEEE15write_characterEc
                0x000000000001bb10       0x74 _build_vvtk_I03S-debug/utils.o
                0x000000000001bb10                nlohmann::detail::output_string_adapter<char, std::__cxx11::basic_string<char, std::char_traits<char>, std::allocator<char> > >::write_character(char)
 .text._ZNSt7__cxx119to_stringEj
                0x000000000001bb84      0x19c _build_vvtk_I03S-debug/utils.o
                0x000000000001bb84                std::__cxx11::to_string(unsigned int)
 .text._ZN8nlohmann6detail9exception4nameERKNSt7__cxx1112basic_stringIcSt11char_traitsIcESaIcEEEi
                0x000000000001bd20      0x490 _build_vvtk_I03S-debug/utils.o
                0x000000000001bd20                nlohmann::detail::exception::name(std::__cxx11::basic_string<char, std::char_traits<char>, std::allocator<char> > const&, int)
 .text._ZZN8nlohmann10basic_jsonISt3mapSt6vectorNSt7__cxx1112basic_stringIcSt11char_traitsIcESaIcEEEbxydSaNS_14adl_serializerES2_IhSaIhEEEC4ESt16initializer_listINS_6detail8json_refISC_EEEbNSE_7value_tEENKUlRKSG_E_clESK_.constprop.0
                0x000000000001c1b0       0x48 _build_vvtk_I03S-debug/utils.o
 .text._ZStplIcSt11char_traitsIcESaIcEENSt7__cxx1112basic_stringIT_T0_T1_EEOS8_S9_
                0x000000000001c1f8      0x118 _build_vvtk_I03S-debug/utils.o
                0x000000000001c1f8                std::__cxx11::basic_string<char, std::char_traits<char>, std::allocator<char> > std::operator+<char, std::char_traits<char>, std::allocator<char> >(std::__cxx11::basic_string<char, std::char_traits<char>, std::allocator<char> >&&, std::__cxx11::basic_string<char, std::char_traits<char>, std::allocator<char> >&&)
 .text._ZN8nlohmann6detail10serializerINS_10basic_jsonISt3mapSt6vectorNSt7__cxx1112basic_stringIcSt11char_traitsIcESaIcEEEbxydSaNS_14adl_serializerES4_IhSaIhEEEEED2Ev
                0x000000000001c310       0xe4 _build_vvtk_I03S-debug/utils.o
                0x000000000001c310                nlohmann::detail::serializer<nlohmann::basic_json<std::map, std::vector, std::__cxx11::basic_string<char, std::char_traits<char>, std::allocator<char> >, bool, long long, unsigned long long, double, std::allocator, nlohmann::adl_serializer, std::vector<unsigned char, std::allocator<unsigned char> > > >::~serializer()
                0x000000000001c310                nlohmann::detail::serializer<nlohmann::basic_json<std::map, std::vector, std::__cxx11::basic_string<char, std::char_traits<char>, std::allocator<char> >, bool, long long, unsigned long long, double, std::allocator, nlohmann::adl_serializer, std::vector<unsigned char, std::allocator<unsigned char> > > >::~serializer()
 .text._ZN8nlohmann10basic_jsonISt3mapSt6vectorNSt7__cxx1112basic_stringIcSt11char_traitsIcESaIcEEEbxydSaNS_14adl_serializerES2_IhSaIhEEEaSESC_
                0x000000000001c3f4      0x154 _build_vvtk_I03S-debug/utils.o
                0x000000000001c3f4                nlohmann::basic_json<std::map, std::vector, std::__cxx11::basic_string<char, std::char_traits<char>, std::allocator<char> >, bool, long long, unsigned long long, double, std::allocator, nlohmann::adl_serializer, std::vector<unsigned char, std::allocator<unsigned char> > >::operator=(nlohmann::basic_json<std::map, std::vector, std::__cxx11::basic_string<char, std::char_traits<char>, std::allocator<char> >, bool, long long, unsigned long long, double, std::allocator, nlohmann::adl_serializer, std::vector<unsigned char, std::allocator<unsigned char> > >)
 .text._ZNSt16_Sp_counted_baseILN9__gnu_cxx12_Lock_policyE2EE10_M_releaseEv
                0x000000000001c548       0xc4 _build_vvtk_I03S-debug/utils.o
                0x000000000001c548                std::_Sp_counted_base<(__gnu_cxx::_Lock_policy)2>::_M_release()
 .text._ZN8nlohmann10basic_jsonISt3mapSt6vectorNSt7__cxx1112basic_stringIcSt11char_traitsIcESaIcEEEbxydSaNS_14adl_serializerES2_IhSaIhEEEC2EOSC_
                0x000000000001c60c      0x170 _build_vvtk_I03S-debug/utils.o
                0x000000000001c60c                nlohmann::basic_json<std::map, std::vector, std::__cxx11::basic_string<char, std::char_traits<char>, std::allocator<char> >, bool, long long, unsigned long long, double, std::allocator, nlohmann::adl_serializer, std::vector<unsigned char, std::allocator<unsigned char> > >::basic_json(nlohmann::basic_json<std::map, std::vector, std::__cxx11::basic_string<char, std::char_traits<char>, std::allocator<char> >, bool, long long, unsigned long long, double, std::allocator, nlohmann::adl_serializer, std::vector<unsigned char, std::allocator<unsigned char> > >&&)
                0x000000000001c60c                nlohmann::basic_json<std::map, std::vector, std::__cxx11::basic_string<char, std::char_traits<char>, std::allocator<char> >, bool, long long, unsigned long long, double, std::allocator, nlohmann::adl_serializer, std::vector<unsigned char, std::allocator<unsigned char> > >::basic_json(nlohmann::basic_json<std::map, std::vector, std::__cxx11::basic_string<char, std::char_traits<char>, std::allocator<char> >, bool, long long, unsigned long long, double, std::allocator, nlohmann::adl_serializer, std::vector<unsigned char, std::allocator<unsigned char> > >&&)
 .text._ZNSt6vectorINSt7__cxx1112basic_stringIcSt11char_traitsIcESaIcEEESaIS5_EE17_M_realloc_insertIJRKS5_EEEvN9__gnu_cxx17__normal_iteratorIPS5_S7_EEDpOT_
                0x000000000001c77c      0x338 _build_vvtk_I03S-debug/utils.o
                0x000000000001c77c                void std::vector<std::__cxx11::basic_string<char, std::char_traits<char>, std::allocator<char> >, std::allocator<std::__cxx11::basic_string<char, std::char_traits<char>, std::allocator<char> > > >::_M_realloc_insert<std::__cxx11::basic_string<char, std::char_traits<char>, std::allocator<char> > const&>(__gnu_cxx::__normal_iterator<std::__cxx11::basic_string<char, std::char_traits<char>, std::allocator<char> >*, std::vector<std::__cxx11::basic_string<char, std::char_traits<char>, std::allocator<char> >, std::allocator<std::__cxx11::basic_string<char, std::char_traits<char>, std::allocator<char> > > > >, std::__cxx11::basic_string<char, std::char_traits<char>, std::allocator<char> > const&)
 .text._ZN8nlohmann6detail11parse_error6createINS_10basic_jsonISt3mapSt6vectorNSt7__cxx1112basic_stringIcSt11char_traitsIcESaIcEEEbxydSaNS_14adl_serializerES5_IhSaIhEEEEEES1_iRKNS0_10position_tERKSB_RKT_
                0x000000000001cab4      0xa98 _build_vvtk_I03S-debug/utils.o
                0x000000000001cab4                nlohmann::detail::parse_error nlohmann::detail::parse_error::create<nlohmann::basic_json<std::map, std::vector, std::__cxx11::basic_string<char, std::char_traits<char>, std::allocator<char> >, bool, long long, unsigned long long, double, std::allocator, nlohmann::adl_serializer, std::vector<unsigned char, std::allocator<unsigned char> > > >(int, nlohmann::detail::position_t const&, std::__cxx11::basic_string<char, std::char_traits<char>, std::allocator<char> > const&, nlohmann::basic_json<std::map, std::vector, std::__cxx11::basic_string<char, std::char_traits<char>, std::allocator<char> >, bool, long long, unsigned long long, double, std::allocator, nlohmann::adl_serializer, std::vector<unsigned char, std::allocator<unsigned char> > > const&)
 .text._ZNSt6vectorIN8nlohmann10basic_jsonISt3mapS_NSt7__cxx1112basic_stringIcSt11char_traitsIcESaIcEEEbxydSaNS0_14adl_serializerES_IhSaIhEEEESaISC_EE7reserveEj
                0x000000000001d54c      0x230 _build_vvtk_I03S-debug/utils.o
                0x000000000001d54c                std::vector<nlohmann::basic_json<std::map, std::vector, std::__cxx11::basic_string<char, std::char_traits<char>, std::allocator<char> >, bool, long long, unsigned long long, double, std::allocator, nlohmann::adl_serializer, std::vector<unsigned char, std::allocator<unsigned char> > >, std::allocator<nlohmann::basic_json<std::map, std::vector, std::__cxx11::basic_string<char, std::char_traits<char>, std::allocator<char> >, bool, long long, unsigned long long, double, std::allocator, nlohmann::adl_serializer, std::vector<unsigned char, std::allocator<unsigned char> > > > >::reserve(unsigned int)
 .text._ZN8nlohmann10basic_jsonISt3mapSt6vectorNSt7__cxx1112basic_stringIcSt11char_traitsIcESaIcEEEbxydSaNS_14adl_serializerES2_IhSaIhEEE10json_value7destroyENS_6detail7value_tE
                0x000000000001d77c      0x478 _build_vvtk_I03S-debug/utils.o
                0x000000000001d77c                nlohmann::basic_json<std::map, std::vector, std::__cxx11::basic_string<char, std::char_traits<char>, std::allocator<char> >, bool, long long, unsigned long long, double, std::allocator, nlohmann::adl_serializer, std::vector<unsigned char, std::allocator<unsigned char> > >::json_value::destroy(nlohmann::detail::value_t)
 .text._ZN8nlohmann10basic_jsonISt3mapSt6vectorNSt7__cxx1112basic_stringIcSt11char_traitsIcESaIcEEEbxydSaNS_14adl_serializerES2_IhSaIhEEED2Ev
                0x000000000001dbf4       0xec _build_vvtk_I03S-debug/utils.o
                0x000000000001dbf4                nlohmann::basic_json<std::map, std::vector, std::__cxx11::basic_string<char, std::char_traits<char>, std::allocator<char> >, bool, long long, unsigned long long, double, std::allocator, nlohmann::adl_serializer, std::vector<unsigned char, std::allocator<unsigned char> > >::~basic_json()
                0x000000000001dbf4                nlohmann::basic_json<std::map, std::vector, std::__cxx11::basic_string<char, std::char_traits<char>, std::allocator<char> >, bool, long long, unsigned long long, double, std::allocator, nlohmann::adl_serializer, std::vector<unsigned char, std::allocator<unsigned char> > >::~basic_json()
 .text._ZN8nlohmann6detail28json_sax_dom_callback_parserINS_10basic_jsonISt3mapSt6vectorNSt7__cxx1112basic_stringIcSt11char_traitsIcESaIcEEEbxydSaNS_14adl_serializerES4_IhSaIhEEEEED2Ev
                0x000000000001dce0       0x7c _build_vvtk_I03S-debug/utils.o
                0x000000000001dce0                nlohmann::detail::json_sax_dom_callback_parser<nlohmann::basic_json<std::map, std::vector, std::__cxx11::basic_string<char, std::char_traits<char>, std::allocator<char> >, bool, long long, unsigned long long, double, std::allocator, nlohmann::adl_serializer, std::vector<unsigned char, std::allocator<unsigned char> > > >::~json_sax_dom_callback_parser()
                0x000000000001dce0                nlohmann::detail::json_sax_dom_callback_parser<nlohmann::basic_json<std::map, std::vector, std::__cxx11::basic_string<char, std::char_traits<char>, std::allocator<char> >, bool, long long, unsigned long long, double, std::allocator, nlohmann::adl_serializer, std::vector<unsigned char, std::allocator<unsigned char> > > >::~json_sax_dom_callback_parser()
 .text._ZN8nlohmann10basic_jsonISt3mapSt6vectorNSt7__cxx1112basic_stringIcSt11char_traitsIcESaIcEEEbxydSaNS_14adl_serializerES2_IhSaIhEEE10json_valueC2ENS_6detail7value_tE
                0x000000000001dd5c      0x12c _build_vvtk_I03S-debug/utils.o
                0x000000000001dd5c                nlohmann::basic_json<std::map, std::vector, std::__cxx11::basic_string<char, std::char_traits<char>, std::allocator<char> >, bool, long long, unsigned long long, double, std::allocator, nlohmann::adl_serializer, std::vector<unsigned char, std::allocator<unsigned char> > >::json_value::json_value(nlohmann::detail::value_t)
                0x000000000001dd5c                nlohmann::basic_json<std::map, std::vector, std::__cxx11::basic_string<char, std::char_traits<char>, std::allocator<char> >, bool, long long, unsigned long long, double, std::allocator, nlohmann::adl_serializer, std::vector<unsigned char, std::allocator<unsigned char> > >::json_value::json_value(nlohmann::detail::value_t)
 .text._ZNSt6vectorIN8nlohmann10basic_jsonISt3mapS_NSt7__cxx1112basic_stringIcSt11char_traitsIcESaIcEEEbxydSaNS0_14adl_serializerES_IhSaIhEEEESaISC_EED2Ev
                0x000000000001de88      0x12c _build_vvtk_I03S-debug/utils.o
                0x000000000001de88                std::vector<nlohmann::basic_json<std::map, std::vector, std::__cxx11::basic_string<char, std::char_traits<char>, std::allocator<char> >, bool, long long, unsigned long long, double, std::allocator, nlohmann::adl_serializer, std::vector<unsigned char, std::allocator<unsigned char> > >, std::allocator<nlohmann::basic_json<std::map, std::vector, std::__cxx11::basic_string<char, std::char_traits<char>, std::allocator<char> >, bool, long long, unsigned long long, double, std::allocator, nlohmann::adl_serializer, std::vector<unsigned char, std::allocator<unsigned char> > > > >::~vector()
                0x000000000001de88                std::vector<nlohmann::basic_json<std::map, std::vector, std::__cxx11::basic_string<char, std::char_traits<char>, std::allocator<char> >, bool, long long, unsigned long long, double, std::allocator, nlohmann::adl_serializer, std::vector<unsigned char, std::allocator<unsigned char> > >, std::allocator<nlohmann::basic_json<std::map, std::vector, std::__cxx11::basic_string<char, std::char_traits<char>, std::allocator<char> >, bool, long long, unsigned long long, double, std::allocator, nlohmann::adl_serializer, std::vector<unsigned char, std::allocator<unsigned char> > > > >::~vector()
 .text._ZN8nlohmann6detail10serializerINS_10basic_jsonISt3mapSt6vectorNSt7__cxx1112basic_stringIcSt11char_traitsIcESaIcEEEbxydSaNS_14adl_serializerES4_IhSaIhEEEEE12dump_escapedERKSA_b
                0x000000000001dfb4      0xa00 _build_vvtk_I03S-debug/utils.o
                0x000000000001dfb4                nlohmann::detail::serializer<nlohmann::basic_json<std::map, std::vector, std::__cxx11::basic_string<char, std::char_traits<char>, std::allocator<char> >, bool, long long, unsigned long long, double, std::allocator, nlohmann::adl_serializer, std::vector<unsigned char, std::allocator<unsigned char> > > >::dump_escaped(std::__cxx11::basic_string<char, std::char_traits<char>, std::allocator<char> > const&, bool)
 .text._ZN8nlohmann6detail10serializerINS_10basic_jsonISt3mapSt6vectorNSt7__cxx1112basic_stringIcSt11char_traitsIcESaIcEEEbxydSaNS_14adl_serializerES4_IhSaIhEEEEE12dump_integerIhLi0EEEvT_
                0x000000000001e9b4      0x1e4 _build_vvtk_I03S-debug/utils.o
                0x000000000001e9b4                void nlohmann::detail::serializer<nlohmann::basic_json<std::map, std::vector, std::__cxx11::basic_string<char, std::char_traits<char>, std::allocator<char> >, bool, long long, unsigned long long, double, std::allocator, nlohmann::adl_serializer, std::vector<unsigned char, std::allocator<unsigned char> > > >::dump_integer<unsigned char, 0>(unsigned char)
 .text._ZN8nlohmann6detail10serializerINS_10basic_jsonISt3mapSt6vectorNSt7__cxx1112basic_stringIcSt11char_traitsIcESaIcEEEbxydSaNS_14adl_serializerES4_IhSaIhEEEEE12dump_integerIyLi0EEEvT_
                0x000000000001eb98      0x304 _build_vvtk_I03S-debug/utils.o
                0x000000000001eb98                void nlohmann::detail::serializer<nlohmann::basic_json<std::map, std::vector, std::__cxx11::basic_string<char, std::char_traits<char>, std::allocator<char> >, bool, long long, unsigned long long, double, std::allocator, nlohmann::adl_serializer, std::vector<unsigned char, std::allocator<unsigned char> > > >::dump_integer<unsigned long long, 0>(unsigned long long)
 .text._ZNK8nlohmann6detail5lexerINS_10basic_jsonISt3mapSt6vectorNSt7__cxx1112basic_stringIcSt11char_traitsIcESaIcEEEbxydSaNS_14adl_serializerES4_IhSaIhEEEENS0_22iterator_input_adapterIN9__gnu_cxx17__normal_iteratorIPKcSA_EEEEE16get_token_stringEv
                0x000000000001ee9c      0x134 _build_vvtk_I03S-debug/utils.o
                0x000000000001ee9c                nlohmann::detail::lexer<nlohmann::basic_json<std::map, std::vector, std::__cxx11::basic_string<char, std::char_traits<char>, std::allocator<char> >, bool, long long, unsigned long long, double, std::allocator, nlohmann::adl_serializer, std::vector<unsigned char, std::allocator<unsigned char> > >, nlohmann::detail::iterator_input_adapter<__gnu_cxx::__normal_iterator<char const*, std::__cxx11::basic_string<char, std::char_traits<char>, std::allocator<char> > > > >::get_token_string() const
 .text._ZN8nlohmann6detail6parserINS_10basic_jsonISt3mapSt6vectorNSt7__cxx1112basic_stringIcSt11char_traitsIcESaIcEEEbxydSaNS_14adl_serializerES4_IhSaIhEEEENS0_22iterator_input_adapterIN9__gnu_cxx17__normal_iteratorIPKcSA_EEEEE17exception_messageENS0_10lexer_baseISE_E10token_typeERKSA_
                0x000000000001efd0      0x5d4 _build_vvtk_I03S-debug/utils.o
                0x000000000001efd0                nlohmann::detail::parser<nlohmann::basic_json<std::map, std::vector, std::__cxx11::basic_string<char, std::char_traits<char>, std::allocator<char> >, bool, long long, unsigned long long, double, std::allocator, nlohmann::adl_serializer, std::vector<unsigned char, std::allocator<unsigned char> > >, nlohmann::detail::iterator_input_adapter<__gnu_cxx::__normal_iterator<char const*, std::__cxx11::basic_string<char, std::char_traits<char>, std::allocator<char> > > > >::exception_message(nlohmann::detail::lexer_base<nlohmann::basic_json<std::map, std::vector, std::__cxx11::basic_string<char, std::char_traits<char>, std::allocator<char> >, bool, long long, unsigned long long, double, std::allocator, nlohmann::adl_serializer, std::vector<unsigned char, std::allocator<unsigned char> > > >::token_type, std::__cxx11::basic_string<char, std::char_traits<char>, std::allocator<char> > const&)
 .text._ZNSt6vectorINSt7__cxx1112basic_stringIcSt11char_traitsIcESaIcEEESaIS5_EE17_M_realloc_insertIJS5_EEEvN9__gnu_cxx17__normal_iteratorIPS5_S7_EEDpOT_
                0x000000000001f5a4      0x2a0 _build_vvtk_I03S-debug/utils.o
                0x000000000001f5a4                void std::vector<std::__cxx11::basic_string<char, std::char_traits<char>, std::allocator<char> >, std::allocator<std::__cxx11::basic_string<char, std::char_traits<char>, std::allocator<char> > > >::_M_realloc_insert<std::__cxx11::basic_string<char, std::char_traits<char>, std::allocator<char> > >(__gnu_cxx::__normal_iterator<std::__cxx11::basic_string<char, std::char_traits<char>, std::allocator<char> >*, std::vector<std::__cxx11::basic_string<char, std::char_traits<char>, std::allocator<char> >, std::allocator<std::__cxx11::basic_string<char, std::char_traits<char>, std::allocator<char> > > > >, std::__cxx11::basic_string<char, std::char_traits<char>, std::allocator<char> >&&)
 .text._ZNSt7__cxx1112basic_stringIcSt11char_traitsIcESaIcEE12_M_constructIPcEEvT_S7_St20forward_iterator_tag
                0x000000000001f844       0xb0 _build_vvtk_I03S-debug/utils.o
                0x000000000001f844                void std::__cxx11::basic_string<char, std::char_traits<char>, std::allocator<char> >::_M_construct<char*>(char*, char*, std::forward_iterator_tag)
 .text._ZN8nlohmann6detail12out_of_range6createINS_10basic_jsonISt3mapSt6vectorNSt7__cxx1112basic_stringIcSt11char_traitsIcESaIcEEEbxydSaNS_14adl_serializerES5_IhSaIhEEEEEES1_iRKSB_RKT_
                0x000000000001f8f4      0x2a4 _build_vvtk_I03S-debug/utils.o
                0x000000000001f8f4                nlohmann::detail::out_of_range nlohmann::detail::out_of_range::create<nlohmann::basic_json<std::map, std::vector, std::__cxx11::basic_string<char, std::char_traits<char>, std::allocator<char> >, bool, long long, unsigned long long, double, std::allocator, nlohmann::adl_serializer, std::vector<unsigned char, std::allocator<unsigned char> > > >(int, std::__cxx11::basic_string<char, std::char_traits<char>, std::allocator<char> > const&, nlohmann::basic_json<std::map, std::vector, std::__cxx11::basic_string<char, std::char_traits<char>, std::allocator<char> >, bool, long long, unsigned long long, double, std::allocator, nlohmann::adl_serializer, std::vector<unsigned char, std::allocator<unsigned char> > > const&)
 .text._ZN8nlohmann10basic_jsonISt3mapSt6vectorNSt7__cxx1112basic_stringIcSt11char_traitsIcESaIcEEEbxydSaNS_14adl_serializerES2_IhSaIhEEEC2ERKSC_
                0x000000000001fb98      0x2e0 _build_vvtk_I03S-debug/utils.o
                0x000000000001fb98                nlohmann::basic_json<std::map, std::vector, std::__cxx11::basic_string<char, std::char_traits<char>, std::allocator<char> >, bool, long long, unsigned long long, double, std::allocator, nlohmann::adl_serializer, std::vector<unsigned char, std::allocator<unsigned char> > >::basic_json(nlohmann::basic_json<std::map, std::vector, std::__cxx11::basic_string<char, std::char_traits<char>, std::allocator<char> >, bool, long long, unsigned long long, double, std::allocator, nlohmann::adl_serializer, std::vector<unsigned char, std::allocator<unsigned char> > > const&)
                0x000000000001fb98                nlohmann::basic_json<std::map, std::vector, std::__cxx11::basic_string<char, std::char_traits<char>, std::allocator<char> >, bool, long long, unsigned long long, double, std::allocator, nlohmann::adl_serializer, std::vector<unsigned char, std::allocator<unsigned char> > >::basic_json(nlohmann::basic_json<std::map, std::vector, std::__cxx11::basic_string<char, std::char_traits<char>, std::allocator<char> >, bool, long long, unsigned long long, double, std::allocator, nlohmann::adl_serializer, std::vector<unsigned char, std::allocator<unsigned char> > > const&)
 .text._ZN8nlohmann6detail28json_sax_dom_callback_parserINS_10basic_jsonISt3mapSt6vectorNSt7__cxx1112basic_stringIcSt11char_traitsIcESaIcEEEbxydSaNS_14adl_serializerES4_IhSaIhEEEEE9end_arrayEv
                0x000000000001fe78      0x184 _build_vvtk_I03S-debug/utils.o
                0x000000000001fe78                nlohmann::detail::json_sax_dom_callback_parser<nlohmann::basic_json<std::map, std::vector, std::__cxx11::basic_string<char, std::char_traits<char>, std::allocator<char> >, bool, long long, unsigned long long, double, std::allocator, nlohmann::adl_serializer, std::vector<unsigned char, std::allocator<unsigned char> > > >::end_array()
 .text._ZNSt8_Rb_treeINSt7__cxx1112basic_stringIcSt11char_traitsIcESaIcEEESt4pairIKS5_N8nlohmann10basic_jsonISt3mapSt6vectorS5_bxydSaNS8_14adl_serializerESB_IhSaIhEEEEESt10_Select1stISG_ESt4lessIvESaISG_EE7_M_copyINSM_11_Alloc_nodeEEEPSt13_Rb_tree_nodeISG_EPKSQ_PSt18_Rb_tree_node_baseRT_.isra.0
                0x000000000001fffc      0x2c0 _build_vvtk_I03S-debug/utils.o
 .text._ZNSt13_Bvector_baseISaIbEE13_M_deallocateEv
                0x00000000000202bc       0x40 _build_vvtk_I03S-debug/utils.o
                0x00000000000202bc                std::_Bvector_base<std::allocator<bool> >::_M_deallocate()
 .text._ZNSt6vectorIbSaIbEE13_M_insert_auxESt13_Bit_iteratorb
                0x00000000000202fc      0x308 _build_vvtk_I03S-debug/utils.o
                0x00000000000202fc                std::vector<bool, std::allocator<bool> >::_M_insert_aux(std::_Bit_iterator, bool)
 .text._ZNSt6vectorIbSaIbEE9push_backEb
                0x0000000000020604       0x7c _build_vvtk_I03S-debug/utils.o
                0x0000000000020604                std::vector<bool, std::allocator<bool> >::push_back(bool)
 .text._ZN8nlohmann6detail28json_sax_dom_callback_parserINS_10basic_jsonISt3mapSt6vectorNSt7__cxx1112basic_stringIcSt11char_traitsIcESaIcEEEbxydSaNS_14adl_serializerES4_IhSaIhEEEEE12handle_valueINS0_7value_tEEESt4pairIbPSE_EOT_b
                0x0000000000020680      0x2e4 _build_vvtk_I03S-debug/utils.o
                0x0000000000020680                std::pair<bool, nlohmann::basic_json<std::map, std::vector, std::__cxx11::basic_string<char, std::char_traits<char>, std::allocator<char> >, bool, long long, unsigned long long, double, std::allocator, nlohmann::adl_serializer, std::vector<unsigned char, std::allocator<unsigned char> > >*> nlohmann::detail::json_sax_dom_callback_parser<nlohmann::basic_json<std::map, std::vector, std::__cxx11::basic_string<char, std::char_traits<char>, std::allocator<char> >, bool, long long, unsigned long long, double, std::allocator, nlohmann::adl_serializer, std::vector<unsigned char, std::allocator<unsigned char> > > >::handle_value<nlohmann::detail::value_t>(nlohmann::detail::value_t&&, bool)
 .text._ZN8nlohmann10basic_jsonISt3mapSt6vectorNSt7__cxx1112basic_stringIcSt11char_traitsIcESaIcEEEbxydSaNS_14adl_serializerES2_IhSaIhEEE5eraseINS_6detail9iter_implISC_EELi0EEET_SH_
                0x0000000000020964      0x3c4 _build_vvtk_I03S-debug/utils.o
                0x0000000000020964                nlohmann::detail::iter_impl<nlohmann::basic_json<std::map, std::vector, std::__cxx11::basic_string<char, std::char_traits<char>, std::allocator<char> >, bool, long long, unsigned long long, double, std::allocator, nlohmann::adl_serializer, std::vector<unsigned char, std::allocator<unsigned char> > > > nlohmann::basic_json<std::map, std::vector, std::__cxx11::basic_string<char, std::char_traits<char>, std::allocator<char> >, bool, long long, unsigned long long, double, std::allocator, nlohmann::adl_serializer, std::vector<unsigned char, std::allocator<unsigned char> > >::erase<nlohmann::detail::iter_impl<nlohmann::basic_json<std::map, std::vector, std::__cxx11::basic_string<char, std::char_traits<char>, std::allocator<char> >, bool, long long, unsigned long long, double, std::allocator, nlohmann::adl_serializer, std::vector<unsigned char, std::allocator<unsigned char> > > >, 0>(nlohmann::detail::iter_impl<nlohmann::basic_json<std::map, std::vector, std::__cxx11::basic_string<char, std::char_traits<char>, std::allocator<char> >, bool, long long, unsigned long long, double, std::allocator, nlohmann::adl_serializer, std::vector<unsigned char, std::allocator<unsigned char> > > >)
 .text._ZN8nlohmann6detail28json_sax_dom_callback_parserINS_10basic_jsonISt3mapSt6vectorNSt7__cxx1112basic_stringIcSt11char_traitsIcESaIcEEEbxydSaNS_14adl_serializerES4_IhSaIhEEEEE10end_objectEv
                0x0000000000020d28      0x3ac _build_vvtk_I03S-debug/utils.o
                0x0000000000020d28                nlohmann::detail::json_sax_dom_callback_parser<nlohmann::basic_json<std::map, std::vector, std::__cxx11::basic_string<char, std::char_traits<char>, std::allocator<char> >, bool, long long, unsigned long long, double, std::allocator, nlohmann::adl_serializer, std::vector<unsigned char, std::allocator<unsigned char> > > >::end_object()
 .text._ZN8nlohmann10basic_jsonISt3mapSt6vectorNSt7__cxx1112basic_stringIcSt11char_traitsIcESaIcEEEbxydSaNS_14adl_serializerES2_IhSaIhEEEC2IRS8_S8_Li0EEEOT_
                0x00000000000210d4      0x100 _build_vvtk_I03S-debug/utils.o
                0x00000000000210d4                nlohmann::basic_json<std::map, std::vector, std::__cxx11::basic_string<char, std::char_traits<char>, std::allocator<char> >, bool, long long, unsigned long long, double, std::allocator, nlohmann::adl_serializer, std::vector<unsigned char, std::allocator<unsigned char> > >::basic_json<std::__cxx11::basic_string<char, std::char_traits<char>, std::allocator<char> >&, std::__cxx11::basic_string<char, std::char_traits<char>, std::allocator<char> >, 0>(std::__cxx11::basic_string<char, std::char_traits<char>, std::allocator<char> >&)
                0x00000000000210d4                nlohmann::basic_json<std::map, std::vector, std::__cxx11::basic_string<char, std::char_traits<char>, std::allocator<char> >, bool, long long, unsigned long long, double, std::allocator, nlohmann::adl_serializer, std::vector<unsigned char, std::allocator<unsigned char> > >::basic_json<std::__cxx11::basic_string<char, std::char_traits<char>, std::allocator<char> >&, std::__cxx11::basic_string<char, std::char_traits<char>, std::allocator<char> >, 0>(std::__cxx11::basic_string<char, std::char_traits<char>, std::allocator<char> >&)
 .text._ZN8nlohmann6detail28json_sax_dom_callback_parserINS_10basic_jsonISt3mapSt6vectorNSt7__cxx1112basic_stringIcSt11char_traitsIcESaIcEEEbxydSaNS_14adl_serializerES4_IhSaIhEEEEE12handle_valueIRbEESt4pairIbPSE_EOT_b
                0x00000000000211d4      0x304 _build_vvtk_I03S-debug/utils.o
                0x00000000000211d4                std::pair<bool, nlohmann::basic_json<std::map, std::vector, std::__cxx11::basic_string<char, std::char_traits<char>, std::allocator<char> >, bool, long long, unsigned long long, double, std::allocator, nlohmann::adl_serializer, std::vector<unsigned char, std::allocator<unsigned char> > >*> nlohmann::detail::json_sax_dom_callback_parser<nlohmann::basic_json<std::map, std::vector, std::__cxx11::basic_string<char, std::char_traits<char>, std::allocator<char> >, bool, long long, unsigned long long, double, std::allocator, nlohmann::adl_serializer, std::vector<unsigned char, std::allocator<unsigned char> > > >::handle_value<bool&>(bool&, bool)
 .text._ZNSt8_Rb_treeINSt7__cxx1112basic_stringIcSt11char_traitsIcESaIcEEESt4pairIKS5_N8nlohmann10basic_jsonISt3mapSt6vectorS5_bxydSaNS8_14adl_serializerESB_IhSaIhEEEEESt10_Select1stISG_ESt4lessIvESaISG_EE24_M_get_insert_unique_posERS7_
                0x00000000000214d8      0x134 _build_vvtk_I03S-debug/utils.o
                0x00000000000214d8                std::_Rb_tree<std::__cxx11::basic_string<char, std::char_traits<char>, std::allocator<char> >, std::pair<std::__cxx11::basic_string<char, std::char_traits<char>, std::allocator<char> > const, nlohmann::basic_json<std::map, std::vector, std::__cxx11::basic_string<char, std::char_traits<char>, std::allocator<char> >, bool, long long, unsigned long long, double, std::allocator, nlohmann::adl_serializer, std::vector<unsigned char, std::allocator<unsigned char> > > >, std::_Select1st<std::pair<std::__cxx11::basic_string<char, std::char_traits<char>, std::allocator<char> > const, nlohmann::basic_json<std::map, std::vector, std::__cxx11::basic_string<char, std::char_traits<char>, std::allocator<char> >, bool, long long, unsigned long long, double, std::allocator, nlohmann::adl_serializer, std::vector<unsigned char, std::allocator<unsigned char> > > > >, std::less<void>, std::allocator<std::pair<std::__cxx11::basic_string<char, std::char_traits<char>, std::allocator<char> > const, nlohmann::basic_json<std::map, std::vector, std::__cxx11::basic_string<char, std::char_traits<char>, std::allocator<char> >, bool, long long, unsigned long long, double, std::allocator, nlohmann::adl_serializer, std::vector<unsigned char, std::allocator<unsigned char> > > > > >::_M_get_insert_unique_pos(std::__cxx11::basic_string<char, std::char_traits<char>, std::allocator<char> > const&)
 .text._ZNSt3mapINSt7__cxx1112basic_stringIcSt11char_traitsIcESaIcEEEN8nlohmann10basic_jsonIS_St6vectorS5_bxydSaNS6_14adl_serializerES8_IhSaIhEEEESt4lessIvESaISt4pairIKS5_SC_EEEixERSG_
                0x000000000002160c      0x104 _build_vvtk_I03S-debug/utils.o
                0x000000000002160c                std::map<std::__cxx11::basic_string<char, std::char_traits<char>, std::allocator<char> >, nlohmann::basic_json<std::map, std::vector, std::__cxx11::basic_string<char, std::char_traits<char>, std::allocator<char> >, bool, long long, unsigned long long, double, std::allocator, nlohmann::adl_serializer, std::vector<unsigned char, std::allocator<unsigned char> > >, std::less<void>, std::allocator<std::pair<std::__cxx11::basic_string<char, std::char_traits<char>, std::allocator<char> > const, nlohmann::basic_json<std::map, std::vector, std::__cxx11::basic_string<char, std::char_traits<char>, std::allocator<char> >, bool, long long, unsigned long long, double, std::allocator, nlohmann::adl_serializer, std::vector<unsigned char, std::allocator<unsigned char> > > > > >::operator[](std::__cxx11::basic_string<char, std::char_traits<char>, std::allocator<char> > const&)
 .text._ZN8nlohmann6detail28json_sax_dom_callback_parserINS_10basic_jsonISt3mapSt6vectorNSt7__cxx1112basic_stringIcSt11char_traitsIcESaIcEEEbxydSaNS_14adl_serializerES4_IhSaIhEEEEE3keyERSA_
                0x0000000000021710      0x2a4 _build_vvtk_I03S-debug/utils.o
                0x0000000000021710                nlohmann::detail::json_sax_dom_callback_parser<nlohmann::basic_json<std::map, std::vector, std::__cxx11::basic_string<char, std::char_traits<char>, std::allocator<char> >, bool, long long, unsigned long long, double, std::allocator, nlohmann::adl_serializer, std::vector<unsigned char, std::allocator<unsigned char> > > >::key(std::__cxx11::basic_string<char, std::char_traits<char>, std::allocator<char> >&)
 .text._ZN8nlohmann10basic_jsonISt3mapSt6vectorNSt7__cxx1112basic_stringIcSt11char_traitsIcESaIcEEEbxydSaNS_14adl_serializerES2_IhSaIhEEEC2ESt16initializer_listINS_6detail8json_refISC_EEEbNSE_7value_tE
                0x00000000000219b4      0x5fc _build_vvtk_I03S-debug/utils.o
                0x00000000000219b4                nlohmann::basic_json<std::map, std::vector, std::__cxx11::basic_string<char, std::char_traits<char>, std::allocator<char> >, bool, long long, unsigned long long, double, std::allocator, nlohmann::adl_serializer, std::vector<unsigned char, std::allocator<unsigned char> > >::basic_json(std::initializer_list<nlohmann::detail::json_ref<nlohmann::basic_json<std::map, std::vector, std::__cxx11::basic_string<char, std::char_traits<char>, std::allocator<char> >, bool, long long, unsigned long long, double, std::allocator, nlohmann::adl_serializer, std::vector<unsigned char, std::allocator<unsigned char> > > > >, bool, nlohmann::detail::value_t)
                0x00000000000219b4                nlohmann::basic_json<std::map, std::vector, std::__cxx11::basic_string<char, std::char_traits<char>, std::allocator<char> >, bool, long long, unsigned long long, double, std::allocator, nlohmann::adl_serializer, std::vector<unsigned char, std::allocator<unsigned char> > >::basic_json(std::initializer_list<nlohmann::detail::json_ref<nlohmann::basic_json<std::map, std::vector, std::__cxx11::basic_string<char, std::char_traits<char>, std::allocator<char> >, bool, long long, unsigned long long, double, std::allocator, nlohmann::adl_serializer, std::vector<unsigned char, std::allocator<unsigned char> > > > >, bool, nlohmann::detail::value_t)
 .text._ZNSt6vectorIPN8nlohmann10basic_jsonISt3mapS_NSt7__cxx1112basic_stringIcSt11char_traitsIcESaIcEEEbxydSaNS0_14adl_serializerES_IhSaIhEEEESaISD_EE17_M_realloc_insertIJRKSD_EEEvN9__gnu_cxx17__normal_iteratorIPSD_SF_EEDpOT_
                0x0000000000021fb0      0x114 _build_vvtk_I03S-debug/utils.o
                0x0000000000021fb0                void std::vector<nlohmann::basic_json<std::map, std::vector, std::__cxx11::basic_string<char, std::char_traits<char>, std::allocator<char> >, bool, long long, unsigned long long, double, std::allocator, nlohmann::adl_serializer, std::vector<unsigned char, std::allocator<unsigned char> > >*, std::allocator<nlohmann::basic_json<std::map, std::vector, std::__cxx11::basic_string<char, std::char_traits<char>, std::allocator<char> >, bool, long long, unsigned long long, double, std::allocator, nlohmann::adl_serializer, std::vector<unsigned char, std::allocator<unsigned char> > >*> >::_M_realloc_insert<nlohmann::basic_json<std::map, std::vector, std::__cxx11::basic_string<char, std::char_traits<char>, std::allocator<char> >, bool, long long, unsigned long long, double, std::allocator, nlohmann::adl_serializer, std::vector<unsigned char, std::allocator<unsigned char> > >* const&>(__gnu_cxx::__normal_iterator<nlohmann::basic_json<std::map, std::vector, std::__cxx11::basic_string<char, std::char_traits<char>, std::allocator<char> >, bool, long long, unsigned long long, double, std::allocator, nlohmann::adl_serializer, std::vector<unsigned char, std::allocator<unsigned char> > >**, std::vector<nlohmann::basic_json<std::map, std::vector, std::__cxx11::basic_string<char, std::char_traits<char>, std::allocator<char> >, bool, long long, unsigned long long, double, std::allocator, nlohmann::adl_serializer, std::vector<unsigned char, std::allocator<unsigned char> > >*, std::allocator<nlohmann::basic_json<std::map, std::vector, std::__cxx11::basic_string<char, std::char_traits<char>, std::allocator<char> >, bool, long long, unsigned long long, double, std::allocator, nlohmann::adl_serializer, std::vector<unsigned char, std::allocator<unsigned char> > >*> > >, nlohmann::basic_json<std::map, std::vector, std::__cxx11::basic_string<char, std::char_traits<char>, std::allocator<char> >, bool, long long, unsigned long long, double, std::allocator, nlohmann::adl_serializer, std::vector<unsigned char, std::allocator<unsigned char> > >* const&)
 .text._ZNSt6vectorIN8nlohmann10basic_jsonISt3mapS_NSt7__cxx1112basic_stringIcSt11char_traitsIcESaIcEEEbxydSaNS0_14adl_serializerES_IhSaIhEEEESaISC_EE12emplace_backIJRbEEERSC_DpOT_
                0x00000000000220c4      0x2fc _build_vvtk_I03S-debug/utils.o
                0x00000000000220c4                nlohmann::basic_json<std::map, std::vector, std::__cxx11::basic_string<char, std::char_traits<char>, std::allocator<char> >, bool, long long, unsigned long long, double, std::allocator, nlohmann::adl_serializer, std::vector<unsigned char, std::allocator<unsigned char> > >& std::vector<nlohmann::basic_json<std::map, std::vector, std::__cxx11::basic_string<char, std::char_traits<char>, std::allocator<char> >, bool, long long, unsigned long long, double, std::allocator, nlohmann::adl_serializer, std::vector<unsigned char, std::allocator<unsigned char> > >, std::allocator<nlohmann::basic_json<std::map, std::vector, std::__cxx11::basic_string<char, std::char_traits<char>, std::allocator<char> >, bool, long long, unsigned long long, double, std::allocator, nlohmann::adl_serializer, std::vector<unsigned char, std::allocator<unsigned char> > > > >::emplace_back<bool&>(bool&)
 .text._ZN8nlohmann6detail19json_sax_dom_parserINS_10basic_jsonISt3mapSt6vectorNSt7__cxx1112basic_stringIcSt11char_traitsIcESaIcEEEbxydSaNS_14adl_serializerES4_IhSaIhEEEEE12handle_valueIRbEEPSE_OT_
                0x00000000000223c0      0x158 _build_vvtk_I03S-debug/utils.o
                0x00000000000223c0                nlohmann::basic_json<std::map, std::vector, std::__cxx11::basic_string<char, std::char_traits<char>, std::allocator<char> >, bool, long long, unsigned long long, double, std::allocator, nlohmann::adl_serializer, std::vector<unsigned char, std::allocator<unsigned char> > >* nlohmann::detail::json_sax_dom_parser<nlohmann::basic_json<std::map, std::vector, std::__cxx11::basic_string<char, std::char_traits<char>, std::allocator<char> >, bool, long long, unsigned long long, double, std::allocator, nlohmann::adl_serializer, std::vector<unsigned char, std::allocator<unsigned char> > > >::handle_value<bool&>(bool&)
 .text._ZNSt6vectorIN8nlohmann10basic_jsonISt3mapS_NSt7__cxx1112basic_stringIcSt11char_traitsIcESaIcEEEbxydSaNS0_14adl_serializerES_IhSaIhEEEESaISC_EE17_M_realloc_insertIJNS0_6detail7value_tEEEEvN9__gnu_cxx17__normal_iteratorIPSC_SE_EEDpOT_
                0x0000000000022518      0x3e8 _build_vvtk_I03S-debug/utils.o
                0x0000000000022518                void std::vector<nlohmann::basic_json<std::map, std::vector, std::__cxx11::basic_string<char, std::char_traits<char>, std::allocator<char> >, bool, long long, unsigned long long, double, std::allocator, nlohmann::adl_serializer, std::vector<unsigned char, std::allocator<unsigned char> > >, std::allocator<nlohmann::basic_json<std::map, std::vector, std::__cxx11::basic_string<char, std::char_traits<char>, std::allocator<char> >, bool, long long, unsigned long long, double, std::allocator, nlohmann::adl_serializer, std::vector<unsigned char, std::allocator<unsigned char> > > > >::_M_realloc_insert<nlohmann::detail::value_t>(__gnu_cxx::__normal_iterator<nlohmann::basic_json<std::map, std::vector, std::__cxx11::basic_string<char, std::char_traits<char>, std::allocator<char> >, bool, long long, unsigned long long, double, std::allocator, nlohmann::adl_serializer, std::vector<unsigned char, std::allocator<unsigned char> > >*, std::vector<nlohmann::basic_json<std::map, std::vector, std::__cxx11::basic_string<char, std::char_traits<char>, std::allocator<char> >, bool, long long, unsigned long long, double, std::allocator, nlohmann::adl_serializer, std::vector<unsigned char, std::allocator<unsigned char> > >, std::allocator<nlohmann::basic_json<std::map, std::vector, std::__cxx11::basic_string<char, std::char_traits<char>, std::allocator<char> >, bool, long long, unsigned long long, double, std::allocator, nlohmann::adl_serializer, std::vector<unsigned char, std::allocator<unsigned char> > > > > >, nlohmann::detail::value_t&&)
 .text._ZNSt6vectorIPN8nlohmann10basic_jsonISt3mapS_NSt7__cxx1112basic_stringIcSt11char_traitsIcESaIcEEEbxydSaNS0_14adl_serializerES_IhSaIhEEEESaISD_EE17_M_realloc_insertIJSD_EEEvN9__gnu_cxx17__normal_iteratorIPSD_SF_EEDpOT_
                0x0000000000022900      0x114 _build_vvtk_I03S-debug/utils.o
                0x0000000000022900                void std::vector<nlohmann::basic_json<std::map, std::vector, std::__cxx11::basic_string<char, std::char_traits<char>, std::allocator<char> >, bool, long long, unsigned long long, double, std::allocator, nlohmann::adl_serializer, std::vector<unsigned char, std::allocator<unsigned char> > >*, std::allocator<nlohmann::basic_json<std::map, std::vector, std::__cxx11::basic_string<char, std::char_traits<char>, std::allocator<char> >, bool, long long, unsigned long long, double, std::allocator, nlohmann::adl_serializer, std::vector<unsigned char, std::allocator<unsigned char> > >*> >::_M_realloc_insert<nlohmann::basic_json<std::map, std::vector, std::__cxx11::basic_string<char, std::char_traits<char>, std::allocator<char> >, bool, long long, unsigned long long, double, std::allocator, nlohmann::adl_serializer, std::vector<unsigned char, std::allocator<unsigned char> > >*>(__gnu_cxx::__normal_iterator<nlohmann::basic_json<std::map, std::vector, std::__cxx11::basic_string<char, std::char_traits<char>, std::allocator<char> >, bool, long long, unsigned long long, double, std::allocator, nlohmann::adl_serializer, std::vector<unsigned char, std::allocator<unsigned char> > >**, std::vector<nlohmann::basic_json<std::map, std::vector, std::__cxx11::basic_string<char, std::char_traits<char>, std::allocator<char> >, bool, long long, unsigned long long, double, std::allocator, nlohmann::adl_serializer, std::vector<unsigned char, std::allocator<unsigned char> > >*, std::allocator<nlohmann::basic_json<std::map, std::vector, std::__cxx11::basic_string<char, std::char_traits<char>, std::allocator<char> >, bool, long long, unsigned long long, double, std::allocator, nlohmann::adl_serializer, std::vector<unsigned char, std::allocator<unsigned char> > >*> > >, nlohmann::basic_json<std::map, std::vector, std::__cxx11::basic_string<char, std::char_traits<char>, std::allocator<char> >, bool, long long, unsigned long long, double, std::allocator, nlohmann::adl_serializer, std::vector<unsigned char, std::allocator<unsigned char> > >*&&)
 .text._ZNSt6vectorIN8nlohmann10basic_jsonISt3mapS_NSt7__cxx1112basic_stringIcSt11char_traitsIcESaIcEEEbxydSaNS0_14adl_serializerES_IhSaIhEEEESaISC_EE17_M_realloc_insertIJRS8_EEEvN9__gnu_cxx17__normal_iteratorIPSC_SE_EEDpOT_
                0x0000000000022a14      0x440 _build_vvtk_I03S-debug/utils.o
                0x0000000000022a14                void std::vector<nlohmann::basic_json<std::map, std::vector, std::__cxx11::basic_string<char, std::char_traits<char>, std::allocator<char> >, bool, long long, unsigned long long, double, std::allocator, nlohmann::adl_serializer, std::vector<unsigned char, std::allocator<unsigned char> > >, std::allocator<nlohmann::basic_json<std::map, std::vector, std::__cxx11::basic_string<char, std::char_traits<char>, std::allocator<char> >, bool, long long, unsigned long long, double, std::allocator, nlohmann::adl_serializer, std::vector<unsigned char, std::allocator<unsigned char> > > > >::_M_realloc_insert<std::__cxx11::basic_string<char, std::char_traits<char>, std::allocator<char> >&>(__gnu_cxx::__normal_iterator<nlohmann::basic_json<std::map, std::vector, std::__cxx11::basic_string<char, std::char_traits<char>, std::allocator<char> >, bool, long long, unsigned long long, double, std::allocator, nlohmann::adl_serializer, std::vector<unsigned char, std::allocator<unsigned char> > >*, std::vector<nlohmann::basic_json<std::map, std::vector, std::__cxx11::basic_string<char, std::char_traits<char>, std::allocator<char> >, bool, long long, unsigned long long, double, std::allocator, nlohmann::adl_serializer, std::vector<unsigned char, std::allocator<unsigned char> > >, std::allocator<nlohmann::basic_json<std::map, std::vector, std::__cxx11::basic_string<char, std::char_traits<char>, std::allocator<char> >, bool, long long, unsigned long long, double, std::allocator, nlohmann::adl_serializer, std::vector<unsigned char, std::allocator<unsigned char> > > > > >, std::__cxx11::basic_string<char, std::char_traits<char>, std::allocator<char> >&)
 *fill*         0x0000000000022e54        0x4 
 .text._ZN8nlohmann6detail9dtoa_impl18compute_boundariesIdEENS1_10boundariesET_
                0x0000000000022e58      0x228 _build_vvtk_I03S-debug/utils.o
                0x0000000000022e58                nlohmann::detail::dtoa_impl::boundaries nlohmann::detail::dtoa_impl::compute_boundaries<double>(double)
 .text._ZN8nlohmann6detail9dtoa_impl6grisu2IdEEvPcRiS4_T_
                0x0000000000023080      0xdc8 _build_vvtk_I03S-debug/utils.o
                0x0000000000023080                void nlohmann::detail::dtoa_impl::grisu2<double>(char*, int&, int&, double)
 .text._ZN8nlohmann6detail8to_charsIdEEPcS2_PKcT_
                0x0000000000023e48      0x370 _build_vvtk_I03S-debug/utils.o
                0x0000000000023e48                char* nlohmann::detail::to_chars<double>(char*, char const*, double)
 .text._ZN8nlohmann6detail10serializerINS_10basic_jsonISt3mapSt6vectorNSt7__cxx1112basic_stringIcSt11char_traitsIcESaIcEEEbxydSaNS_14adl_serializerES4_IhSaIhEEEEE4dumpERKSE_bbjj
                0x00000000000241b8     0x1794 _build_vvtk_I03S-debug/utils.o
                0x00000000000241b8                nlohmann::detail::serializer<nlohmann::basic_json<std::map, std::vector, std::__cxx11::basic_string<char, std::char_traits<char>, std::allocator<char> >, bool, long long, unsigned long long, double, std::allocator, nlohmann::adl_serializer, std::vector<unsigned char, std::allocator<unsigned char> > > >::dump(nlohmann::basic_json<std::map, std::vector, std::__cxx11::basic_string<char, std::char_traits<char>, std::allocator<char> >, bool, long long, unsigned long long, double, std::allocator, nlohmann::adl_serializer, std::vector<unsigned char, std::allocator<unsigned char> > > const&, bool, bool, unsigned int, unsigned int)
 .text._ZNK8nlohmann10basic_jsonISt3mapSt6vectorNSt7__cxx1112basic_stringIcSt11char_traitsIcESaIcEEEbxydSaNS_14adl_serializerES2_IhSaIhEEE4dumpEicbNS_6detail15error_handler_tE
                0x000000000002594c      0x340 _build_vvtk_I03S-debug/utils.o
                0x000000000002594c                nlohmann::basic_json<std::map, std::vector, std::__cxx11::basic_string<char, std::char_traits<char>, std::allocator<char> >, bool, long long, unsigned long long, double, std::allocator, nlohmann::adl_serializer, std::vector<unsigned char, std::allocator<unsigned char> > >::dump(int, char, bool, nlohmann::detail::error_handler_t) const
 .text._ZNSt6vectorIcSaIcEE17_M_realloc_insertIJcEEEvN9__gnu_cxx17__normal_iteratorIPcS1_EEDpOT_
                0x0000000000025c8c      0x114 _build_vvtk_I03S-debug/utils.o
                0x0000000000025c8c                void std::vector<char, std::allocator<char> >::_M_realloc_insert<char>(__gnu_cxx::__normal_iterator<char*, std::vector<char, std::allocator<char> > >, char&&)
 .text._ZN8nlohmann6detail5lexerINS_10basic_jsonISt3mapSt6vectorNSt7__cxx1112basic_stringIcSt11char_traitsIcESaIcEEEbxydSaNS_14adl_serializerES4_IhSaIhEEEENS0_22iterator_input_adapterIN9__gnu_cxx17__normal_iteratorIPKcSA_EEEEE3getEv
                0x0000000000025da0       0xc4 _build_vvtk_I03S-debug/utils.o
                0x0000000000025da0                nlohmann::detail::lexer<nlohmann::basic_json<std::map, std::vector, std::__cxx11::basic_string<char, std::char_traits<char>, std::allocator<char> >, bool, long long, unsigned long long, double, std::allocator, nlohmann::adl_serializer, std::vector<unsigned char, std::allocator<unsigned char> > >, nlohmann::detail::iterator_input_adapter<__gnu_cxx::__normal_iterator<char const*, std::__cxx11::basic_string<char, std::char_traits<char>, std::allocator<char> > > > >::get()
 .text._ZN8nlohmann6detail5lexerINS_10basic_jsonISt3mapSt6vectorNSt7__cxx1112basic_stringIcSt11char_traitsIcESaIcEEEbxydSaNS_14adl_serializerES4_IhSaIhEEEENS0_22iterator_input_adapterIN9__gnu_cxx17__normal_iteratorIPKcSA_EEEEE18next_byte_in_rangeESt16initializer_listIiE
                0x0000000000025e64      0x258 _build_vvtk_I03S-debug/utils.o
                0x0000000000025e64                nlohmann::detail::lexer<nlohmann::basic_json<std::map, std::vector, std::__cxx11::basic_string<char, std::char_traits<char>, std::allocator<char> >, bool, long long, unsigned long long, double, std::allocator, nlohmann::adl_serializer, std::vector<unsigned char, std::allocator<unsigned char> > >, nlohmann::detail::iterator_input_adapter<__gnu_cxx::__normal_iterator<char const*, std::__cxx11::basic_string<char, std::char_traits<char>, std::allocator<char> > > > >::next_byte_in_range(std::initializer_list<int>)
 .text._ZN8nlohmann6detail5lexerINS_10basic_jsonISt3mapSt6vectorNSt7__cxx1112basic_stringIcSt11char_traitsIcESaIcEEEbxydSaNS_14adl_serializerES4_IhSaIhEEEENS0_22iterator_input_adapterIN9__gnu_cxx17__normal_iteratorIPKcSA_EEEEE13get_codepointEv